Component: ARM Compiler 5.06 update 6 (build 750) Tool: armlink [4d35ed]

==============================================================================

Section Cross References

    startup_stm32f746xx.o(RESET) refers to startup_stm32f746xx.o(STACK) for __initial_sp
    startup_stm32f746xx.o(RESET) refers to startup_stm32f746xx.o(.text) for Reset_Handler
    startup_stm32f746xx.o(RESET) refers to stm32f7xx_it.o(i.NMI_Handler) for NMI_Handler
    startup_stm32f746xx.o(RESET) refers to stm32f7xx_it.o(i.HardFault_Handler) for HardFault_Handler
    startup_stm32f746xx.o(RESET) refers to stm32f7xx_it.o(i.MemManage_Handler) for MemManage_Handler
    startup_stm32f746xx.o(RESET) refers to stm32f7xx_it.o(i.BusFault_Handler) for BusFault_Handler
    startup_stm32f746xx.o(RESET) refers to stm32f7xx_it.o(i.UsageFault_Handler) for UsageFault_Handler
    startup_stm32f746xx.o(RESET) refers to stm32f7xx_it.o(i.SVC_Handler) for SVC_Handler
    startup_stm32f746xx.o(RESET) refers to stm32f7xx_it.o(i.DebugMon_Handler) for DebugMon_Handler
    startup_stm32f746xx.o(RESET) refers to stm32f7xx_it.o(i.PendSV_Handler) for PendSV_Handler
    startup_stm32f746xx.o(RESET) refers to stm32f7xx_it.o(i.SysTick_Handler) for SysTick_Handler
    startup_stm32f746xx.o(RESET) refers to stm32f7xx_it.o(i.ADC_IRQHandler) for ADC_IRQHandler
    startup_stm32f746xx.o(RESET) refers to stm32f7xx_it.o(i.TIM3_IRQHandler) for TIM3_IRQHandler
    startup_stm32f746xx.o(RESET) refers to stm32f7xx_it.o(i.DMA2_Stream0_IRQHandler) for DMA2_Stream0_IRQHandler
    startup_stm32f746xx.o(RESET) refers to stm32f7xx_it.o(i.OTG_FS_IRQHandler) for OTG_FS_IRQHandler
    startup_stm32f746xx.o(.text) refers to system_stm32f7xx.o(i.SystemInit) for SystemInit
    startup_stm32f746xx.o(.text) refers to entry.o(.ARM.Collect$$$$00000000) for __main
    main.o(i.DWT_Delay) refers to system_stm32f7xx.o(.data) for SystemCoreClock
    main.o(i.HAL_ADC_ConvCpltCallback) refers to stm32f7xx_hal_cortex.o(i.HAL_NVIC_DisableIRQ) for HAL_NVIC_DisableIRQ
    main.o(i.HAL_ADC_ConvCpltCallback) refers to main.o(.data) for .data
    main.o(i.HAL_TIM_PeriodElapsedCallback) refers to stm32f7xx_hal_cortex.o(i.HAL_NVIC_DisableIRQ) for HAL_NVIC_DisableIRQ
    main.o(i.HAL_TIM_PeriodElapsedCallback) refers to stm32f7xx_hal_adc.o(i.HAL_ADC_Start_DMA) for HAL_ADC_Start_DMA
    main.o(i.HAL_TIM_PeriodElapsedCallback) refers to main.o(.data) for .data
    main.o(i.HAL_TIM_PeriodElapsedCallback) refers to main.o(.bss) for .bss
    main.o(i.MX_ADC1_Init) refers to stm32f7xx_hal_adc.o(i.HAL_ADC_Init) for HAL_ADC_Init
    main.o(i.MX_ADC1_Init) refers to stm32f7xx_hal_adc.o(i.HAL_ADC_ConfigChannel) for HAL_ADC_ConfigChannel
    main.o(i.MX_ADC1_Init) refers to main.o(.bss) for .bss
    main.o(i.MX_GPIO_Init) refers to memseta.o(.text) for __aeabi_memclr4
    main.o(i.MX_GPIO_Init) refers to stm32f7xx_hal_gpio.o(i.HAL_GPIO_WritePin) for HAL_GPIO_WritePin
    main.o(i.MX_GPIO_Init) refers to stm32f7xx_hal_gpio.o(i.HAL_GPIO_Init) for HAL_GPIO_Init
    main.o(i.MX_SPI1_Init) refers to stm32f7xx_hal_spi.o(i.HAL_SPI_Init) for HAL_SPI_Init
    main.o(i.MX_SPI1_Init) refers to main.o(.bss) for .bss
    main.o(i.MX_TIM1_Init) refers to memseta.o(.text) for __aeabi_memclr4
    main.o(i.MX_TIM1_Init) refers to stm32f7xx_hal_tim.o(i.HAL_TIM_Encoder_Init) for HAL_TIM_Encoder_Init
    main.o(i.MX_TIM1_Init) refers to stm32f7xx_hal_tim_ex.o(i.HAL_TIMEx_MasterConfigSynchronization) for HAL_TIMEx_MasterConfigSynchronization
    main.o(i.MX_TIM1_Init) refers to main.o(.bss) for .bss
    main.o(i.MX_TIM3_Init) refers to memseta.o(.text) for __aeabi_memclr4
    main.o(i.MX_TIM3_Init) refers to stm32f7xx_hal_tim.o(i.HAL_TIM_Base_Init) for HAL_TIM_Base_Init
    main.o(i.MX_TIM3_Init) refers to stm32f7xx_hal_tim.o(i.HAL_TIM_ConfigClockSource) for HAL_TIM_ConfigClockSource
    main.o(i.MX_TIM3_Init) refers to stm32f7xx_hal_tim.o(i.HAL_TIM_PWM_Init) for HAL_TIM_PWM_Init
    main.o(i.MX_TIM3_Init) refers to stm32f7xx_hal_tim_ex.o(i.HAL_TIMEx_MasterConfigSynchronization) for HAL_TIMEx_MasterConfigSynchronization
    main.o(i.MX_TIM3_Init) refers to stm32f7xx_hal_tim.o(i.HAL_TIM_PWM_ConfigChannel) for HAL_TIM_PWM_ConfigChannel
    main.o(i.MX_TIM3_Init) refers to stm32f7xx_hal_msp.o(i.HAL_TIM_MspPostInit) for HAL_TIM_MspPostInit
    main.o(i.MX_TIM3_Init) refers to main.o(.bss) for .bss
    main.o(i.MX_USART2_UART_Init) refers to stm32f7xx_hal_uart.o(i.HAL_UART_Init) for HAL_UART_Init
    main.o(i.MX_USART2_UART_Init) refers to main.o(.bss) for .bss
    main.o(i.SystemClock_Config) refers to memseta.o(.text) for __aeabi_memclr4
    main.o(i.SystemClock_Config) refers to stm32f7xx_hal_rcc.o(i.HAL_RCC_OscConfig) for HAL_RCC_OscConfig
    main.o(i.SystemClock_Config) refers to stm32f7xx_hal_pwr_ex.o(i.HAL_PWREx_EnableOverDrive) for HAL_PWREx_EnableOverDrive
    main.o(i.SystemClock_Config) refers to stm32f7xx_hal_rcc.o(i.HAL_RCC_ClockConfig) for HAL_RCC_ClockConfig
[...]
    USBD_CDC_EP0_RxReady                     0x080041b1   Thumb Code    36  usbd_cdc.o(i.USBD_CDC_EP0_RxReady)
    i.USBD_CDC_GetDeviceQualifierDescriptor  0x080041d4   Section        0  usbd_cdc.o(i.USBD_CDC_GetDeviceQualifierDescriptor)
    i.USBD_CDC_GetFSCfgDesc                  0x080041e0   Section        0  usbd_cdc.o(i.USBD_CDC_GetFSCfgDesc)
    USBD_CDC_GetFSCfgDesc                    0x080041e1   Thumb Code     8  usbd_cdc.o(i.USBD_CDC_GetFSCfgDesc)
    i.USBD_CDC_GetHSCfgDesc                  0x080041ec   Section        0  usbd_cdc.o(i.USBD_CDC_GetHSCfgDesc)
    USBD_CDC_GetHSCfgDesc                    0x080041ed   Thumb Code     8  usbd_cdc.o(i.USBD_CDC_GetHSCfgDesc)
    i.USBD_CDC_GetOtherSpeedCfgDesc          0x080041f8   Section        0  usbd_cdc.o(i.USBD_CDC_GetOtherSpeedCfgDesc)
    USBD_CDC_GetOtherSpeedCfgDesc            0x080041f9   Thumb Code     8  usbd_cdc.o(i.USBD_CDC_GetOtherSpeedCfgDesc)
    i.USBD_CDC_Init                          0x08004204   Section        0  usbd_cdc.o(i.USBD_CDC_Init)
    USBD_CDC_Init                            0x08004205   Thumb Code   148  usbd_cdc.o(i.USBD_CDC_Init)
    i.USBD_CDC_ReceivePacket                 0x08004298   Section        0  usbd_cdc.o(i.USBD_CDC_ReceivePacket)
    i.USBD_CDC_RegisterInterface             0x080042c0   Section        0  usbd_cdc.o(i.USBD_CDC_RegisterInterface)
    i.USBD_CDC_SetRxBuffer                   0x080042d4   Section        0  usbd_cdc.o(i.USBD_CDC_SetRxBuffer)
    i.USBD_CDC_SetTxBuffer                   0x080042e0   Section        0  usbd_cdc.o(i.USBD_CDC_SetTxBuffer)
    i.USBD_CDC_Setup                         0x080042f0   Section        0  usbd_cdc.o(i.USBD_CDC_Setup)
    USBD_CDC_Setup                           0x080042f1   Thumb Code   174  usbd_cdc.o(i.USBD_CDC_Setup)
    i.USBD_CDC_TransmitPacket                0x0800439e   Section        0  usbd_cdc.o(i.USBD_CDC_TransmitPacket)
    i.USBD_ClrClassConfig                    0x080043d4   Section        0  usbd_core.o(i.USBD_ClrClassConfig)
    i.USBD_CtlContinueRx                     0x080043e2   Section        0  usbd_ioreq.o(i.USBD_CtlContinueRx)
    i.USBD_CtlContinueSendData               0x080043f2   Section        0  usbd_ioreq.o(i.USBD_CtlContinueSendData)
    i.USBD_CtlError                          0x08004402   Section        0  usbd_ctlreq.o(i.USBD_CtlError)
    i.USBD_CtlPrepareRx                      0x08004418   Section        0  usbd_ioreq.o(i.USBD_CtlPrepareRx)
    i.USBD_CtlReceiveStatus                  0x08004436   Section        0  usbd_ioreq.o(i.USBD_CtlReceiveStatus)
    i.USBD_CtlSendData                       0x0800444c   Section        0  usbd_ioreq.o(i.USBD_CtlSendData)
    i.USBD_CtlSendStatus                     0x08004466   Section        0  usbd_ioreq.o(i.USBD_CtlSendStatus)
    i.USBD_FS_ConfigStrDescriptor            0x0800447c   Section        0  usbd_desc.o(i.USBD_FS_ConfigStrDescriptor)
    i.USBD_FS_DeviceDescriptor               0x0800449c   Section        0  usbd_desc.o(i.USBD_FS_DeviceDescriptor)
    i.USBD_FS_InterfaceStrDescriptor         0x080044a8   Section        0  usbd_desc.o(i.USBD_FS_InterfaceStrDescriptor)
    i.USBD_FS_LangIDStrDescriptor            0x080044cc   Section        0  usbd_desc.o(i.USBD_FS_LangIDStrDescriptor)
    i.USBD_FS_ManufacturerStrDescriptor      0x080044d8   Section        0  usbd_desc.o(i.USBD_FS_ManufacturerStrDescriptor)
    i.USBD_FS_ProductStrDescriptor           0x08004500   Section        0  usbd_desc.o(i.USBD_FS_ProductStrDescriptor)
    i.USBD_FS_SerialStrDescriptor            0x0800452c   Section        0  usbd_desc.o(i.USBD_FS_SerialStrDescriptor)
    i.USBD_FS_USR_BOSDescriptor              0x08004568   Section        0  usbd_desc.o(i.USBD_FS_USR_BOSDescriptor)
    i.USBD_GetDescriptor                     0x08004574   Section        0  usbd_ctlreq.o(i.USBD_GetDescriptor)
    USBD_GetDescriptor                       0x08004575   Thumb Code   254  usbd_ctlreq.o(i.USBD_GetDescriptor)
    i.USBD_GetString                         0x08004672   Section        0  usbd_ctlreq.o(i.USBD_GetString)
    i.USBD_Get_USB_Status                    0x080046bc   Section        0  usbd_conf.o(i.USBD_Get_USB_Status)
    i.USBD_Init                              0x080046d4   Section        0  usbd_core.o(i.USBD_Init)
    i.USBD_LL_ClearStallEP                   0x080046fe   Section        0  usbd_conf.o(i.USBD_LL_ClearStallEP)
    i.USBD_LL_CloseEP                        0x08004710   Section        0  usbd_conf.o(i.USBD_LL_CloseEP)
    i.USBD_LL_DataInStage                    0x08004722   Section        0  usbd_core.o(i.USBD_LL_DataInStage)
    i.USBD_LL_DataOutStage                   0x080047e4   Section        0  usbd_core.o(i.USBD_LL_DataOutStage)
    i.USBD_LL_DevConnected                   0x08004866   Section        0  usbd_core.o(i.USBD_LL_DevConnected)
    i.USBD_LL_DevDisconnected                0x0800486a   Section        0  usbd_core.o(i.USBD_LL_DevDisconnected)
    i.USBD_LL_GetRxDataSize                  0x08004880   Section        0  usbd_conf.o(i.USBD_LL_GetRxDataSize)
    i.USBD_LL_Init                           0x08004888   Section        0  usbd_conf.o(i.USBD_LL_Init)
    i.USBD_LL_IsStallEP                      0x080048e8   Section        0  usbd_conf.o(i.USBD_LL_IsStallEP)
    i.USBD_LL_IsoINIncomplete                0x08004908   Section        0  usbd_core.o(i.USBD_LL_IsoINIncomplete)
    i.USBD_LL_IsoOUTIncomplete               0x0800490c   Section        0  usbd_core.o(i.USBD_LL_IsoOUTIncomplete)
    i.USBD_LL_OpenEP                         0x08004910   Section        0  usbd_conf.o(i.USBD_LL_OpenEP)
    i.USBD_LL_PrepareReceive                 0x08004928   Section        0  usbd_conf.o(i.USBD_LL_PrepareReceive)
    i.USBD_LL_Reset                          0x0800493a   Section        0  usbd_core.o(i.USBD_LL_Reset)
    i.USBD_LL_Resume                         0x0800498a   Section        0  usbd_core.o(i.USBD_LL_Resume)
    i.USBD_LL_SOF                            0x08004996   Section        0  usbd_core.o(i.USBD_LL_SOF)
    i.USBD_LL_SetSpeed                       0x080049ae   Section        0  usbd_core.o(i.USBD_LL_SetSpeed)
    i.USBD_LL_SetUSBAddress                  0x080049b4   Section        0  usbd_conf.o(i.USBD_LL_SetUSBAddress)
    i.USBD_LL_SetupStage                     0x080049c6   Section        0  usbd_core.o(i.USBD_LL_SetupStage)
    i.USBD_LL_StallEP                        0x08004a1c   Section        0  usbd_conf.o(i.USBD_LL_StallEP)
    i.USBD_LL_Start                          0x08004a2e   Section        0  usbd_conf.o(i.USBD_LL_Start)
    i.USBD_LL_Suspend                        0x08004a40   Section        0  usbd_core.o(i.USBD_LL_Suspend)
    i.USBD_LL_Transmit                       0x08004a52   Section        0  usbd_conf.o(i.USBD_LL_Transmit)
    i.USBD_ParseSetupRequest                 0x08004a64   Section        0  usbd_ctlreq.o(i.USBD_ParseSetupRequest)
    i.USBD_RegisterClass                     0x08004a8c   Section        0  usbd_core.o(i.USBD_RegisterClass)
    i.USBD_SetClassConfig                    0x08004a9e   Section        0  usbd_core.o(i.USBD_SetClassConfig)
    i.USBD_SetConfig                         0x08004ab4   Section        0  usbd_ctlreq.o(i.USBD_SetConfig)
    USBD_SetConfig                           0x08004ab5   Thumb Code   130  usbd_ctlreq.o(i.USBD_SetConfig)
    i.USBD_Start                             0x08004b3c   Section        0  usbd_core.o(i.USBD_Start)
    i.USBD_StdDevReq                         0x08004b46   Section        0  usbd_ctlreq.o(i.USBD_StdDevReq)
    i.USBD_StdEPReq                          0x08004c5a   Section        0  usbd_ctlreq.o(i.USBD_StdEPReq)
    i.USBD_StdItfReq                         0x08004daa   Section        0  usbd_ctlreq.o(i.USBD_StdItfReq)
    i.USB_ActivateEndpoint                   0x08004df8   Section        0  stm32f7xx_ll_usb.o(i.USB_ActivateEndpoint)
    i.USB_ActivateSetup                      0x08004e78   Section        0  stm32f7xx_ll_usb.o(i.USB_ActivateSetup)
    i.USB_CoreInit                           0x08004eac   Section        0  stm32f7xx_ll_usb.o(i.USB_CoreInit)
    i.USB_CoreReset                          0x08004f18   Section        0  stm32f7xx_ll_usb.o(i.USB_CoreReset)
    USB_CoreReset                            0x08004f19   Thumb Code    50  stm32f7xx_ll_usb.o(i.USB_CoreReset)
    i.USB_DeactivateEndpoint                 0x08004f50   Section        0  stm32f7xx_ll_usb.o(i.USB_DeactivateEndpoint)
    i.USB_DevConnect                         0x08004fd0   Section        0  stm32f7xx_ll_usb.o(i.USB_DevConnect)
    i.USB_DevDisconnect                      0x08004fe8   Section        0  stm32f7xx_ll_usb.o(i.USB_DevDisconnect)
    i.USB_DevInit                            0x08005000   Section        0  stm32f7xx_ll_usb.o(i.USB_DevInit)
    i.USB_DisableGlobalInt                   0x08005194   Section        0  stm32f7xx_ll_usb.o(i.USB_DisableGlobalInt)
    i.USB_EP0StartXfer                       0x080051a0   Section        0  stm32f7xx_ll_usb.o(i.USB_EP0StartXfer)
    i.USB_EP0_OutStart                       0x080052b0   Section        0  stm32f7xx_ll_usb.o(i.USB_EP0_OutStart)
    i.USB_EPClearStall                       0x08005308   Section        0  stm32f7xx_ll_usb.o(i.USB_EPClearStall)
    i.USB_EPSetStall                         0x08005360   Section        0  stm32f7xx_ll_usb.o(i.USB_EPSetStall)
    i.USB_EPStartXfer                        0x080053b8   Section        0  stm32f7xx_ll_usb.o(i.USB_EPStartXfer)
    i.USB_EnableGlobalInt                    0x08005580   Section        0  stm32f7xx_ll_usb.o(i.USB_EnableGlobalInt)
    i.USB_FlushRxFifo                        0x0800558c   Section        0  stm32f7xx_ll_usb.o(i.USB_FlushRxFifo)
    i.USB_FlushTxFifo                        0x080055ac   Section        0  stm32f7xx_ll_usb.o(i.USB_FlushTxFifo)
    i.USB_GetDevSpeed                        0x080055d0   Section        0  stm32f7xx_ll_usb.o(i.USB_GetDevSpeed)
    i.USB_GetMode                            0x080055ea   Section        0  stm32f7xx_ll_usb.o(i.USB_GetMode)
    i.USB_ReadDevAllInEpInterrupt            0x080055f2   Section        0  stm32f7xx_ll_usb.o(i.USB_ReadDevAllInEpInterrupt)
    i.USB_ReadDevAllOutEpInterrupt           0x08005600   Section        0  stm32f7xx_ll_usb.o(i.USB_ReadDevAllOutEpInterrupt)
    i.USB_ReadDevInEPInterrupt               0x0800560e   Section        0  stm32f7xx_ll_usb.o(i.USB_ReadDevInEPInterrupt)
    i.USB_ReadDevOutEPInterrupt              0x08005632   Section        0  stm32f7xx_ll_usb.o(i.USB_ReadDevOutEPInterrupt)
    i.USB_ReadInterrupts                     0x08005642   Section        0  stm32f7xx_ll_usb.o(i.USB_ReadInterrupts)
    i.USB_ReadPacket                         0x0800564a   Section        0  stm32f7xx_ll_usb.o(i.USB_ReadPacket)
    i.USB_SetCurrentMode                     0x08005666   Section        0  stm32f7xx_ll_usb.o(i.USB_SetCurrentMode)
    i.USB_SetDevAddress                      0x08005694   Section        0  stm32f7xx_ll_usb.o(i.USB_SetDevAddress)
    i.USB_SetTurnaroundTime                  0x080056b8   Section        0  stm32f7xx_ll_usb.o(i.USB_SetTurnaroundTime)
    i.USB_WritePacket                        0x080057a0   Section        0  stm32f7xx_ll_usb.o(i.USB_WritePacket)
    i.UsageFault_Handler                     0x080057c4   Section        0  stm32f7xx_it.o(i.UsageFault_Handler)
    i.__NVIC_SetPriority                     0x080057c6   Section        0  stm32f7xx_hal_cortex.o(i.__NVIC_SetPriority)
    __NVIC_SetPriority                       0x080057c7   Thumb Code    34  stm32f7xx_hal_cortex.o(i.__NVIC_SetPriority)
    i.__scatterload_copy                     0x080057e8   Section       14  handlers.o(i.__scatterload_copy)
    i.__scatterload_null                     0x080057f6   Section        2  handlers.o(i.__scatterload_null)
    i.__scatterload_zeroinit                 0x080057f8   Section       14  handlers.o(i.__scatterload_zeroinit)
    i.free                                   0x08005808   Section        0  malloc.o(i.free)
    i.getAMTPos                              0x08005858   Section        0  main.o(i.getAMTPos)
    i.main                                   0x080058f0   Section        0  main.o(i.main)
    i.malloc                                 0x080059ac   Section        0  malloc.o(i.malloc)
    .constdata                               0x08005a18   Section        8  stm32f7xx_hal_dma.o(.constdata)
    flagBitshiftOffset                       0x08005a18   Data           8  stm32f7xx_hal_dma.o(.constdata)
    .constdata                               0x08005a20   Section       16  system_stm32f7xx.o(.constdata)
    .constdata                               0x08005a30   Section        8  system_stm32f7xx.o(.constdata)
    .data                                    0x20000000   Section       16  main.o(.data)
    .data                                    0x20000010   Section       32  usbd_desc.o(.data)
    .data                                    0x20000030   Section       62  usbd_desc.o(.data)
    .data                                    0x20000070   Section       16  usbd_cdc_if.o(.data)
    .data                                    0x20000080   Section       12  stm32f7xx_hal.o(.data)
    .data                                    0x2000008c   Section        4  system_stm32f7xx.o(.data)
    .data                                    0x20000090   Section        1  usbd_ctlreq.o(.data)
    cfgidx                                   0x20000090   Data           1  usbd_ctlreq.o(.data)
    .data                                    0x20000094   Section      215  usbd_cdc.o(.data)
    USBD_CDC_DeviceQualifierDesc             0x20000094   Data          10  usbd_cdc.o(.data)
    .data                                    0x2000016c   Section       56  usbd_cdc.o(.data)
    .data                                    0x200001a4   Section        4  mvars.o(.data)
    .data                                    0x200001a8   Section        4  mvars.o(.data)
    .bss                                     0x200001ac   Section      928  main.o(.bss)
    .bss                                     0x2000054c   Section       96  main.o(.bss)
    .bss                                     0x200005ac   Section      668  usb_device.o(.bss)
    .bss                                     0x20000848   Section     1028  usbd_conf.o(.bss)
    .bss                                     0x20000c4c   Section      512  usbd_desc.o(.bss)
    .bss                                     0x20000e4c   Section     4096  usbd_cdc_if.o(.bss)
    HEAP                                     0x20001e50   Section     1024  startup_stm32f746xx.o(HEAP)
    STACK                                    0x20002250   Section     2048  startup_stm32f746xx.o(STACK)

    Global Symbols

    Symbol Name                              Value     Ov Type        Size  Object(Section)

    BuildAttributes$$THM_ISAv4$E$P$D$K$B$S$7EM$VFPi5$EXTD16$VFPS$VFMA$PE$PLD8$A:L22UL41UL21$X:L11$S22US41US21$IEEE1$IW$USESV6$~STKCKD$USESV7$~SHL$OSPACE$ROPI$EBA8$MICROLIB$REQ8$PRES8$EABIv2 0x00000000   Number         0  anon$$obj.o ABSOLUTE
    __ARM_use_no_argv                        0x00000000   Number         0  main.o ABSOLUTE
    __cpp_initialize__aeabi_                  - Undefined Weak Reference
    __cxa_finalize                            - Undefined Weak Reference
    _clock_init                               - Undefined Weak Reference
    _microlib_exit                            - Undefined Weak Reference
    __Vectors_Size                           0x000001c8   Number         0  startup_stm32f746xx.o ABSOLUTE
    __Vectors                                0x08000000   Data           4  startup_stm32f746xx.o(RESET)
    __Vectors_End                            0x080001c8   Data           0  startup_stm32f746xx.o(RESET)
    __main                                   0x080001c9   Thumb Code     0  entry.o(.ARM.Collect$$$$00000000)
    _main_stk                                0x080001c9   Thumb Code     0  entry2.o(.ARM.Collect$$$$00000001)
    _main_scatterload                        0x080001cd   Thumb Code     0  entry5.o(.ARM.Collect$$$$00000004)
    __main_after_scatterload                 0x080001d1   Thumb Code     0  entry5.o(.ARM.Collect$$$$00000004)
    _main_clock                              0x080001d1   Thumb Code     0  entry7b.o(.ARM.Collect$$$$00000008)
    _main_cpp_init                           0x080001d1   Thumb Code     0  entry8b.o(.ARM.Collect$$$$0000000A)
    _main_init                               0x080001d1   Thumb Code     0  entry9a.o(.ARM.Collect$$$$0000000B)
    __rt_final_cpp                           0x080001d9   Thumb Code     0  entry10a.o(.ARM.Collect$$$$0000000D)
    __rt_final_exit                          0x080001d9   Thumb Code     0  entry11a.o(.ARM.Collect$$$$0000000F)
    Reset_Handler                            0x080001dd   Thumb Code     8  startup_stm32f746xx.o(.text)
    CAN1_RX0_IRQHandler                      0x080001f7   Thumb Code     0  startup_stm32f746xx.o(.text)
    CAN1_RX1_IRQHandler                      0x080001f7   Thumb Code     0  startup_stm32f746xx.o(.text)
    CAN1_SCE_IRQHandler                      0x080001f7   Thumb Code     0  startup_stm32f746xx.o(.text)
    CAN1_TX_IRQHandler                       0x080001f7   Thumb Code     0  startup_stm32f746xx.o(.text)
    CAN2_RX0_IRQHandler                      0x080001f7   Thumb Code     0  startup_stm32f746xx.o(.text)
    CAN2_RX1_IRQHandler                      0x080001f7   Thumb Code     0  startup_stm32f746xx.o(.text)
    CAN2_SCE_IRQHandler                      0x080001f7   Thumb Code     0  startup_stm32f746xx.o(.text)
    CAN2_TX_IRQHandler                       0x080001f7   Thumb Code     0  startup_stm32f746xx.o(.text)
    CEC_IRQHandler                           0x080001f7   Thumb Code     0  startup_stm32f746xx.o(.text)
    DCMI_IRQHandler                          0x080001f7   Thumb Code     0  startup_stm32f746xx.o(.text)
    DMA1_Stream0_IRQHandler                  0x080001f7   Thumb Code     0  startup_stm32f746xx.o(.text)
    DMA1_Stream1_IRQHandler                  0x080001f7   Thumb Code     0  startup_stm32f746xx.o(.text)
    DMA1_Stream2_IRQHandler                  0x080001f7   Thumb Code     0  startup_stm32f746xx.o(.text)
    DMA1_Stream3_IRQHandler                  0x080001f7   Thumb Code     0  startup_stm32f746xx.o(.text)
    DMA1_Stream4_IRQHandler                  0x080001f7   Thumb Code     0  startup_stm32f746xx.o(.text)
    DMA1_Stream5_IRQHandler                  0x080001f7   Thumb Code     0  startup_stm32f746xx.o(.text)
    DMA1_Stream6_IRQHandler                  0x080001f7   Thumb Code     0  startup_stm32f746xx.o(.text)
    DMA1_Stream7_IRQHandler                  0x080001f7   Thumb Code     0  startup_stm32f746xx.o(.text)
    DMA2D_IRQHandler                         0x080001f7   Thumb Code     0  startup_stm32f746xx.o(.text)
    DMA2_Stream1_IRQHandler                  0x080001f7   Thumb Code     0  startup_stm32f746xx.o(.text)
    DMA2_Stream2_IRQHandler                  0x080001f7   Thumb Code     0  startup_stm32f746xx.o(.text)
    DMA2_Stream3_IRQHandler                  0x080001f7   Thumb Code     0  startup_stm32f746xx.o(.text)
    DMA2_Stream4_IRQHandler                  0x080001f7   Thumb Code     0  startup_stm32f746xx.o(.text)
    DMA2_Stream5_IRQHandler                  0x080001f7   Thumb Code     0  startup_stm32f746xx.o(.text)
    DMA2_Stream6_IRQHandler                  0x080001f7   Thumb Code     0  startup_stm32f746xx.o(.text)
    DMA2_Stream7_IRQHandler                  0x080001f7   Thumb Code     0  startup_stm32f746xx.o(.text)
    ETH_IRQHandler                           0x080001f7   Thumb Code     0  startup_stm32f746xx.o(.text)
    ETH_WKUP_IRQHandler                      0x080001f7   Thumb Code     0  startup_stm32f746xx.o(.text)
    EXTI0_IRQHandler                         0x080001f7   Thumb Code     0  startup_stm32f746xx.o(.text)
    EXTI15_10_IRQHandler                     0x080001f7   Thumb Code     0  startup_stm32f746xx.o(.text)
    EXTI1_IRQHandler                         0x080001f7   Thumb Code     0  startup_stm32f746xx.o(.text)
    EXTI2_IRQHandler                         0x080001f7   Thumb Code     0  startup_stm32f746xx.o(.text)
    EXTI3_IRQHandler                         0x080001f7   Thumb Code     0  startup_stm32f746xx.o(.text)
    EXTI4_IRQHandler                         0x080001f7   Thumb Code     0  startup_stm32f746xx.o(.text)
    EXTI9_5_IRQHandler                       0x080001f7   Thumb Code     0  startup_stm32f746xx.o(.text)
    FLASH_IRQHandler                         0x080001f7   Thumb Code     0  startup_stm32f746xx.o(.text)
    FMC_IRQHandler                           0x080001f7   Thumb Code     0  startup_stm32f746xx.o(.text)
    FPU_IRQHandler                           0x080001f7   Thumb Code     0  startup_stm32f746xx.o(.text)
    I2C1_ER_IRQHandler                       0x080001f7   Thumb Code     0  startup_stm32f746xx.o(.text)
    I2C1_EV_IRQHandler                       0x080001f7   Thumb Code     0  startup_stm32f746xx.o(.text)
    I2C2_ER_IRQHandler                       0x080001f7   Thumb Code     0  startup_stm32f746xx.o(.text)
    I2C2_EV_IRQHandler                       0x080001f7   Thumb Code     0  startup_stm32f746xx.o(.text)
    I2C3_ER_IRQHandler                       0x080001f7   Thumb Code     0  startup_stm32f746xx.o(.text)
    I2C3_EV_IRQHandler                       0x080001f7   Thumb Code     0  startup_stm32f746xx.o(.text)
    I2C4_ER_IRQHandler                       0x080001f7   Thumb Code     0  startup_stm32f746xx.o(.text)
    I2C4_EV_IRQHandler                       0x080001f7   Thumb Code     0  startup_stm32f746xx.o(.text)
    LPTIM1_IRQHandler                        0x080001f7   Thumb Code     0  startup_stm32f746xx.o(.text)
    LTDC_ER_IRQHandler                       0x080001f7   Thumb Code     0  startup_stm32f746xx.o(.text)
    LTDC_IRQHandler                          0x080001f7   Thumb Code     0  startup_stm32f746xx.o(.text)
    OTG_FS_WKUP_IRQHandler                   0x080001f7   Thumb Code     0  startup_stm32f746xx.o(.text)
    OTG_HS_EP1_IN_IRQHandler                 0x080001f7   Thumb Code     0  startup_stm32f746xx.o(.text)
    OTG_HS_EP1_OUT_IRQHandler                0x080001f7   Thumb Code     0  startup_stm32f746xx.o(.text)
    OTG_HS_IRQHandler                        0x080001f7   Thumb Code     0  startup_stm32f746xx.o(.text)
    OTG_HS_WKUP_IRQHandler                   0x080001f7   Thumb Code     0  startup_stm32f746xx.o(.text)
    PVD_IRQHandler                           0x080001f7   Thumb Code     0  startup_stm32f746xx.o(.text)
    QUADSPI_IRQHandler                       0x080001f7   Thumb Code     0  startup_stm32f746xx.o(.text)
    RCC_IRQHandler                           0x080001f7   Thumb Code     0  startup_stm32f746xx.o(.text)
    RNG_IRQHandler                           0x080001f7   Thumb Code     0  startup_stm32f746xx.o(.text)
    RTC_Alarm_IRQHandler                     0x080001f7   Thumb Code     0  startup_stm32f746xx.o(.text)
    RTC_WKUP_IRQHandler                      0x080001f7   Thumb Code     0  startup_stm32f746xx.o(.text)
    SAI1_IRQHandler                          0x080001f7   Thumb Code     0  startup_stm32f746xx.o(.text)
    SAI2_IRQHandler                          0x080001f7   Thumb Code     0  startup_stm32f746xx.o(.text)
    SDMMC1_IRQHandler                        0x080001f7   Thumb Code     0  startup_stm32f746xx.o(.text)
    SPDIF_RX_IRQHandler                      0x080001f7   Thumb Code     0  startup_stm32f746xx.o(.text)
    SPI1_IRQHandler                          0x080001f7   Thumb Code     0  startup_stm32f746xx.o(.text)
    SPI2_IRQHandler                          0x080001f7   Thumb Code     0  startup_stm32f746xx.o(.text)
    SPI3_IRQHandler                          0x080001f7   Thumb Code     0  startup_stm32f746xx.o(.text)
    SPI4_IRQHandler                          0x080001f7   Thumb Code     0  startup_stm32f746xx.o(.text)
    SPI5_IRQHandler                          0x080001f7   Thumb Code     0  startup_stm32f746xx.o(.text)
    SPI6_IRQHandler                          0x080001f7   Thumb Code     0  startup_stm32f746xx.o(.text)
    TAMP_STAMP_IRQHandler                    0x080001f7   Thumb Code     0  startup_stm32f746xx.o(.text)
    TIM1_BRK_TIM9_IRQHandler                 0x080001f7   Thumb Code     0  startup_stm32f746xx.o(.text)
    TIM1_CC_IRQHandler                       0x080001f7   Thumb Code     0  startup_stm32f746xx.o(.text)
    TIM1_TRG_COM_TIM11_IRQHandler            0x080001f7   Thumb Code     0  startup_stm32f746xx.o(.text)
    TIM1_UP_TIM10_IRQHandler                 0x080001f7   Thumb Code     0  startup_stm32f746xx.o(.text)
    TIM2_IRQHandler                          0x080001f7   Thumb Code     0  startup_stm32f746xx.o(.text)
    TIM4_IRQHandler                          0x080001f7   Thumb Code     0  startup_stm32f746xx.o(.text)
    TIM5_IRQHandler                          0x080001f7   Thumb Code     0  startup_stm32f746xx.o(.text)
    TIM6_DAC_IRQHandler                      0x080001f7   Thumb Code     0  startup_stm32f746xx.o(.text)
    TIM7_IRQHandler                          0x080001f7   Thumb Code     0  startup_stm32f746xx.o(.text)
    TIM8_BRK_TIM12_IRQHandler                0x080001f7   Thumb Code     0  startup_stm32f746xx.o(.text)
    TIM8_CC_IRQHandler                       0x080001f7   Thumb Code     0  startup_stm32f746xx.o(.text)
    TIM8_TRG_COM_TIM14_IRQHandler            0x080001f7   Thumb Code     0  startup_stm32f746xx.o(.text)
    TIM8_UP_TIM13_IRQHandler                 0x080001f7   Thumb Code     0  startup_stm32f746xx.o(.text)
    UART4_IRQHandler                         0x080001f7   Thumb Code     0  startup_stm32f746xx.o(.text)
    UART5_IRQHandler                         0x080001f7   Thumb Code     0  startup_stm32f746xx.o(.text)
    UART7_IRQHandler                         0x080001f7   Thumb Code     0  startup_stm32f746xx.o(.text)
    UART8_IRQHandler                         0x080001f7   Thumb Code     0  startup_stm32f746xx.o(.text)
    USART1_IRQHandler                        0x080001f7   Thumb Code     0  startup_stm32f746xx.o(.text)
    USART2_IRQHandler                        0x080001f7   Thumb Code     0  startup_stm32f746xx.o(.text)
    USART3_IRQHandler                        0x080001f7   Thumb Code     0  startup_stm32f746xx.o(.text)
    USART6_IRQHandler                        0x080001f7   Thumb Code     0  startup_stm32f746xx.o(.text)
    WWDG_IRQHandler                          0x080001f7   Thumb Code     0  startup_stm32f746xx.o(.text)
    __aeabi_uldivmod                         0x08000201   Thumb Code    98  uldiv.o(.text)
    __aeabi_memcpy                           0x08000263   Thumb Code    36  memcpya.o(.text)
    __aeabi_memcpy4                          0x08000263   Thumb Code     0  memcpya.o(.text)
    __aeabi_memcpy8                          0x08000263   Thumb Code     0  memcpya.o(.text)
    __aeabi_memset                           0x08000287   Thumb Code    14  memseta.o(.text)
    __aeabi_memset4                          0x08000287   Thumb Code     0  memseta.o(.text)
    __aeabi_memset8                          0x08000287   Thumb Code     0  memseta.o(.text)
    __aeabi_memclr                           0x08000295   Thumb Code     4  memseta.o(.text)
    __aeabi_memclr4                          0x08000295   Thumb Code     0  memseta.o(.text)
    __aeabi_memclr8                          0x08000295   Thumb Code     0  memseta.o(.text)
    _memset$wrapper                          0x08000299   Thumb Code    18  memseta.o(.text)
    __aeabi_llsl                             0x080002ab   Thumb Code    30  llshl.o(.text)
    _ll_shift_l                              0x080002ab   Thumb Code     0  llshl.o(.text)
    __aeabi_llsr                             0x080002c9   Thumb Code    32  llushr.o(.text)
    _ll_ushift_r                             0x080002c9   Thumb Code     0  llushr.o(.text)
    __scatterload                            0x080002e9   Thumb Code    28  init.o(.text)
    __scatterload_rt2                        0x080002e9   Thumb Code     0  init.o(.text)
    __decompress                             0x0800030d   Thumb Code     0  __dczerorl2.o(.text)
    __decompress1                            0x0800030d   Thumb Code    86  __dczerorl2.o(.text)
    ADC_IRQHandler                           0x080003f1   Thumb Code     6  stm32f7xx_it.o(i.ADC_IRQHandler)
    BusFault_Handler                         0x08000535   Thumb Code     2  stm32f7xx_it.o(i.BusFault_Handler)
    CDC_Transmit_FS                          0x0800057d   Thumb Code    38  usbd_cdc_if.o(i.CDC_Transmit_FS)
    DMA2_Stream0_IRQHandler                  0x080005a9   Thumb Code     6  stm32f7xx_it.o(i.DMA2_Stream0_IRQHandler)
    DWT_Delay                                0x08000659   Thumb Code    26  main.o(i.DWT_Delay)
    DWT_Init                                 0x08000681   Thumb Code    32  main.o(i.DWT_Init)
    DebugMon_Handler                         0x080006b1   Thumb Code     2  stm32f7xx_it.o(i.DebugMon_Handler)
    Error_Handler                            0x080006b3   Thumb Code     2  main.o(i.Error_Handler)
    HAL_ADCEx_InjectedConvCpltCallback       0x080006b5   Thumb Code     2  stm32f7xx_hal_adc_ex.o(i.HAL_ADCEx_InjectedConvCpltCallback)
    HAL_ADC_ConfigChannel                    0x080006b9   Thumb Code   338  stm32f7xx_hal_adc.o(i.HAL_ADC_ConfigChannel)
    HAL_ADC_ConvCpltCallback                 0x0800081d   Thumb Code    12  main.o(i.HAL_ADC_ConvCpltCallback)
    HAL_ADC_ConvHalfCpltCallback             0x0800082d   Thumb Code     2  stm32f7xx_hal_adc.o(i.HAL_ADC_ConvHalfCpltCallback)
    HAL_ADC_ErrorCallback                    0x0800082f   Thumb Code     2  stm32f7xx_hal_adc.o(i.HAL_ADC_ErrorCallback)
    HAL_ADC_IRQHandler                       0x08000831   Thumb Code   316  stm32f7xx_hal_adc.o(i.HAL_ADC_IRQHandler)
    HAL_ADC_Init                             0x0800096d   Thumb Code    84  stm32f7xx_hal_adc.o(i.HAL_ADC_Init)
    HAL_ADC_LevelOutOfWindowCallback         0x080009c1   Thumb Code     2  stm32f7xx_hal_adc.o(i.HAL_ADC_LevelOutOfWindowCallback)
    HAL_ADC_MspInit                          0x080009c5   Thumb Code   144  stm32f7xx_hal_msp.o(i.HAL_ADC_MspInit)
    HAL_ADC_Start_DMA                        0x08000a69   Thumb Code   260  stm32f7xx_hal_adc.o(i.HAL_ADC_Start_DMA)
    HAL_DMA_IRQHandler                       0x08000b89   Thumb Code   412  stm32f7xx_hal_dma.o(i.HAL_DMA_IRQHandler)
    HAL_DMA_Init                             0x08000d29   Thumb Code   222  stm32f7xx_hal_dma.o(i.HAL_DMA_Init)
    HAL_DMA_Start_IT                         0x08000e0d   Thumb Code   122  stm32f7xx_hal_dma.o(i.HAL_DMA_Start_IT)
    HAL_Delay                                0x08000e89   Thumb Code    32  stm32f7xx_hal.o(i.HAL_Delay)
    HAL_GPIO_Init                            0x08000ead   Thumb Code   418  stm32f7xx_hal_gpio.o(i.HAL_GPIO_Init)
    HAL_GPIO_WritePin                        0x08001085   Thumb Code    10  stm32f7xx_hal_gpio.o(i.HAL_GPIO_WritePin)
    HAL_GetTick                              0x08001091   Thumb Code     6  stm32f7xx_hal.o(i.HAL_GetTick)
    HAL_IncTick                              0x0800109d   Thumb Code    12  stm32f7xx_hal.o(i.HAL_IncTick)
    HAL_Init                                 0x080010ad   Thumb Code    22  stm32f7xx_hal.o(i.HAL_Init)
    HAL_InitTick                             0x080010c5   Thumb Code    54  stm32f7xx_hal.o(i.HAL_InitTick)
    HAL_MspInit                              0x08001105   Thumb Code    42  stm32f7xx_hal_msp.o(i.HAL_MspInit)
    HAL_NVIC_DisableIRQ                      0x08001135   Thumb Code    34  stm32f7xx_hal_cortex.o(i.HAL_NVIC_DisableIRQ)
    HAL_NVIC_EnableIRQ                       0x08001157   Thumb Code    26  stm32f7xx_hal_cortex.o(i.HAL_NVIC_EnableIRQ)
    HAL_NVIC_SetPriority                     0x08001171   Thumb Code    60  stm32f7xx_hal_cortex.o(i.HAL_NVIC_SetPriority)
    HAL_NVIC_SetPriorityGrouping             0x080011b1   Thumb Code    28  stm32f7xx_hal_cortex.o(i.HAL_NVIC_SetPriorityGrouping)
    HAL_PCDEx_ActivateLPM                    0x080011d5   Thumb Code    34  stm32f7xx_hal_pcd_ex.o(i.HAL_PCDEx_ActivateLPM)
    HAL_PCDEx_LPM_Callback                   0x080011fd   Thumb Code    92  usbd_conf.o(i.HAL_PCDEx_LPM_Callback)
    HAL_PCDEx_SetRxFiFo                      0x0800125d   Thumb Code     8  stm32f7xx_hal_pcd_ex.o(i.HAL_PCDEx_SetRxFiFo)
    HAL_PCDEx_SetTxFiFo                      0x08001265   Thumb Code    70  stm32f7xx_hal_pcd_ex.o(i.HAL_PCDEx_SetTxFiFo)
    HAL_PCD_ConnectCallback                  0x080012ab   Thumb Code     8  usbd_conf.o(i.HAL_PCD_ConnectCallback)
    HAL_PCD_DataInStageCallback              0x080012b3   Thumb Code    18  usbd_conf.o(i.HAL_PCD_DataInStageCallback)
    HAL_PCD_DataOutStageCallback             0x080012c5   Thumb Code    20  usbd_conf.o(i.HAL_PCD_DataOutStageCallback)
    HAL_PCD_DisconnectCallback               0x080012d9   Thumb Code     8  usbd_conf.o(i.HAL_PCD_DisconnectCallback)
    HAL_PCD_EP_Close                         0x080012e1   Thumb Code    76  stm32f7xx_hal_pcd.o(i.HAL_PCD_EP_Close)
    HAL_PCD_EP_ClrStall                      0x0800132d   Thumb Code    92  stm32f7xx_hal_pcd.o(i.HAL_PCD_EP_ClrStall)
    HAL_PCD_EP_GetRxCount                    0x08001389   Thumb Code    18  stm32f7xx_hal_pcd.o(i.HAL_PCD_EP_GetRxCount)
    HAL_PCD_EP_Open                          0x0800139b   Thumb Code    96  stm32f7xx_hal_pcd.o(i.HAL_PCD_EP_Open)
    HAL_PCD_EP_Receive                       0x080013fb   Thumb Code    68  stm32f7xx_hal_pcd.o(i.HAL_PCD_EP_Receive)
    HAL_PCD_EP_SetStall                      0x0800143f   Thumb Code   116  stm32f7xx_hal_pcd.o(i.HAL_PCD_EP_SetStall)
    HAL_PCD_EP_Transmit                      0x080014b3   Thumb Code    68  stm32f7xx_hal_pcd.o(i.HAL_PCD_EP_Transmit)
    HAL_PCD_IRQHandler                       0x080014f9   Thumb Code  1194  stm32f7xx_hal_pcd.o(i.HAL_PCD_IRQHandler)
    HAL_PCD_ISOINIncompleteCallback          0x080019a3   Thumb Code     8  usbd_conf.o(i.HAL_PCD_ISOINIncompleteCallback)
    HAL_PCD_ISOOUTIncompleteCallback         0x080019ab   Thumb Code     8  usbd_conf.o(i.HAL_PCD_ISOOUTIncompleteCallback)
    HAL_PCD_Init                             0x080019b5   Thumb Code   234  stm32f7xx_hal_pcd.o(i.HAL_PCD_Init)
    HAL_PCD_MspInit                          0x08001aa1   Thumb Code   146  usbd_conf.o(i.HAL_PCD_MspInit)
    HAL_PCD_ResetCallback                    0x08001b3d   Thumb Code    44  usbd_conf.o(i.HAL_PCD_ResetCallback)
    HAL_PCD_ResumeCallback                   0x08001b69   Thumb Code     8  usbd_conf.o(i.HAL_PCD_ResumeCallback)
    HAL_PCD_SOFCallback                      0x08001b71   Thumb Code     8  usbd_conf.o(i.HAL_PCD_SOFCallback)
    HAL_PCD_SetAddress                       0x08001b79   Thumb Code    40  stm32f7xx_hal_pcd.o(i.HAL_PCD_SetAddress)
    HAL_PCD_SetupStageCallback               0x08001ba1   Thumb Code    14  usbd_conf.o(i.HAL_PCD_SetupStageCallback)
    HAL_PCD_Start                            0x08001baf   Thumb Code    42  stm32f7xx_hal_pcd.o(i.HAL_PCD_Start)
    HAL_PCD_SuspendCallback                  0x08001bd9   Thumb Code    44  usbd_conf.o(i.HAL_PCD_SuspendCallback)
    HAL_PWREx_EnableOverDrive                0x08001c09   Thumb Code   100  stm32f7xx_hal_pwr_ex.o(i.HAL_PWREx_EnableOverDrive)
    HAL_RCCEx_PeriphCLKConfig                0x08001c75   Thumb Code  1276  stm32f7xx_hal_rcc_ex.o(i.HAL_RCCEx_PeriphCLKConfig)
    HAL_RCC_ClockConfig                      0x08002171   Thumb Code   282  stm32f7xx_hal_rcc.o(i.HAL_RCC_ClockConfig)
    HAL_RCC_GetHCLKFreq                      0x0800229d   Thumb Code     6  stm32f7xx_hal_rcc.o(i.HAL_RCC_GetHCLKFreq)
    HAL_RCC_GetPCLK1Freq                     0x080022a9   Thumb Code    20  stm32f7xx_hal_rcc.o(i.HAL_RCC_GetPCLK1Freq)
    HAL_RCC_GetPCLK2Freq                     0x080022c9   Thumb Code    20  stm32f7xx_hal_rcc.o(i.HAL_RCC_GetPCLK2Freq)
    HAL_RCC_GetSysClockFreq                  0x080022e9   Thumb Code    88  stm32f7xx_hal_rcc.o(i.HAL_RCC_GetSysClockFreq)
    HAL_RCC_OscConfig                        0x08002349   Thumb Code   810  stm32f7xx_hal_rcc.o(i.HAL_RCC_OscConfig)
    HAL_SPI_Init                             0x08002681   Thumb Code   196  stm32f7xx_hal_spi.o(i.HAL_SPI_Init)
    HAL_SPI_MspInit                          0x08002745   Thumb Code   122  stm32f7xx_hal_msp.o(i.HAL_SPI_MspInit)
    HAL_SPI_TransmitReceive                  0x080027d1   Thumb Code   608  stm32f7xx_hal_spi.o(i.HAL_SPI_TransmitReceive)
    HAL_SYSTICK_Config                       0x08002a31   Thumb Code    38  stm32f7xx_hal_cortex.o(i.HAL_SYSTICK_Config)
    HAL_TIMEx_Break2Callback                 0x08002a57   Thumb Code     2  stm32f7xx_hal_tim_ex.o(i.HAL_TIMEx_Break2Callback)
    HAL_TIMEx_BreakCallback                  0x08002a59   Thumb Code     2  stm32f7xx_hal_tim_ex.o(i.HAL_TIMEx_BreakCallback)
    HAL_TIMEx_CommutCallback                 0x08002a5b   Thumb Code     2  stm32f7xx_hal_tim_ex.o(i.HAL_TIMEx_CommutCallback)
    HAL_TIMEx_MasterConfigSynchronization    0x08002a5d   Thumb Code    88  stm32f7xx_hal_tim_ex.o(i.HAL_TIMEx_MasterConfigSynchronization)
    HAL_TIM_Base_Init                        0x08002abd   Thumb Code    54  stm32f7xx_hal_tim.o(i.HAL_TIM_Base_Init)
    HAL_TIM_Base_MspInit                     0x08002af5   Thumb Code    50  stm32f7xx_hal_msp.o(i.HAL_TIM_Base_MspInit)
    HAL_TIM_ConfigClockSource                0x08002b31   Thumb Code   214  stm32f7xx_hal_tim.o(i.HAL_TIM_ConfigClockSource)
    HAL_TIM_Encoder_Init                     0x08002c0d   Thumb Code   162  stm32f7xx_hal_tim.o(i.HAL_TIM_Encoder_Init)
    HAL_TIM_Encoder_MspInit                  0x08002cb5   Thumb Code    92  stm32f7xx_hal_msp.o(i.HAL_TIM_Encoder_MspInit)
    HAL_TIM_Encoder_Start                    0x08002d1d   Thumb Code    52  stm32f7xx_hal_tim.o(i.HAL_TIM_Encoder_Start)
    HAL_TIM_IC_CaptureCallback               0x08002d51   Thumb Code     2  stm32f7xx_hal_tim.o(i.HAL_TIM_IC_CaptureCallback)
    HAL_TIM_IRQHandler                       0x08002d53   Thumb Code   386  stm32f7xx_hal_tim.o(i.HAL_TIM_IRQHandler)
    HAL_TIM_MspPostInit                      0x08002ed5   Thumb Code    68  stm32f7xx_hal_msp.o(i.HAL_TIM_MspPostInit)
    HAL_TIM_OC_DelayElapsedCallback          0x08002f25   Thumb Code     2  stm32f7xx_hal_tim.o(i.HAL_TIM_OC_DelayElapsedCallback)
    HAL_TIM_PWM_ConfigChannel                0x08002f27   Thumb Code   296  stm32f7xx_hal_tim.o(i.HAL_TIM_PWM_ConfigChannel)
    HAL_TIM_PWM_Init                         0x0800304f   Thumb Code    54  stm32f7xx_hal_tim.o(i.HAL_TIM_PWM_Init)
    HAL_TIM_PWM_MspInit                      0x08003085   Thumb Code     2  stm32f7xx_hal_tim.o(i.HAL_TIM_PWM_MspInit)
    HAL_TIM_PWM_PulseFinishedCallback        0x08003087   Thumb Code     2  stm32f7xx_hal_tim.o(i.HAL_TIM_PWM_PulseFinishedCallback)
    HAL_TIM_PeriodElapsedCallback            0x08003089   Thumb Code    60  main.o(i.HAL_TIM_PeriodElapsedCallback)
    HAL_TIM_TriggerCallback                  0x080030cd   Thumb Code     2  stm32f7xx_hal_tim.o(i.HAL_TIM_TriggerCallback)
    HAL_UART_Init                            0x080030cf   Thumb Code   102  stm32f7xx_hal_uart.o(i.HAL_UART_Init)
    HAL_UART_MspInit                         0x08003135   Thumb Code   116  stm32f7xx_hal_msp.o(i.HAL_UART_MspInit)
    HardFault_Handler                        0x080031b9   Thumb Code     2  stm32f7xx_it.o(i.HardFault_Handler)
    MX_USB_DEVICE_Init                       0x08003521   Thumb Code    66  usb_device.o(i.MX_USB_DEVICE_Init)
    MemManage_Handler                        0x08003575   Thumb Code     2  stm32f7xx_it.o(i.MemManage_Handler)
    NMI_Handler                              0x08003577   Thumb Code     2  stm32f7xx_it.o(i.NMI_Handler)
    OTG_FS_IRQHandler                        0x08003579   Thumb Code     6  stm32f7xx_it.o(i.OTG_FS_IRQHandler)
    PendSV_Handler                           0x08003703   Thumb Code     2  stm32f7xx_it.o(i.PendSV_Handler)
    SVC_Handler                              0x08003877   Thumb Code     2  stm32f7xx_it.o(i.SVC_Handler)
    SysTick_Handler                          0x08003879   Thumb Code     4  stm32f7xx_it.o(i.SysTick_Handler)
    SystemClock_Config                       0x0800387d   Thumb Code   150  main.o(i.SystemClock_Config)
    SystemInit                               0x08003921   Thumb Code    68  system_stm32f7xx.o(i.SystemInit)
    TIM3_IRQHandler                          0x08003975   Thumb Code     6  stm32f7xx_it.o(i.TIM3_IRQHandler)
    TIM_Base_SetConfig                       0x08003981   Thumb Code   158  stm32f7xx_hal_tim.o(i.TIM_Base_SetConfig)
    TIM_CCxChannelCmd                        0x08003a4d   Thumb Code    26  stm32f7xx_hal_tim.o(i.TIM_CCxChannelCmd)
    TIM_ETR_SetConfig                        0x08003a67   Thumb Code    18  stm32f7xx_hal_tim.o(i.TIM_ETR_SetConfig)
    TIM_OC2_SetConfig                        0x08003afd   Thumb Code   108  stm32f7xx_hal_tim.o(i.TIM_OC2_SetConfig)
    UART_AdvFeatureConfig                    0x08003d3b   Thumb Code   200  stm32f7xx_hal_uart.o(i.UART_AdvFeatureConfig)
    UART_CheckIdleState                      0x08003e03   Thumb Code    60  stm32f7xx_hal_uart.o(i.UART_CheckIdleState)
    UART_SetConfig                           0x08003e41   Thumb Code   546  stm32f7xx_hal_uart.o(i.UART_SetConfig)
    UART_WaitOnFlagUntilTimeout              0x08004095   Thumb Code    96  stm32f7xx_hal_uart.o(i.UART_WaitOnFlagUntilTimeout)
    USBD_CDC_GetDeviceQualifierDescriptor    0x080041d5   Thumb Code     8  usbd_cdc.o(i.USBD_CDC_GetDeviceQualifierDescriptor)
    USBD_CDC_ReceivePacket                   0x08004299   Thumb Code    40  usbd_cdc.o(i.USBD_CDC_ReceivePacket)
    USBD_CDC_RegisterInterface               0x080042c1   Thumb Code    20  usbd_cdc.o(i.USBD_CDC_RegisterInterface)
    USBD_CDC_SetRxBuffer                     0x080042d5   Thumb Code    12  usbd_cdc.o(i.USBD_CDC_SetRxBuffer)
    USBD_CDC_SetTxBuffer                     0x080042e1   Thumb Code    16  usbd_cdc.o(i.USBD_CDC_SetTxBuffer)
    USBD_CDC_TransmitPacket                  0x0800439f   Thumb Code    54  usbd_cdc.o(i.USBD_CDC_TransmitPacket)
    USBD_ClrClassConfig                      0x080043d5   Thumb Code    14  usbd_core.o(i.USBD_ClrClassConfig)
    USBD_CtlContinueRx                       0x080043e3   Thumb Code    16  usbd_ioreq.o(i.USBD_CtlContinueRx)
    USBD_CtlContinueSendData                 0x080043f3   Thumb Code    16  usbd_ioreq.o(i.USBD_CtlContinueSendData)
    USBD_CtlError                            0x08004403   Thumb Code    22  usbd_ctlreq.o(i.USBD_CtlError)
    USBD_CtlPrepareRx                        0x08004419   Thumb Code    30  usbd_ioreq.o(i.USBD_CtlPrepareRx)
    USBD_CtlReceiveStatus                    0x08004437   Thumb Code    22  usbd_ioreq.o(i.USBD_CtlReceiveStatus)
    USBD_CtlSendData                         0x0800444d   Thumb Code    26  usbd_ioreq.o(i.USBD_CtlSendData)
    USBD_CtlSendStatus                       0x08004467   Thumb Code    22  usbd_ioreq.o(i.USBD_CtlSendStatus)
    USBD_FS_ConfigStrDescriptor              0x0800447d   Thumb Code    16  usbd_desc.o(i.USBD_FS_ConfigStrDescriptor)
    USBD_FS_DeviceDescriptor                 0x0800449d   Thumb Code     8  usbd_desc.o(i.USBD_FS_DeviceDescriptor)
    USBD_FS_InterfaceStrDescriptor           0x080044a9   Thumb Code    16  usbd_desc.o(i.USBD_FS_InterfaceStrDescriptor)
    USBD_FS_LangIDStrDescriptor              0x080044cd   Thumb Code     8  usbd_desc.o(i.USBD_FS_LangIDStrDescriptor)
    USBD_FS_ManufacturerStrDescriptor        0x080044d9   Thumb Code    16  usbd_desc.o(i.USBD_FS_ManufacturerStrDescriptor)
    USBD_FS_ProductStrDescriptor             0x08004501   Thumb Code    16  usbd_desc.o(i.USBD_FS_ProductStrDescriptor)
    USBD_FS_SerialStrDescriptor              0x0800452d   Thumb Code    50  usbd_desc.o(i.USBD_FS_SerialStrDescriptor)
    USBD_FS_USR_BOSDescriptor                0x08004569   Thumb Code     8  usbd_desc.o(i.USBD_FS_USR_BOSDescriptor)
    USBD_GetString                           0x08004673   Thumb Code    74  usbd_ctlreq.o(i.USBD_GetString)
    USBD_Get_USB_Status                      0x080046bd   Thumb Code    24  usbd_conf.o(i.USBD_Get_USB_Status)
    USBD_Init                                0x080046d5   Thumb Code    42  usbd_core.o(i.USBD_Init)
    USBD_LL_ClearStallEP                     0x080046ff   Thumb Code    18  usbd_conf.o(i.USBD_LL_ClearStallEP)
    USBD_LL_CloseEP                          0x08004711   Thumb Code    18  usbd_conf.o(i.USBD_LL_CloseEP)
    USBD_LL_DataInStage                      0x08004723   Thumb Code   194  usbd_core.o(i.USBD_LL_DataInStage)
    USBD_LL_DataOutStage                     0x080047e5   Thumb Code   130  usbd_core.o(i.USBD_LL_DataOutStage)
    USBD_LL_DevConnected                     0x08004867   Thumb Code     4  usbd_core.o(i.USBD_LL_DevConnected)
    USBD_LL_DevDisconnected                  0x0800486b   Thumb Code    22  usbd_core.o(i.USBD_LL_DevDisconnected)
    USBD_LL_GetRxDataSize                    0x08004881   Thumb Code     8  usbd_conf.o(i.USBD_LL_GetRxDataSize)
    USBD_LL_Init                             0x08004889   Thumb Code    90  usbd_conf.o(i.USBD_LL_Init)
    USBD_LL_IsStallEP                        0x080048e9   Thumb Code    32  usbd_conf.o(i.USBD_LL_IsStallEP)
    USBD_LL_IsoINIncomplete                  0x08004909   Thumb Code     4  usbd_core.o(i.USBD_LL_IsoINIncomplete)
    USBD_LL_IsoOUTIncomplete                 0x0800490d   Thumb Code     4  usbd_core.o(i.USBD_LL_IsoOUTIncomplete)
    USBD_LL_OpenEP                           0x08004911   Thumb Code    24  usbd_conf.o(i.USBD_LL_OpenEP)
    USBD_LL_PrepareReceive                   0x08004929   Thumb Code    18  usbd_conf.o(i.USBD_LL_PrepareReceive)
    USBD_LL_Reset                            0x0800493b   Thumb Code    80  usbd_core.o(i.USBD_LL_Reset)
    USBD_LL_Resume                           0x0800498b   Thumb Code    12  usbd_core.o(i.USBD_LL_Resume)
    USBD_LL_SOF                              0x08004997   Thumb Code    24  usbd_core.o(i.USBD_LL_SOF)
    USBD_LL_SetSpeed                         0x080049af   Thumb Code     6  usbd_core.o(i.USBD_LL_SetSpeed)
    USBD_LL_SetUSBAddress                    0x080049b5   Thumb Code    18  usbd_conf.o(i.USBD_LL_SetUSBAddress)
    USBD_LL_SetupStage                       0x080049c7   Thumb Code    86  usbd_core.o(i.USBD_LL_SetupStage)
    USBD_LL_StallEP                          0x08004a1d   Thumb Code    18  usbd_conf.o(i.USBD_LL_StallEP)
    USBD_LL_Start                            0x08004a2f   Thumb Code    18  usbd_conf.o(i.USBD_LL_Start)
    USBD_LL_Suspend                          0x08004a41   Thumb Code    18  usbd_core.o(i.USBD_LL_Suspend)
    USBD_LL_Transmit                         0x08004a53   Thumb Code    18  usbd_conf.o(i.USBD_LL_Transmit)
    USBD_ParseSetupRequest                   0x08004a65   Thumb Code    40  usbd_ctlreq.o(i.USBD_ParseSetupRequest)
    USBD_RegisterClass                       0x08004a8d   Thumb Code    18  usbd_core.o(i.USBD_RegisterClass)
    USBD_SetClassConfig                      0x08004a9f   Thumb Code    22  usbd_core.o(i.USBD_SetClassConfig)
    USBD_Start                               0x08004b3d   Thumb Code    10  usbd_core.o(i.USBD_Start)
    USBD_StdDevReq                           0x08004b47   Thumb Code   276  usbd_ctlreq.o(i.USBD_StdDevReq)
    USBD_StdEPReq                            0x08004c5b   Thumb Code   336  usbd_ctlreq.o(i.USBD_StdEPReq)
    USBD_StdItfReq                           0x08004dab   Thumb Code    78  usbd_ctlreq.o(i.USBD_StdItfReq)
    USB_ActivateEndpoint                     0x08004df9   Thumb Code   124  stm32f7xx_ll_usb.o(i.USB_ActivateEndpoint)
    USB_ActivateSetup                        0x08004e79   Thumb Code    52  stm32f7xx_ll_usb.o(i.USB_ActivateSetup)
    USB_CoreInit                             0x08004ead   Thumb Code   104  stm32f7xx_ll_usb.o(i.USB_CoreInit)
    USB_DeactivateEndpoint                   0x08004f51   Thumb Code   118  stm32f7xx_ll_usb.o(i.USB_DeactivateEndpoint)
    USB_DevConnect                           0x08004fd1   Thumb Code    24  stm32f7xx_ll_usb.o(i.USB_DevConnect)
    USB_DevDisconnect                        0x08004fe9   Thumb Code    24  stm32f7xx_ll_usb.o(i.USB_DevDisconnect)
    USB_DevInit                              0x08005001   Thumb Code   386  stm32f7xx_ll_usb.o(i.USB_DevInit)
    USB_DisableGlobalInt                     0x08005195   Thumb Code    12  stm32f7xx_ll_usb.o(i.USB_DisableGlobalInt)
    USB_EP0StartXfer                         0x080051a1   Thumb Code   266  stm32f7xx_ll_usb.o(i.USB_EP0StartXfer)
    USB_EP0_OutStart                         0x080052b1   Thumb Code    84  stm32f7xx_ll_usb.o(i.USB_EP0_OutStart)
    USB_EPClearStall                         0x08005309   Thumb Code    88  stm32f7xx_ll_usb.o(i.USB_EPClearStall)
    USB_EPSetStall                           0x08005361   Thumb Code    88  stm32f7xx_ll_usb.o(i.USB_EPSetStall)
    USB_EPStartXfer                          0x080053b9   Thumb Code   452  stm32f7xx_ll_usb.o(i.USB_EPStartXfer)
    USB_EnableGlobalInt                      0x08005581   Thumb Code    12  stm32f7xx_ll_usb.o(i.USB_EnableGlobalInt)
    USB_FlushRxFifo                          0x0800558d   Thumb Code    28  stm32f7xx_ll_usb.o(i.USB_FlushRxFifo)
    USB_FlushTxFifo                          0x080055ad   Thumb Code    32  stm32f7xx_ll_usb.o(i.USB_FlushTxFifo)
    USB_GetDevSpeed                          0x080055d1   Thumb Code    26  stm32f7xx_ll_usb.o(i.USB_GetDevSpeed)
    USB_GetMode                              0x080055eb   Thumb Code     8  stm32f7xx_ll_usb.o(i.USB_GetMode)
    USB_ReadDevAllInEpInterrupt              0x080055f3   Thumb Code    14  stm32f7xx_ll_usb.o(i.USB_ReadDevAllInEpInterrupt)
    USB_ReadDevAllOutEpInterrupt             0x08005601   Thumb Code    14  stm32f7xx_ll_usb.o(i.USB_ReadDevAllOutEpInterrupt)
    USB_ReadDevInEPInterrupt                 0x0800560f   Thumb Code    36  stm32f7xx_ll_usb.o(i.USB_ReadDevInEPInterrupt)
    USB_ReadDevOutEPInterrupt                0x08005633   Thumb Code    16  stm32f7xx_ll_usb.o(i.USB_ReadDevOutEPInterrupt)
    USB_ReadInterrupts                       0x08005643   Thumb Code     8  stm32f7xx_ll_usb.o(i.USB_ReadInterrupts)
    USB_ReadPacket                           0x0800564b   Thumb Code    28  stm32f7xx_ll_usb.o(i.USB_ReadPacket)
    USB_SetCurrentMode                       0x08005667   Thumb Code    46  stm32f7xx_ll_usb.o(i.USB_SetCurrentMode)
    USB_SetDevAddress                        0x08005695   Thumb Code    34  stm32f7xx_ll_usb.o(i.USB_SetDevAddress)
    USB_SetTurnaroundTime                    0x080056b9   Thumb Code   158  stm32f7xx_ll_usb.o(i.USB_SetTurnaroundTime)
    USB_WritePacket                          0x080057a1   Thumb Code    36  stm32f7xx_ll_usb.o(i.USB_WritePacket)
    UsageFault_Handler                       0x080057c5   Thumb Code     2  stm32f7xx_it.o(i.UsageFault_Handler)
    __scatterload_copy                       0x080057e9   Thumb Code    14  handlers.o(i.__scatterload_copy)
    __scatterload_null                       0x080057f7   Thumb Code     2  handlers.o(i.__scatterload_null)
    __scatterload_zeroinit                   0x080057f9   Thumb Code    14  handlers.o(i.__scatterload_zeroinit)
    free                                     0x08005809   Thumb Code    76  malloc.o(i.free)
    getAMTPos                                0x08005859   Thumb Code   144  main.o(i.getAMTPos)
    main                                     0x080058f1   Thumb Code   166  main.o(i.main)
    malloc                                   0x080059ad   Thumb Code    92  malloc.o(i.malloc)
    AHBPrescTable                            0x08005a20   Data          16  system_stm32f7xx.o(.constdata)
    APBPrescTable                            0x08005a30   Data           8  system_stm32f7xx.o(.constdata)
    Region$$Table$$Base                      0x08005a38   Number         0  anon$$obj.o(Region$$Table)
    Region$$Table$$Limit                     0x08005a58   Number         0  anon$$obj.o(Region$$Table)
    readyToSend                              0x20000000   Data           1  main.o(.data)
    lowEightMask                             0x20000001   Data           1  main.o(.data)
    initPos                                  0x20000002   Data           2  main.o(.data)
    quadraturePos                            0x20000004   Data           2  main.o(.data)
    lowTwelveMask                            0x20000006   Data           2  main.o(.data)
    encoderStart                             0x20000008   Data           4  main.o(.data)
    dataStart                                0x2000000c   Data           4  main.o(.data)
    FS_Desc                                  0x20000010   Data          32  usbd_desc.o(.data)
    USBD_LangIDDesc                          0x20000030   Data           4  usbd_desc.o(.data)
    USBD_FS_DeviceDesc                       0x20000034   Data          18  usbd_desc.o(.data)
    USBD_FS_BOSDesc                          0x20000048   Data          12  usbd_desc.o(.data)
    USBD_StringSerial                        0x20000054   Data          26  usbd_desc.o(.data)
    USBD_Interface_fops_FS                   0x20000070   Data          16  usbd_cdc_if.o(.data)
    uwTickFreq                               0x20000080   Data           1  stm32f7xx_hal.o(.data)
    uwTickPrio                               0x20000084   Data           4  stm32f7xx_hal.o(.data)
    uwTick                                   0x20000088   Data           4  stm32f7xx_hal.o(.data)
    SystemCoreClock                          0x2000008c   Data           4  system_stm32f7xx.o(.data)
    USBD_CDC_CfgHSDesc                       0x200000a0   Data          67  usbd_cdc.o(.data)
    USBD_CDC_CfgFSDesc                       0x200000e4   Data          67  usbd_cdc.o(.data)
    USBD_CDC_OtherSpeedCfgDesc               0x20000128   Data          67  usbd_cdc.o(.data)
    USBD_CDC                                 0x2000016c   Data          56  usbd_cdc.o(.data)
    __microlib_freelist                      0x200001a4   Data           4  mvars.o(.data)
    __microlib_freelist_initialised          0x200001a8   Data           4  mvars.o(.data)
    hadc1                                    0x200001ac   Data          72  main.o(.bss)
    hspi1                                    0x200001f4   Data         100  main.o(.bss)
    htim1                                    0x20000258   Data          64  main.o(.bss)
    htim3                                    0x20000298   Data          64  main.o(.bss)
    huart2                                   0x200002d8   Data         128  main.o(.bss)
    vals                                     0x20000358   Data         500  main.o(.bss)
    hdma_adc1                                0x2000054c   Data          96  main.o(.bss)
    hUsbDeviceFS                             0x200005ac   Data         668  usb_device.o(.bss)
    hpcd_USB_OTG_FS                          0x20000848   Data        1028  usbd_conf.o(.bss)
    USBD_StrDesc                             0x20000c4c   Data         512  usbd_desc.o(.bss)
    UserRxBufferFS                           0x20000e4c   Data        2048  usbd_cdc_if.o(.bss)
    UserTxBufferFS                           0x2000164c   Data        2048  usbd_cdc_if.o(.bss)
    __heap_base                              0x20001e50   Data           0  startup_stm32f746xx.o(HEAP)
    __heap_limit                             0x20002250   Data           0  startup_stm32f746xx.o(HEAP)
    __initial_sp                             0x20002a50   Data           0  startup_stm32f746xx.o(STACK)



==============================================================================

Memory Map of the image

  Image Entry point : 0x080001c9

  Load Region LR_IROM1 (Base: 0x08000000, Size: 0x00005c04, Max: 0x00100000, ABSOLUTE, COMPRESSED[0x00005b34])

    Execution Region ER_IROM1 (Exec base: 0x08000000, Load base: 0x08000000, Size: 0x00005a58, Max: 0x00100000, ABSOLUTE)

    Exec Addr    Load Addr    Size         Type   Attr      Idx    E Section Name        Object

    0x08000000   0x08000000   0x000001c8   Data   RO            3    RESET               startup_stm32f746xx.o
    0x080001c8   0x080001c8   0x00000000   Code   RO         5609  * .ARM.Collect$$$$00000000  mc_w.l(entry.o)
    0x080001c8   0x080001c8   0x00000004   Code   RO         5678    .ARM.Collect$$$$00000001  mc_w.l(entry2.o)
    0x080001cc   0x080001cc   0x00000004   Code   RO         5681    .ARM.Collect$$$$00000004  mc_w.l(entry5.o)
    0x080001d0   0x080001d0   0x00000000   Code   RO         5683    .ARM.Collect$$$$00000008  mc_w.l(entry7b.o)
    0x080001d0   0x080001d0   0x00000000   Code   RO         5685    .ARM.Collect$$$$0000000A  mc_w.l(entry8b.o)
    0x080001d0   0x080001d0   0x00000008   Code   RO         5686    .ARM.Collect$$$$0000000B  mc_w.l(entry9a.o)
    0x080001d8   0x080001d8   0x00000000   Code   RO         5688    .ARM.Collect$$$$0000000D  mc_w.l(entry10a.o)
    0x080001d8   0x080001d8   0x00000000   Code   RO         5690    .ARM.Collect$$$$0000000F  mc_w.l(entry11a.o)
    0x080001d8   0x080001d8   0x00000004   Code   RO         5679    .ARM.Collect$$$$00002712  mc_w.l(entry2.o)
    0x080001dc   0x080001dc   0x00000024   Code   RO            4    .text               startup_stm32f746xx.o
    0x08000200   0x08000200   0x00000062   Code   RO         5612    .text               mc_w.l(uldiv.o)
    0x08000262   0x08000262   0x00000024   Code   RO         5614    .text               mc_w.l(memcpya.o)
    0x08000286   0x08000286   0x00000024   Code   RO         5616    .text               mc_w.l(memseta.o)
    0x080002aa   0x080002aa   0x0000001e   Code   RO         5697    .text               mc_w.l(llshl.o)
    0x080002c8   0x080002c8   0x00000020   Code   RO         5699    .text               mc_w.l(llushr.o)
    0x080002e8   0x080002e8   0x00000024   Code   RO         5714    .text               mc_w.l(init.o)
    0x0800030c   0x0800030c   0x00000056   Code   RO         5730    .text               mc_w.l(__dczerorl2.o)
    0x08000362   0x08000362   0x0000006e   Code   RO         1578    i.ADC_DMAConvCplt   stm32f7xx_hal_adc.o
    0x080003d0   0x080003d0   0x00000016   Code   RO         1579    i.ADC_DMAError      stm32f7xx_hal_adc.o
    0x080003e6   0x080003e6   0x0000000a   Code   RO         1580    i.ADC_DMAHalfConvCplt  stm32f7xx_hal_adc.o
    0x080003f0   0x080003f0   0x0000000c   Code   RO          813    i.ADC_IRQHandler    stm32f7xx_it.o
    0x080003fc   0x080003fc   0x00000138   Code   RO         1581    i.ADC_Init          stm32f7xx_hal_adc.o
    0x08000534   0x08000534   0x00000002   Code   RO          814    i.BusFault_Handler  stm32f7xx_it.o
    0x08000536   0x08000536   0x00000004   Code   RO          761    i.CDC_Control_FS    usbd_cdc_if.o
    0x0800053a   0x0800053a   0x00000004   Code   RO          762    i.CDC_DeInit_FS     usbd_cdc_if.o
    0x0800053e   0x0800053e   0x00000002   PAD
    0x08000540   0x08000540   0x00000024   Code   RO          763    i.CDC_Init_FS       usbd_cdc_if.o
    0x08000564   0x08000564   0x00000018   Code   RO          764    i.CDC_Receive_FS    usbd_cdc_if.o
    0x0800057c   0x0800057c   0x0000002c   Code   RO          765    i.CDC_Transmit_FS   usbd_cdc_if.o
    0x080005a8   0x080005a8   0x0000000c   Code   RO          815    i.DMA2_Stream0_IRQHandler  stm32f7xx_it.o
    0x080005b4   0x080005b4   0x00000028   Code   RO         4085    i.DMA_CalcBaseAndBitshift  stm32f7xx_hal_dma.o
    0x080005dc   0x080005dc   0x00000054   Code   RO         4086    i.DMA_CheckFifoParam  stm32f7xx_hal_dma.o
    0x08000630   0x08000630   0x00000028   Code   RO         4087    i.DMA_SetConfig     stm32f7xx_hal_dma.o
    0x08000658   0x08000658   0x00000028   Code   RO           13    i.DWT_Delay         main.o
    0x08000680   0x08000680   0x00000030   Code   RO           14    i.DWT_Init          main.o
    0x080006b0   0x080006b0   0x00000002   Code   RO          816    i.DebugMon_Handler  stm32f7xx_it.o
    0x080006b2   0x080006b2   0x00000002   Code   RO           15    i.Error_Handler     main.o
    0x080006b4   0x080006b4   0x00000002   Code   RO         1752    i.HAL_ADCEx_InjectedConvCpltCallback  stm32f7xx_hal_adc_ex.o
    0x080006b6   0x080006b6   0x00000002   PAD
    0x080006b8   0x080006b8   0x00000164   Code   RO         1583    i.HAL_ADC_ConfigChannel  stm32f7xx_hal_adc.o
    0x0800081c   0x0800081c   0x00000010   Code   RO           16    i.HAL_ADC_ConvCpltCallback  main.o
    0x0800082c   0x0800082c   0x00000002   Code   RO         1585    i.HAL_ADC_ConvHalfCpltCallback  stm32f7xx_hal_adc.o
    0x0800082e   0x0800082e   0x00000002   Code   RO         1587    i.HAL_ADC_ErrorCallback  stm32f7xx_hal_adc.o
    0x08000830   0x08000830   0x0000013c   Code   RO         1591    i.HAL_ADC_IRQHandler  stm32f7xx_hal_adc.o
    0x0800096c   0x0800096c   0x00000054   Code   RO         1592    i.HAL_ADC_Init      stm32f7xx_hal_adc.o
    0x080009c0   0x080009c0   0x00000002   Code   RO         1593    i.HAL_ADC_LevelOutOfWindowCallback  stm32f7xx_hal_adc.o
    0x080009c2   0x080009c2   0x00000002   PAD
    0x080009c4   0x080009c4   0x000000a4   Code   RO          914    i.HAL_ADC_MspInit   stm32f7xx_hal_msp.o
    0x08000a68   0x08000a68   0x00000120   Code   RO         1599    i.HAL_ADC_Start_DMA  stm32f7xx_hal_adc.o
    0x08000b88   0x08000b88   0x000001a0   Code   RO         4093    i.HAL_DMA_IRQHandler  stm32f7xx_hal_dma.o
    0x08000d28   0x08000d28   0x000000e4   Code   RO         4094    i.HAL_DMA_Init      stm32f7xx_hal_dma.o
    0x08000e0c   0x08000e0c   0x0000007a   Code   RO         4098    i.HAL_DMA_Start_IT  stm32f7xx_hal_dma.o
    0x08000e86   0x08000e86   0x00000002   PAD
    0x08000e88   0x08000e88   0x00000024   Code   RO         4455    i.HAL_Delay         stm32f7xx_hal.o
    0x08000eac   0x08000eac   0x000001d8   Code   RO         4022    i.HAL_GPIO_Init     stm32f7xx_hal_gpio.o
    0x08001084   0x08001084   0x0000000a   Code   RO         4026    i.HAL_GPIO_WritePin  stm32f7xx_hal_gpio.o
    0x0800108e   0x0800108e   0x00000002   PAD
    0x08001090   0x08001090   0x0000000c   Code   RO         4463    i.HAL_GetTick       stm32f7xx_hal.o
    0x0800109c   0x0800109c   0x00000010   Code   RO         4469    i.HAL_IncTick       stm32f7xx_hal.o
    0x080010ac   0x080010ac   0x00000016   Code   RO         4470    i.HAL_Init          stm32f7xx_hal.o
    0x080010c2   0x080010c2   0x00000002   PAD
    0x080010c4   0x080010c4   0x00000040   Code   RO         4471    i.HAL_InitTick      stm32f7xx_hal.o
    0x08001104   0x08001104   0x00000030   Code   RO          915    i.HAL_MspInit       stm32f7xx_hal_msp.o
    0x08001134   0x08001134   0x00000022   Code   RO         1857    i.HAL_NVIC_DisableIRQ  stm32f7xx_hal_cortex.o
    0x08001156   0x08001156   0x0000001a   Code   RO         1858    i.HAL_NVIC_EnableIRQ  stm32f7xx_hal_cortex.o
    0x08001170   0x08001170   0x00000040   Code   RO         1864    i.HAL_NVIC_SetPriority  stm32f7xx_hal_cortex.o
    0x080011b0   0x080011b0   0x00000024   Code   RO         1865    i.HAL_NVIC_SetPriorityGrouping  stm32f7xx_hal_cortex.o
    0x080011d4   0x080011d4   0x00000028   Code   RO         1224    i.HAL_PCDEx_ActivateLPM  stm32f7xx_hal_pcd_ex.o
    0x080011fc   0x080011fc   0x00000060   Code   RO          468    i.HAL_PCDEx_LPM_Callback  usbd_conf.o
    0x0800125c   0x0800125c   0x00000008   Code   RO         1228    i.HAL_PCDEx_SetRxFiFo  stm32f7xx_hal_pcd_ex.o
    0x08001264   0x08001264   0x00000046   Code   RO         1229    i.HAL_PCDEx_SetTxFiFo  stm32f7xx_hal_pcd_ex.o
    0x080012aa   0x080012aa   0x00000008   Code   RO          469    i.HAL_PCD_ConnectCallback  usbd_conf.o
    0x080012b2   0x080012b2   0x00000012   Code   RO          470    i.HAL_PCD_DataInStageCallback  usbd_conf.o
    0x080012c4   0x080012c4   0x00000014   Code   RO          471    i.HAL_PCD_DataOutStageCallback  usbd_conf.o
    0x080012d8   0x080012d8   0x00000008   Code   RO          472    i.HAL_PCD_DisconnectCallback  usbd_conf.o
    0x080012e0   0x080012e0   0x0000004c   Code   RO         1013    i.HAL_PCD_EP_Close  stm32f7xx_hal_pcd.o
    0x0800132c   0x0800132c   0x0000005c   Code   RO         1014    i.HAL_PCD_EP_ClrStall  stm32f7xx_hal_pcd.o
    0x08001388   0x08001388   0x00000012   Code   RO         1016    i.HAL_PCD_EP_GetRxCount  stm32f7xx_hal_pcd.o
    0x0800139a   0x0800139a   0x00000060   Code   RO         1017    i.HAL_PCD_EP_Open   stm32f7xx_hal_pcd.o
    0x080013fa   0x080013fa   0x00000044   Code   RO         1018    i.HAL_PCD_EP_Receive  stm32f7xx_hal_pcd.o
    0x0800143e   0x0800143e   0x00000074   Code   RO         1019    i.HAL_PCD_EP_SetStall  stm32f7xx_hal_pcd.o
    0x080014b2   0x080014b2   0x00000044   Code   RO         1020    i.HAL_PCD_EP_Transmit  stm32f7xx_hal_pcd.o
    0x080014f6   0x080014f6   0x00000002   PAD
    0x080014f8   0x080014f8   0x000004aa   Code   RO         1022    i.HAL_PCD_IRQHandler  stm32f7xx_hal_pcd.o
    0x080019a2   0x080019a2   0x00000008   Code   RO          473    i.HAL_PCD_ISOINIncompleteCallback  usbd_conf.o
    0x080019aa   0x080019aa   0x00000008   Code   RO          474    i.HAL_PCD_ISOOUTIncompleteCallback  usbd_conf.o
    0x080019b2   0x080019b2   0x00000002   PAD
    0x080019b4   0x080019b4   0x000000ea   Code   RO         1025    i.HAL_PCD_Init      stm32f7xx_hal_pcd.o
    0x08001a9e   0x08001a9e   0x00000002   PAD
    0x08001aa0   0x08001aa0   0x0000009c   Code   RO          476    i.HAL_PCD_MspInit   usbd_conf.o
    0x08001b3c   0x08001b3c   0x0000002c   Code   RO          477    i.HAL_PCD_ResetCallback  usbd_conf.o
    0x08001b68   0x08001b68   0x00000008   Code   RO          478    i.HAL_PCD_ResumeCallback  usbd_conf.o
    0x08001b70   0x08001b70   0x00000008   Code   RO          479    i.HAL_PCD_SOFCallback  usbd_conf.o
    0x08001b78   0x08001b78   0x00000028   Code   RO         1031    i.HAL_PCD_SetAddress  stm32f7xx_hal_pcd.o
    0x08001ba0   0x08001ba0   0x0000000e   Code   RO          480    i.HAL_PCD_SetupStageCallback  usbd_conf.o
    0x08001bae   0x08001bae   0x0000002a   Code   RO         1033    i.HAL_PCD_Start     stm32f7xx_hal_pcd.o
    0x08001bd8   0x08001bd8   0x00000030   Code   RO          481    i.HAL_PCD_SuspendCallback  usbd_conf.o
    0x08001c08   0x08001c08   0x0000006c   Code   RO         4362    i.HAL_PWREx_EnableOverDrive  stm32f7xx_hal_pwr_ex.o
    0x08001c74   0x08001c74   0x000004fc   Code   RO         3783    i.HAL_RCCEx_PeriphCLKConfig  stm32f7xx_hal_rcc_ex.o
    0x08002170   0x08002170   0x0000012c   Code   RO         3676    i.HAL_RCC_ClockConfig  stm32f7xx_hal_rcc.o
    0x0800229c   0x0800229c   0x0000000c   Code   RO         3681    i.HAL_RCC_GetHCLKFreq  stm32f7xx_hal_rcc.o
    0x080022a8   0x080022a8   0x00000020   Code   RO         3683    i.HAL_RCC_GetPCLK1Freq  stm32f7xx_hal_rcc.o
    0x080022c8   0x080022c8   0x00000020   Code   RO         3684    i.HAL_RCC_GetPCLK2Freq  stm32f7xx_hal_rcc.o
    0x080022e8   0x080022e8   0x00000060   Code   RO         3685    i.HAL_RCC_GetSysClockFreq  stm32f7xx_hal_rcc.o
    0x08002348   0x08002348   0x00000338   Code   RO         3688    i.HAL_RCC_OscConfig  stm32f7xx_hal_rcc.o
    0x08002680   0x08002680   0x000000c4   Code   RO         1999    i.HAL_SPI_Init      stm32f7xx_hal_spi.o
    0x08002744   0x08002744   0x0000008c   Code   RO          917    i.HAL_SPI_MspInit   stm32f7xx_hal_msp.o
    0x080027d0   0x080027d0   0x00000260   Code   RO         2008    i.HAL_SPI_TransmitReceive  stm32f7xx_hal_spi.o
    0x08002a30   0x08002a30   0x00000026   Code   RO         1869    i.HAL_SYSTICK_Config  stm32f7xx_hal_cortex.o
    0x08002a56   0x08002a56   0x00000002   Code   RO         3026    i.HAL_TIMEx_Break2Callback  stm32f7xx_hal_tim_ex.o
    0x08002a58   0x08002a58   0x00000002   Code   RO         3027    i.HAL_TIMEx_BreakCallback  stm32f7xx_hal_tim_ex.o
    0x08002a5a   0x08002a5a   0x00000002   Code   RO         3028    i.HAL_TIMEx_CommutCallback  stm32f7xx_hal_tim_ex.o
    0x08002a5c   0x08002a5c   0x00000060   Code   RO         3046    i.HAL_TIMEx_MasterConfigSynchronization  stm32f7xx_hal_tim_ex.o
    0x08002abc   0x08002abc   0x00000036   Code   RO         2341    i.HAL_TIM_Base_Init  stm32f7xx_hal_tim.o
    0x08002af2   0x08002af2   0x00000002   PAD
    0x08002af4   0x08002af4   0x0000003c   Code   RO          919    i.HAL_TIM_Base_MspInit  stm32f7xx_hal_msp.o
    0x08002b30   0x08002b30   0x000000dc   Code   RO         2350    i.HAL_TIM_ConfigClockSource  stm32f7xx_hal_tim.o
    0x08002c0c   0x08002c0c   0x000000a8   Code   RO         2359    i.HAL_TIM_Encoder_Init  stm32f7xx_hal_tim.o
    0x08002cb4   0x08002cb4   0x00000068   Code   RO          921    i.HAL_TIM_Encoder_MspInit  stm32f7xx_hal_msp.o
    0x08002d1c   0x08002d1c   0x00000034   Code   RO         2362    i.HAL_TIM_Encoder_Start  stm32f7xx_hal_tim.o
    0x08002d50   0x08002d50   0x00000002   Code   RO         2370    i.HAL_TIM_IC_CaptureCallback  stm32f7xx_hal_tim.o
    0x08002d52   0x08002d52   0x00000182   Code   RO         2384    i.HAL_TIM_IRQHandler  stm32f7xx_hal_tim.o
    0x08002ed4   0x08002ed4   0x00000050   Code   RO          922    i.HAL_TIM_MspPostInit  stm32f7xx_hal_msp.o
    0x08002f24   0x08002f24   0x00000002   Code   RO         2387    i.HAL_TIM_OC_DelayElapsedCallback  stm32f7xx_hal_tim.o
    0x08002f26   0x08002f26   0x00000128   Code   RO         2408    i.HAL_TIM_PWM_ConfigChannel  stm32f7xx_hal_tim.o
    0x0800304e   0x0800304e   0x00000036   Code   RO         2411    i.HAL_TIM_PWM_Init  stm32f7xx_hal_tim.o
    0x08003084   0x08003084   0x00000002   Code   RO         2413    i.HAL_TIM_PWM_MspInit  stm32f7xx_hal_tim.o
    0x08003086   0x08003086   0x00000002   Code   RO         2414    i.HAL_TIM_PWM_PulseFinishedCallback  stm32f7xx_hal_tim.o
    0x08003088   0x08003088   0x00000044   Code   RO           17    i.HAL_TIM_PeriodElapsedCallback  main.o
    0x080030cc   0x080030cc   0x00000002   Code   RO         2427    i.HAL_TIM_TriggerCallback  stm32f7xx_hal_tim.o
    0x080030ce   0x080030ce   0x00000066   Code   RO         3315    i.HAL_UART_Init     stm32f7xx_hal_uart.o
    0x08003134   0x08003134   0x00000084   Code   RO          924    i.HAL_UART_MspInit  stm32f7xx_hal_msp.o
    0x080031b8   0x080031b8   0x00000002   Code   RO          817    i.HardFault_Handler  stm32f7xx_it.o
    0x080031ba   0x080031ba   0x00000002   PAD
    0x080031bc   0x080031bc   0x00000038   Code   RO          669    i.IntToUnicode      usbd_desc.o
    0x080031f4   0x080031f4   0x00000058   Code   RO           18    i.MX_ADC1_Init      main.o
    0x0800324c   0x0800324c   0x00000180   Code   RO           19    i.MX_GPIO_Init      main.o
    0x080033cc   0x080033cc   0x00000044   Code   RO           20    i.MX_SPI1_Init      main.o
    0x08003410   0x08003410   0x00000060   Code   RO           21    i.MX_TIM1_Init      main.o
    0x08003470   0x08003470   0x0000007c   Code   RO           22    i.MX_TIM3_Init      main.o
    0x080034ec   0x080034ec   0x00000034   Code   RO           23    i.MX_USART2_UART_Init  main.o
    0x08003520   0x08003520   0x00000054   Code   RO          290    i.MX_USB_DEVICE_Init  usb_device.o
    0x08003574   0x08003574   0x00000002   Code   RO          818    i.MemManage_Handler  stm32f7xx_it.o
    0x08003576   0x08003576   0x00000002   Code   RO          819    i.NMI_Handler       stm32f7xx_it.o
    0x08003578   0x08003578   0x0000000c   Code   RO          820    i.OTG_FS_IRQHandler  stm32f7xx_it.o
    0x08003584   0x08003584   0x000000dc   Code   RO         1036    i.PCD_EP_OutXfrComplete_int  stm32f7xx_hal_pcd.o
    0x08003660   0x08003660   0x000000a2   Code   RO         1037    i.PCD_WriteEmptyTxFifo  stm32f7xx_hal_pcd.o
    0x08003702   0x08003702   0x00000002   Code   RO          821    i.PendSV_Handler    stm32f7xx_it.o
    0x08003704   0x08003704   0x00000048   Code   RO         2037    i.SPI_EndRxTxTransaction  stm32f7xx_hal_spi.o
    0x0800374c   0x0800374c   0x00000096   Code   RO         2042    i.SPI_WaitFifoStateUntilTimeout  stm32f7xx_hal_spi.o
    0x080037e2   0x080037e2   0x00000094   Code   RO         2043    i.SPI_WaitFlagStateUntilTimeout  stm32f7xx_hal_spi.o
    0x08003876   0x08003876   0x00000002   Code   RO          822    i.SVC_Handler       stm32f7xx_it.o
    0x08003878   0x08003878   0x00000004   Code   RO          823    i.SysTick_Handler   stm32f7xx_it.o
    0x0800387c   0x0800387c   0x000000a4   Code   RO           24    i.SystemClock_Config  main.o
    0x08003920   0x08003920   0x00000054   Code   RO         5206    i.SystemInit        system_stm32f7xx.o
    0x08003974   0x08003974   0x0000000c   Code   RO          824    i.TIM3_IRQHandler   stm32f7xx_it.o
    0x08003980   0x08003980   0x000000cc   Code   RO         2429    i.TIM_Base_SetConfig  stm32f7xx_hal_tim.o
    0x08003a4c   0x08003a4c   0x0000001a   Code   RO         2430    i.TIM_CCxChannelCmd  stm32f7xx_hal_tim.o
    0x08003a66   0x08003a66   0x00000012   Code   RO         2440    i.TIM_ETR_SetConfig  stm32f7xx_hal_tim.o
    0x08003a78   0x08003a78   0x00000010   Code   RO         2441    i.TIM_ITRx_SetConfig  stm32f7xx_hal_tim.o
    0x08003a88   0x08003a88   0x00000074   Code   RO         2442    i.TIM_OC1_SetConfig  stm32f7xx_hal_tim.o
    0x08003afc   0x08003afc   0x00000078   Code   RO         2443    i.TIM_OC2_SetConfig  stm32f7xx_hal_tim.o
    0x08003b74   0x08003b74   0x00000078   Code   RO         2444    i.TIM_OC3_SetConfig  stm32f7xx_hal_tim.o
    0x08003bec   0x08003bec   0x00000058   Code   RO         2445    i.TIM_OC4_SetConfig  stm32f7xx_hal_tim.o
    0x08003c44   0x08003c44   0x00000058   Code   RO         2446    i.TIM_OC5_SetConfig  stm32f7xx_hal_tim.o
    0x08003c9c   0x08003c9c   0x00000058   Code   RO         2447    i.TIM_OC6_SetConfig  stm32f7xx_hal_tim.o
    0x08003cf4   0x08003cf4   0x00000022   Code   RO         2449    i.TIM_TI1_ConfigInputStage  stm32f7xx_hal_tim.o
    0x08003d16   0x08003d16   0x00000024   Code   RO         2451    i.TIM_TI2_ConfigInputStage  stm32f7xx_hal_tim.o
    0x08003d3a   0x08003d3a   0x000000c8   Code   RO         3328    i.UART_AdvFeatureConfig  stm32f7xx_hal_uart.o
    0x08003e02   0x08003e02   0x0000003c   Code   RO         3329    i.UART_CheckIdleState  stm32f7xx_hal_uart.o
    0x08003e3e   0x08003e3e   0x00000002   PAD
    0x08003e40   0x08003e40   0x00000254   Code   RO         3344    i.UART_SetConfig    stm32f7xx_hal_uart.o
    0x08004094   0x08004094   0x00000060   Code   RO         3347    i.UART_WaitOnFlagUntilTimeout  stm32f7xx_hal_uart.o
    0x080040f4   0x080040f4   0x0000004a   Code   RO         5506    i.USBD_CDC_DataIn   usbd_cdc.o
    0x0800413e   0x0800413e   0x0000002e   Code   RO         5507    i.USBD_CDC_DataOut  usbd_cdc.o
    0x0800416c   0x0800416c   0x00000044   Code   RO         5508    i.USBD_CDC_DeInit   usbd_cdc.o
    0x080041b0   0x080041b0   0x00000024   Code   RO         5509    i.USBD_CDC_EP0_RxReady  usbd_cdc.o
    0x080041d4   0x080041d4   0x0000000c   Code   RO         5510    i.USBD_CDC_GetDeviceQualifierDescriptor  usbd_cdc.o
    0x080041e0   0x080041e0   0x0000000c   Code   RO         5511    i.USBD_CDC_GetFSCfgDesc  usbd_cdc.o
    0x080041ec   0x080041ec   0x0000000c   Code   RO         5512    i.USBD_CDC_GetHSCfgDesc  usbd_cdc.o
    0x080041f8   0x080041f8   0x0000000c   Code   RO         5513    i.USBD_CDC_GetOtherSpeedCfgDesc  usbd_cdc.o
    0x08004204   0x08004204   0x00000094   Code   RO         5514    i.USBD_CDC_Init     usbd_cdc.o
    0x08004298   0x08004298   0x00000028   Code   RO         5515    i.USBD_CDC_ReceivePacket  usbd_cdc.o
    0x080042c0   0x080042c0   0x00000014   Code   RO         5516    i.USBD_CDC_RegisterInterface  usbd_cdc.o
    0x080042d4   0x080042d4   0x0000000c   Code   RO         5517    i.USBD_CDC_SetRxBuffer  usbd_cdc.o
    0x080042e0   0x080042e0   0x00000010   Code   RO         5518    i.USBD_CDC_SetTxBuffer  usbd_cdc.o
    0x080042f0   0x080042f0   0x000000ae   Code   RO         5519    i.USBD_CDC_Setup    usbd_cdc.o
    0x0800439e   0x0800439e   0x00000036   Code   RO         5520    i.USBD_CDC_TransmitPacket  usbd_cdc.o
    0x080043d4   0x080043d4   0x0000000e   Code   RO         5243    i.USBD_ClrClassConfig  usbd_core.o
    0x080043e2   0x080043e2   0x00000010   Code   RO         5446    i.USBD_CtlContinueRx  usbd_ioreq.o
    0x080043f2   0x080043f2   0x00000010   Code   RO         5447    i.USBD_CtlContinueSendData  usbd_ioreq.o
    0x08004402   0x08004402   0x00000016   Code   RO         5381    i.USBD_CtlError     usbd_ctlreq.o
    0x08004418   0x08004418   0x0000001e   Code   RO         5448    i.USBD_CtlPrepareRx  usbd_ioreq.o
    0x08004436   0x08004436   0x00000016   Code   RO         5449    i.USBD_CtlReceiveStatus  usbd_ioreq.o
    0x0800444c   0x0800444c   0x0000001a   Code   RO         5450    i.USBD_CtlSendData  usbd_ioreq.o
    0x08004466   0x08004466   0x00000016   Code   RO         5451    i.USBD_CtlSendStatus  usbd_ioreq.o
    0x0800447c   0x0800447c   0x00000020   Code   RO          670    i.USBD_FS_ConfigStrDescriptor  usbd_desc.o
    0x0800449c   0x0800449c   0x0000000c   Code   RO          671    i.USBD_FS_DeviceDescriptor  usbd_desc.o
    0x080044a8   0x080044a8   0x00000024   Code   RO          672    i.USBD_FS_InterfaceStrDescriptor  usbd_desc.o
    0x080044cc   0x080044cc   0x0000000c   Code   RO          673    i.USBD_FS_LangIDStrDescriptor  usbd_desc.o
    0x080044d8   0x080044d8   0x00000028   Code   RO          674    i.USBD_FS_ManufacturerStrDescriptor  usbd_desc.o
    0x08004500   0x08004500   0x0000002c   Code   RO          675    i.USBD_FS_ProductStrDescriptor  usbd_desc.o
    0x0800452c   0x0800452c   0x0000003c   Code   RO          676    i.USBD_FS_SerialStrDescriptor  usbd_desc.o
    0x08004568   0x08004568   0x0000000c   Code   RO          677    i.USBD_FS_USR_BOSDescriptor  usbd_desc.o
    0x08004574   0x08004574   0x000000fe   Code   RO         5382    i.USBD_GetDescriptor  usbd_ctlreq.o
    0x08004672   0x08004672   0x0000004a   Code   RO         5383    i.USBD_GetString    usbd_ctlreq.o
    0x080046bc   0x080046bc   0x00000018   Code   RO          482    i.USBD_Get_USB_Status  usbd_conf.o
    0x080046d4   0x080046d4   0x0000002a   Code   RO         5245    i.USBD_Init         usbd_core.o
    0x080046fe   0x080046fe   0x00000012   Code   RO          483    i.USBD_LL_ClearStallEP  usbd_conf.o
    0x08004710   0x08004710   0x00000012   Code   RO          484    i.USBD_LL_CloseEP   usbd_conf.o
    0x08004722   0x08004722   0x000000c2   Code   RO         5246    i.USBD_LL_DataInStage  usbd_core.o
    0x080047e4   0x080047e4   0x00000082   Code   RO         5247    i.USBD_LL_DataOutStage  usbd_core.o
    0x08004866   0x08004866   0x00000004   Code   RO         5248    i.USBD_LL_DevConnected  usbd_core.o
    0x0800486a   0x0800486a   0x00000016   Code   RO         5249    i.USBD_LL_DevDisconnected  usbd_core.o
    0x08004880   0x08004880   0x00000008   Code   RO          488    i.USBD_LL_GetRxDataSize  usbd_conf.o
    0x08004888   0x08004888   0x00000060   Code   RO          489    i.USBD_LL_Init      usbd_conf.o
    0x080048e8   0x080048e8   0x00000020   Code   RO          490    i.USBD_LL_IsStallEP  usbd_conf.o
    0x08004908   0x08004908   0x00000004   Code   RO         5250    i.USBD_LL_IsoINIncomplete  usbd_core.o
    0x0800490c   0x0800490c   0x00000004   Code   RO         5251    i.USBD_LL_IsoOUTIncomplete  usbd_core.o
    0x08004910   0x08004910   0x00000018   Code   RO          491    i.USBD_LL_OpenEP    usbd_conf.o
    0x08004928   0x08004928   0x00000012   Code   RO          492    i.USBD_LL_PrepareReceive  usbd_conf.o
    0x0800493a   0x0800493a   0x00000050   Code   RO         5252    i.USBD_LL_Reset     usbd_core.o
    0x0800498a   0x0800498a   0x0000000c   Code   RO         5253    i.USBD_LL_Resume    usbd_core.o
    0x08004996   0x08004996   0x00000018   Code   RO         5254    i.USBD_LL_SOF       usbd_core.o
    0x080049ae   0x080049ae   0x00000006   Code   RO         5255    i.USBD_LL_SetSpeed  usbd_core.o
    0x080049b4   0x080049b4   0x00000012   Code   RO          493    i.USBD_LL_SetUSBAddress  usbd_conf.o
    0x080049c6   0x080049c6   0x00000056   Code   RO         5256    i.USBD_LL_SetupStage  usbd_core.o
    0x08004a1c   0x08004a1c   0x00000012   Code   RO          494    i.USBD_LL_StallEP   usbd_conf.o
    0x08004a2e   0x08004a2e   0x00000012   Code   RO          495    i.USBD_LL_Start     usbd_conf.o
    0x08004a40   0x08004a40   0x00000012   Code   RO         5257    i.USBD_LL_Suspend   usbd_core.o
    0x08004a52   0x08004a52   0x00000012   Code   RO          497    i.USBD_LL_Transmit  usbd_conf.o
    0x08004a64   0x08004a64   0x00000028   Code   RO         5384    i.USBD_ParseSetupRequest  usbd_ctlreq.o
    0x08004a8c   0x08004a8c   0x00000012   Code   RO         5258    i.USBD_RegisterClass  usbd_core.o
    0x08004a9e   0x08004a9e   0x00000016   Code   RO         5260    i.USBD_SetClassConfig  usbd_core.o
    0x08004ab4   0x08004ab4   0x00000088   Code   RO         5385    i.USBD_SetConfig    usbd_ctlreq.o
    0x08004b3c   0x08004b3c   0x0000000a   Code   RO         5261    i.USBD_Start        usbd_core.o
    0x08004b46   0x08004b46   0x00000114   Code   RO         5386    i.USBD_StdDevReq    usbd_ctlreq.o
    0x08004c5a   0x08004c5a   0x00000150   Code   RO         5387    i.USBD_StdEPReq     usbd_ctlreq.o
    0x08004daa   0x08004daa   0x0000004e   Code   RO         5388    i.USBD_StdItfReq    usbd_ctlreq.o
    0x08004df8   0x08004df8   0x00000080   Code   RO         1279    i.USB_ActivateEndpoint  stm32f7xx_ll_usb.o
    0x08004e78   0x08004e78   0x00000034   Code   RO         1281    i.USB_ActivateSetup  stm32f7xx_ll_usb.o
    0x08004eac   0x08004eac   0x0000006c   Code   RO         1283    i.USB_CoreInit      stm32f7xx_ll_usb.o
    0x08004f18   0x08004f18   0x00000038   Code   RO         1284    i.USB_CoreReset     stm32f7xx_ll_usb.o
    0x08004f50   0x08004f50   0x00000080   Code   RO         1287    i.USB_DeactivateEndpoint  stm32f7xx_ll_usb.o
    0x08004fd0   0x08004fd0   0x00000018   Code   RO         1288    i.USB_DevConnect    stm32f7xx_ll_usb.o
    0x08004fe8   0x08004fe8   0x00000018   Code   RO         1289    i.USB_DevDisconnect  stm32f7xx_ll_usb.o
    0x08005000   0x08005000   0x00000194   Code   RO         1290    i.USB_DevInit       stm32f7xx_ll_usb.o
    0x08005194   0x08005194   0x0000000c   Code   RO         1291    i.USB_DisableGlobalInt  stm32f7xx_ll_usb.o
    0x080051a0   0x080051a0   0x00000110   Code   RO         1294    i.USB_EP0StartXfer  stm32f7xx_ll_usb.o
    0x080052b0   0x080052b0   0x00000058   Code   RO         1295    i.USB_EP0_OutStart  stm32f7xx_ll_usb.o
    0x08005308   0x08005308   0x00000058   Code   RO         1296    i.USB_EPClearStall  stm32f7xx_ll_usb.o
    0x08005360   0x08005360   0x00000058   Code   RO         1297    i.USB_EPSetStall    stm32f7xx_ll_usb.o
    0x080053b8   0x080053b8   0x000001c8   Code   RO         1298    i.USB_EPStartXfer   stm32f7xx_ll_usb.o
    0x08005580   0x08005580   0x0000000c   Code   RO         1299    i.USB_EnableGlobalInt  stm32f7xx_ll_usb.o
    0x0800558c   0x0800558c   0x00000020   Code   RO         1300    i.USB_FlushRxFifo   stm32f7xx_ll_usb.o
    0x080055ac   0x080055ac   0x00000024   Code   RO         1301    i.USB_FlushTxFifo   stm32f7xx_ll_usb.o
    0x080055d0   0x080055d0   0x0000001a   Code   RO         1303    i.USB_GetDevSpeed   stm32f7xx_ll_usb.o
    0x080055ea   0x080055ea   0x00000008   Code   RO         1305    i.USB_GetMode       stm32f7xx_ll_usb.o
    0x080055f2   0x080055f2   0x0000000e   Code   RO         1312    i.USB_ReadDevAllInEpInterrupt  stm32f7xx_ll_usb.o
    0x08005600   0x08005600   0x0000000e   Code   RO         1313    i.USB_ReadDevAllOutEpInterrupt  stm32f7xx_ll_usb.o
    0x0800560e   0x0800560e   0x00000024   Code   RO         1314    i.USB_ReadDevInEPInterrupt  stm32f7xx_ll_usb.o
    0x08005632   0x08005632   0x00000010   Code   RO         1315    i.USB_ReadDevOutEPInterrupt  stm32f7xx_ll_usb.o
    0x08005642   0x08005642   0x00000008   Code   RO         1316    i.USB_ReadInterrupts  stm32f7xx_ll_usb.o
    0x0800564a   0x0800564a   0x0000001c   Code   RO         1317    i.USB_ReadPacket    stm32f7xx_ll_usb.o
    0x08005666   0x08005666   0x0000002e   Code   RO         1319    i.USB_SetCurrentMode  stm32f7xx_ll_usb.o
    0x08005694   0x08005694   0x00000022   Code   RO         1320    i.USB_SetDevAddress  stm32f7xx_ll_usb.o
    0x080056b6   0x080056b6   0x00000002   PAD
    0x080056b8   0x080056b8   0x000000e8   Code   RO         1322    i.USB_SetTurnaroundTime  stm32f7xx_ll_usb.o
    0x080057a0   0x080057a0   0x00000024   Code   RO         1325    i.USB_WritePacket   stm32f7xx_ll_usb.o
    0x080057c4   0x080057c4   0x00000002   Code   RO          825    i.UsageFault_Handler  stm32f7xx_it.o
    0x080057c6   0x080057c6   0x00000022   Code   RO         1871    i.__NVIC_SetPriority  stm32f7xx_hal_cortex.o
    0x080057e8   0x080057e8   0x0000000e   Code   RO         5724    i.__scatterload_copy  mc_w.l(handlers.o)
    0x080057f6   0x080057f6   0x00000002   Code   RO         5725    i.__scatterload_null  mc_w.l(handlers.o)
    0x080057f8   0x080057f8   0x0000000e   Code   RO         5726    i.__scatterload_zeroinit  mc_w.l(handlers.o)
    0x08005806   0x08005806   0x00000002   PAD
    0x08005808   0x08005808   0x00000050   Code   RO         5650    i.free              mc_w.l(malloc.o)
    0x08005858   0x08005858   0x00000098   Code   RO           25    i.getAMTPos         main.o
    0x080058f0   0x080058f0   0x000000bc   Code   RO           26    i.main              main.o
    0x080059ac   0x080059ac   0x0000006c   Code   RO         5651    i.malloc            mc_w.l(malloc.o)
    0x08005a18   0x08005a18   0x00000008   Data   RO         4100    .constdata          stm32f7xx_hal_dma.o
    0x08005a20   0x08005a20   0x00000010   Data   RO         5207    .constdata          system_stm32f7xx.o
    0x08005a30   0x08005a30   0x00000008   Data   RO         5208    .constdata          system_stm32f7xx.o
    0x08005a38   0x08005a38   0x00000020   Data   RO         5722    Region$$Table       anon$$obj.o


    Execution Region RW_IRAM1 (Exec base: 0x20000000, Load base: 0x08005a58, Size: 0x00002a50, Max: 0x00050000, ABSOLUTE, COMPRESSED[0x000000dc])

    Exec Addr    Load Addr    Size         Type   Attr      Idx    E Section Name        Object

    0x20000000   COMPRESSED   0x00000010   Data   RW           35    .data               main.o
    0x20000010   COMPRESSED   0x00000020   Data   RW          679    .data               usbd_desc.o
    0x20000030   COMPRESSED   0x0000003e   Data   RW          680    .data               usbd_desc.o
    0x2000006e   COMPRESSED   0x00000002   PAD
    0x20000070   COMPRESSED   0x00000010   Data   RW          767    .data               usbd_cdc_if.o
    0x20000080   COMPRESSED   0x0000000c   Data   RW         4477    .data               stm32f7xx_hal.o
    0x2000008c   COMPRESSED   0x00000004   Data   RW         5209    .data               system_stm32f7xx.o
    0x20000090   COMPRESSED   0x00000001   Data   RW         5389    .data               usbd_ctlreq.o
    0x20000091   COMPRESSED   0x00000003   PAD
    0x20000094   COMPRESSED   0x000000d7   Data   RW         5521    .data               usbd_cdc.o
    0x2000016b   COMPRESSED   0x00000001   PAD
    0x2000016c   COMPRESSED   0x00000038   Data   RW         5522    .data               usbd_cdc.o
    0x200001a4   COMPRESSED   0x00000004   Data   RW         5701    .data               mc_w.l(mvars.o)
    0x200001a8   COMPRESSED   0x00000004   Data   RW         5702    .data               mc_w.l(mvars.o)
    0x200001ac        -       0x000003a0   Zero   RW           29    .bss                main.o
    0x2000054c        -       0x00000060   Zero   RW           30    .bss                main.o
    0x200005ac        -       0x0000029c   Zero   RW          291    .bss                usb_device.o
    0x20000848        -       0x00000404   Zero   RW          498    .bss                usbd_conf.o
    0x20000c4c        -       0x00000200   Zero   RW          678    .bss                usbd_desc.o
    0x20000e4c        -       0x00001000   Zero   RW          766    .bss                usbd_cdc_if.o
    0x20001e4c   COMPRESSED   0x00000004   PAD
    0x20001e50        -       0x00000400   Zero   RW            2    HEAP                startup_stm32f746xx.o
    0x20002250        -       0x00000800   Zero   RW            1    STACK               startup_stm32f746xx.o


==============================================================================

Image component sizes


      Code (inc. data)   RO Data    RW Data    ZI Data      Debug   Object Name

      1490        168          0         16       1024     841579   main.o
        36          8        456          0       3072        856   startup_stm32f746xx.o
       150         24          0         12          0       9185   stm32f7xx_hal.o
      1504         60          0          0          0       8486   stm32f7xx_hal_adc.o
         2          0          0          0          0       1017   stm32f7xx_hal_adc_ex.o
       232         12          0          0          0      39813   stm32f7xx_hal_cortex.o
       930         16          8          0          0       5967   stm32f7xx_hal_dma.o
       482         54          0          0          0       2628   stm32f7xx_hal_gpio.o
       728         94          0          0          0       5328   stm32f7xx_hal_msp.o
      2426         16          0          0          0      13353   stm32f7xx_hal_pcd.o
       118          6          0          0          0       2572   stm32f7xx_hal_pcd_ex.o
       108          8          0          0          0       1304   stm32f7xx_hal_pwr_ex.o
      1296         70          0          0          0       5720   stm32f7xx_hal_rcc.o
      1276         16          0          0          0       2320   stm32f7xx_hal_rcc_ex.o
      1174          0          0          0          0       6173   stm32f7xx_hal_spi.o
      2194        136          0          0          0      18861   stm32f7xx_hal_tim.o
       102          8          0          0          0       3136   stm32f7xx_hal_tim_ex.o
      1054         70          0          0          0       5117   stm32f7xx_hal_uart.o
        68         24          0          0          0       6175   stm32f7xx_it.o
      2506        138          0          0          0      23291   stm32f7xx_ll_usb.o
        84         16         24          4          0       1283   system_stm32f7xx.o
        84         18          0          0        668     849267   usb_device.o
       736         16          0        271          0      13834   usbd_cdc.o
       112         22          0         16       4096       3440   usbd_cdc_if.o
       754         24          0          0       1028      16185   usbd_conf.o
       690          0          0          0          0      12617   usbd_core.o
      1216         22          0          1          0       8376   usbd_ctlreq.o
       304        110          0         94        512       6781   usbd_desc.o
       132          0          0          0          0       4664   usbd_ioreq.o

    ----------------------------------------------------------------------
     22014       1156        520        420      10404    1919328   Object Totals
         0          0         32          0          0          0   (incl. Generated)
        26          0          0          6          4          0   (incl. Padding)

    ----------------------------------------------------------------------

      Code (inc. data)   RO Data    RW Data    ZI Data      Debug   Library Member Name

        86          0          0          0          0          0   __dczerorl2.o
         0          0          0          0          0          0   entry.o
         0          0          0          0          0          0   entry10a.o
         0          0          0          0          0          0   entry11a.o
         8          4          0          0          0          0   entry2.o
         4          0          0          0          0          0   entry5.o
         0          0          0          0          0          0   entry7b.o
         0          0          0          0          0          0   entry8b.o
         8          4          0          0          0          0   entry9a.o
        30          0          0          0          0          0   handlers.o
        36          8          0          0          0         68   init.o
        30          0          0          0          0         68   llshl.o
        32          0          0          0          0         68   llushr.o
       188         20          0          0          0        160   malloc.o
        36          0          0          0          0         68   memcpya.o
        36          0          0          0          0        108   memseta.o
         0          0          0          8          0          0   mvars.o
        98          0          0          0          0         92   uldiv.o

    ----------------------------------------------------------------------
       594         36          0          8          0        632   Library Totals
         2          0          0          0          0          0   (incl. Padding)

    ----------------------------------------------------------------------

      Code (inc. data)   RO Data    RW Data    ZI Data      Debug   Library Name

       592         36          0          8          0        632   mc_w.l

    ----------------------------------------------------------------------
       594         36          0          8          0        632   Library Totals

    ----------------------------------------------------------------------

==============================================================================


      Code (inc. data)   RO Data    RW Data    ZI Data      Debug   

     22608       1192        520        428      10404    1896484   Grand Totals
     22608       1192        520        220      10404    1896484   ELF Image Totals (compressed)
     22608       1192        520        220          0          0   ROM Totals

==============================================================================

    Total RO  Size (Code + RO Data)                23128 (  22.59kB)
    Total RW  Size (RW Data + ZI Data)             10832 (  10.58kB)
    Total ROM Size (Code + RO Data + RW Data)      23348 (  22.80kB)

==============================================================================

