Component: ARM Compiler 5.06 update 6 (build 750) Tool: armlink [4d35ed]

==============================================================================

Section Cross References

    startup_stm32f746xx.o(RESET) refers to startup_stm32f746xx.o(STACK) for __initial_sp
    startup_stm32f746xx.o(RESET) refers to startup_stm32f746xx.o(.text) for Reset_Handler
    startup_stm32f746xx.o(RESET) refers to stm32f7xx_it.o(i.NMI_Handler) for NMI_Handler
    startup_stm32f746xx.o(RESET) refers to stm32f7xx_it.o(i.HardFault_Handler) for HardFault_Handler
    startup_stm32f746xx.o(RESET) refers to stm32f7xx_it.o(i.MemManage_Handler) for MemManage_Handler
    startup_stm32f746xx.o(RESET) refers to stm32f7xx_it.o(i.BusFault_Handler) for BusFault_Handler
    startup_stm32f746xx.o(RESET) refers to stm32f7xx_it.o(i.UsageFault_Handler) for UsageFault_Handler
    startup_stm32f746xx.o(RESET) refers to stm32f7xx_it.o(i.SVC_Handler) for SVC_Handler
    startup_stm32f746xx.o(RESET) refers to stm32f7xx_it.o(i.DebugMon_Handler) for DebugMon_Handler
    startup_stm32f746xx.o(RESET) refers to stm32f7xx_it.o(i.PendSV_Handler) for PendSV_Handler
    startup_stm32f746xx.o(RESET) refers to stm32f7xx_it.o(i.SysTick_Handler) for SysTick_Handler
    startup_stm32f746xx.o(RESET) refers to stm32f7xx_it.o(i.ADC_IRQHandler) for ADC_IRQHandler
    startup_stm32f746xx.o(RESET) refers to stm32f7xx_it.o(i.TIM3_IRQHandler) for TIM3_IRQHandler
    startup_stm32f746xx.o(RESET) refers to stm32f7xx_it.o(i.DMA2_Stream0_IRQHandler) for DMA2_Stream0_IRQHandler
    startup_stm32f746xx.o(RESET) refers to stm32f7xx_it.o(i.OTG_FS_IRQHandler) for OTG_FS_IRQHandler
    startup_stm32f746xx.o(.text) refers to system_stm32f7xx.o(i.SystemInit) for SystemInit
    startup_stm32f746xx.o(.text) refers to entry.o(.ARM.Collect$$$$00000000) for __main
    main.o(i.DWT_Delay) refers to system_stm32f7xx.o(.data) for SystemCoreClock
    main.o(i.HAL_ADC_ConvCpltCallback) refers to usbd_cdc_if.o(i.CDC_Transmit_FS) for CDC_Transmit_FS
    main.o(i.HAL_ADC_ConvCpltCallback) refers to stm32f7xx_hal_cortex.o(i.HAL_NVIC_EnableIRQ) for HAL_NVIC_EnableIRQ
    main.o(i.HAL_ADC_ConvCpltCallback) refers to main.o(.bss) for .bss
    main.o(i.HAL_TIM_PeriodElapsedCallback) refers to stm32f7xx_hal_cortex.o(i.HAL_NVIC_DisableIRQ) for HAL_NVIC_DisableIRQ
    main.o(i.HAL_TIM_PeriodElapsedCallback) refers to stm32f7xx_hal_adc.o(i.HAL_ADC_Start_DMA) for HAL_ADC_Start_DMA
    main.o(i.HAL_TIM_PeriodElapsedCallback) refers to main.o(.data) for .data
    main.o(i.HAL_TIM_PeriodElapsedCallback) refers to main.o(.bss) for .bss
    main.o(i.MX_ADC1_Init) refers to stm32f7xx_hal_adc.o(i.HAL_ADC_Init) for HAL_ADC_Init
    main.o(i.MX_ADC1_Init) refers to stm32f7xx_hal_adc.o(i.HAL_ADC_ConfigChannel) for HAL_ADC_ConfigChannel
    main.o(i.MX_ADC1_Init) refers to main.o(.bss) for .bss
    main.o(i.MX_GPIO_Init) refers to memseta.o(.text) for __aeabi_memclr4
    main.o(i.MX_GPIO_Init) refers to stm32f7xx_hal_gpio.o(i.HAL_GPIO_WritePin) for HAL_GPIO_WritePin
    main.o(i.MX_GPIO_Init) refers to stm32f7xx_hal_gpio.o(i.HAL_GPIO_Init) for HAL_GPIO_Init
    main.o(i.MX_SPI1_Init) refers to stm32f7xx_hal_spi.o(i.HAL_SPI_Init) for HAL_SPI_Init
    main.o(i.MX_SPI1_Init) refers to main.o(.bss) for .bss
    main.o(i.MX_TIM1_Init) refers to memseta.o(.text) for __aeabi_memclr4
    main.o(i.MX_TIM1_Init) refers to stm32f7xx_hal_tim.o(i.HAL_TIM_Encoder_Init) for HAL_TIM_Encoder_Init
    main.o(i.MX_TIM1_Init) refers to stm32f7xx_hal_tim_ex.o(i.HAL_TIMEx_MasterConfigSynchronization) for HAL_TIMEx_MasterConfigSynchronization
    main.o(i.MX_TIM1_Init) refers to main.o(.bss) for .bss
    main.o(i.MX_TIM3_Init) refers to memseta.o(.text) for __aeabi_memclr4
    main.o(i.MX_TIM3_Init) refers to stm32f7xx_hal_tim.o(i.HAL_TIM_Base_Init) for HAL_TIM_Base_Init
    main.o(i.MX_TIM3_Init) refers to stm32f7xx_hal_tim.o(i.HAL_TIM_ConfigClockSource) for HAL_TIM_ConfigClockSource
    main.o(i.MX_TIM3_Init) refers to stm32f7xx_hal_tim.o(i.HAL_TIM_PWM_Init) for HAL_TIM_PWM_Init
    main.o(i.MX_TIM3_Init) refers to stm32f7xx_hal_tim_ex.o(i.HAL_TIMEx_MasterConfigSynchronization) for HAL_TIMEx_MasterConfigSynchronization
    main.o(i.MX_TIM3_Init) refers to stm32f7xx_hal_tim.o(i.HAL_TIM_PWM_ConfigChannel) for HAL_TIM_PWM_ConfigChannel
    main.o(i.MX_TIM3_Init) refers to stm32f7xx_hal_msp.o(i.HAL_TIM_MspPostInit) for HAL_TIM_MspPostInit
    main.o(i.MX_TIM3_Init) refers to main.o(.bss) for .bss
    main.o(i.MX_USART2_UART_Init) refers to stm32f7xx_hal_uart.o(i.HAL_UART_Init) for HAL_UART_Init
    main.o(i.MX_USART2_UART_Init) refers to main.o(.bss) for .bss
    main.o(i.SystemClock_Config) refers to memseta.o(.text) for __aeabi_memclr4
    main.o(i.SystemClock_Config) refers to stm32f7xx_hal_rcc.o(i.HAL_RCC_OscConfig) for HAL_RCC_OscConfig
    main.o(i.SystemClock_Config) refers to stm32f7xx_hal_pwr_ex.o(i.HAL_PWREx_EnableOverDrive) for HAL_PWREx_EnableOverDrive
[...]
    i.USBD_CDC_GetDeviceQualifierDescriptor  0x08004264   Section        0  usbd_cdc.o(i.USBD_CDC_GetDeviceQualifierDescriptor)
    i.USBD_CDC_GetFSCfgDesc                  0x08004270   Section        0  usbd_cdc.o(i.USBD_CDC_GetFSCfgDesc)
    USBD_CDC_GetFSCfgDesc                    0x08004271   Thumb Code     8  usbd_cdc.o(i.USBD_CDC_GetFSCfgDesc)
    i.USBD_CDC_GetHSCfgDesc                  0x0800427c   Section        0  usbd_cdc.o(i.USBD_CDC_GetHSCfgDesc)
    USBD_CDC_GetHSCfgDesc                    0x0800427d   Thumb Code     8  usbd_cdc.o(i.USBD_CDC_GetHSCfgDesc)
    i.USBD_CDC_GetOtherSpeedCfgDesc          0x08004288   Section        0  usbd_cdc.o(i.USBD_CDC_GetOtherSpeedCfgDesc)
    USBD_CDC_GetOtherSpeedCfgDesc            0x08004289   Thumb Code     8  usbd_cdc.o(i.USBD_CDC_GetOtherSpeedCfgDesc)
    i.USBD_CDC_Init                          0x08004294   Section        0  usbd_cdc.o(i.USBD_CDC_Init)
    USBD_CDC_Init                            0x08004295   Thumb Code   148  usbd_cdc.o(i.USBD_CDC_Init)
    i.USBD_CDC_ReceivePacket                 0x08004328   Section        0  usbd_cdc.o(i.USBD_CDC_ReceivePacket)
    i.USBD_CDC_RegisterInterface             0x08004350   Section        0  usbd_cdc.o(i.USBD_CDC_RegisterInterface)
    i.USBD_CDC_SetRxBuffer                   0x08004364   Section        0  usbd_cdc.o(i.USBD_CDC_SetRxBuffer)
    i.USBD_CDC_SetTxBuffer                   0x08004370   Section        0  usbd_cdc.o(i.USBD_CDC_SetTxBuffer)
    i.USBD_CDC_Setup                         0x08004380   Section        0  usbd_cdc.o(i.USBD_CDC_Setup)
    USBD_CDC_Setup                           0x08004381   Thumb Code   174  usbd_cdc.o(i.USBD_CDC_Setup)
    i.USBD_CDC_TransmitPacket                0x0800442e   Section        0  usbd_cdc.o(i.USBD_CDC_TransmitPacket)
    i.USBD_ClrClassConfig                    0x08004464   Section        0  usbd_core.o(i.USBD_ClrClassConfig)
    i.USBD_CtlContinueRx                     0x08004472   Section        0  usbd_ioreq.o(i.USBD_CtlContinueRx)
    i.USBD_CtlContinueSendData               0x08004482   Section        0  usbd_ioreq.o(i.USBD_CtlContinueSendData)
    i.USBD_CtlError                          0x08004492   Section        0  usbd_ctlreq.o(i.USBD_CtlError)
    i.USBD_CtlPrepareRx                      0x080044a8   Section        0  usbd_ioreq.o(i.USBD_CtlPrepareRx)
    i.USBD_CtlReceiveStatus                  0x080044c6   Section        0  usbd_ioreq.o(i.USBD_CtlReceiveStatus)
    i.USBD_CtlSendData                       0x080044dc   Section        0  usbd_ioreq.o(i.USBD_CtlSendData)
    i.USBD_CtlSendStatus                     0x080044f6   Section        0  usbd_ioreq.o(i.USBD_CtlSendStatus)
    i.USBD_FS_ConfigStrDescriptor            0x0800450c   Section        0  usbd_desc.o(i.USBD_FS_ConfigStrDescriptor)
    i.USBD_FS_DeviceDescriptor               0x0800452c   Section        0  usbd_desc.o(i.USBD_FS_DeviceDescriptor)
    i.USBD_FS_InterfaceStrDescriptor         0x08004538   Section        0  usbd_desc.o(i.USBD_FS_InterfaceStrDescriptor)
    i.USBD_FS_LangIDStrDescriptor            0x0800455c   Section        0  usbd_desc.o(i.USBD_FS_LangIDStrDescriptor)
    i.USBD_FS_ManufacturerStrDescriptor      0x08004568   Section        0  usbd_desc.o(i.USBD_FS_ManufacturerStrDescriptor)
    i.USBD_FS_ProductStrDescriptor           0x08004590   Section        0  usbd_desc.o(i.USBD_FS_ProductStrDescriptor)
    i.USBD_FS_SerialStrDescriptor            0x080045bc   Section        0  usbd_desc.o(i.USBD_FS_SerialStrDescriptor)
    i.USBD_FS_USR_BOSDescriptor              0x080045f8   Section        0  usbd_desc.o(i.USBD_FS_USR_BOSDescriptor)
    i.USBD_GetDescriptor                     0x08004604   Section        0  usbd_ctlreq.o(i.USBD_GetDescriptor)
    USBD_GetDescriptor                       0x08004605   Thumb Code   254  usbd_ctlreq.o(i.USBD_GetDescriptor)
    i.USBD_GetString                         0x08004702   Section        0  usbd_ctlreq.o(i.USBD_GetString)
    i.USBD_Get_USB_Status                    0x0800474c   Section        0  usbd_conf.o(i.USBD_Get_USB_Status)
    i.USBD_Init                              0x08004764   Section        0  usbd_core.o(i.USBD_Init)
    i.USBD_LL_ClearStallEP                   0x0800478e   Section        0  usbd_conf.o(i.USBD_LL_ClearStallEP)
    i.USBD_LL_CloseEP                        0x080047a0   Section        0  usbd_conf.o(i.USBD_LL_CloseEP)
    i.USBD_LL_DataInStage                    0x080047b2   Section        0  usbd_core.o(i.USBD_LL_DataInStage)
    i.USBD_LL_DataOutStage                   0x08004874   Section        0  usbd_core.o(i.USBD_LL_DataOutStage)
    i.USBD_LL_DevConnected                   0x080048f6   Section        0  usbd_core.o(i.USBD_LL_DevConnected)
    i.USBD_LL_DevDisconnected                0x080048fa   Section        0  usbd_core.o(i.USBD_LL_DevDisconnected)
    i.USBD_LL_GetRxDataSize                  0x08004910   Section        0  usbd_conf.o(i.USBD_LL_GetRxDataSize)
    i.USBD_LL_Init                           0x08004918   Section        0  usbd_conf.o(i.USBD_LL_Init)
    i.USBD_LL_IsStallEP                      0x08004978   Section        0  usbd_conf.o(i.USBD_LL_IsStallEP)
    i.USBD_LL_IsoINIncomplete                0x08004998   Section        0  usbd_core.o(i.USBD_LL_IsoINIncomplete)
    i.USBD_LL_IsoOUTIncomplete               0x0800499c   Section        0  usbd_core.o(i.USBD_LL_IsoOUTIncomplete)
    i.USBD_LL_OpenEP                         0x080049a0   Section        0  usbd_conf.o(i.USBD_LL_OpenEP)
    i.USBD_LL_PrepareReceive                 0x080049b8   Section        0  usbd_conf.o(i.USBD_LL_PrepareReceive)
    i.USBD_LL_Reset                          0x080049ca   Section        0  usbd_core.o(i.USBD_LL_Reset)
    i.USBD_LL_Resume                         0x08004a1a   Section        0  usbd_core.o(i.USBD_LL_Resume)
    i.USBD_LL_SOF                            0x08004a26   Section        0  usbd_core.o(i.USBD_LL_SOF)
    i.USBD_LL_SetSpeed                       0x08004a3e   Section        0  usbd_core.o(i.USBD_LL_SetSpeed)
    i.USBD_LL_SetUSBAddress                  0x08004a44   Section        0  usbd_conf.o(i.USBD_LL_SetUSBAddress)
    i.USBD_LL_SetupStage                     0x08004a56   Section        0  usbd_core.o(i.USBD_LL_SetupStage)
    i.USBD_LL_StallEP                        0x08004aac   Section        0  usbd_conf.o(i.USBD_LL_StallEP)
    i.USBD_LL_Start                          0x08004abe   Section        0  usbd_conf.o(i.USBD_LL_Start)
    i.USBD_LL_Suspend                        0x08004ad0   Section        0  usbd_core.o(i.USBD_LL_Suspend)
    i.USBD_LL_Transmit                       0x08004ae2   Section        0  usbd_conf.o(i.USBD_LL_Transmit)
    i.USBD_ParseSetupRequest                 0x08004af4   Section        0  usbd_ctlreq.o(i.USBD_ParseSetupRequest)
    i.USBD_RegisterClass                     0x08004b1c   Section        0  usbd_core.o(i.USBD_RegisterClass)
    i.USBD_SetClassConfig                    0x08004b2e   Section        0  usbd_core.o(i.USBD_SetClassConfig)
    i.USBD_SetConfig                         0x08004b44   Section        0  usbd_ctlreq.o(i.USBD_SetConfig)
    USBD_SetConfig                           0x08004b45   Thumb Code   130  usbd_ctlreq.o(i.USBD_SetConfig)
    i.USBD_Start                             0x08004bcc   Section        0  usbd_core.o(i.USBD_Start)
    i.USBD_StdDevReq                         0x08004bd6   Section        0  usbd_ctlreq.o(i.USBD_StdDevReq)
    i.USBD_StdEPReq                          0x08004cea   Section        0  usbd_ctlreq.o(i.USBD_StdEPReq)
    i.USBD_StdItfReq                         0x08004e3a   Section        0  usbd_ctlreq.o(i.USBD_StdItfReq)
    i.USB_ActivateEndpoint                   0x08004e88   Section        0  stm32f7xx_ll_usb.o(i.USB_ActivateEndpoint)
    i.USB_ActivateSetup                      0x08004f08   Section        0  stm32f7xx_ll_usb.o(i.USB_ActivateSetup)
    i.USB_CoreInit                           0x08004f3c   Section        0  stm32f7xx_ll_usb.o(i.USB_CoreInit)
    i.USB_CoreReset                          0x08004fa8   Section        0  stm32f7xx_ll_usb.o(i.USB_CoreReset)
    USB_CoreReset                            0x08004fa9   Thumb Code    50  stm32f7xx_ll_usb.o(i.USB_CoreReset)
    i.USB_DeactivateEndpoint                 0x08004fe0   Section        0  stm32f7xx_ll_usb.o(i.USB_DeactivateEndpoint)
    i.USB_DevConnect                         0x08005060   Section        0  stm32f7xx_ll_usb.o(i.USB_DevConnect)
    i.USB_DevDisconnect                      0x08005078   Section        0  stm32f7xx_ll_usb.o(i.USB_DevDisconnect)
    i.USB_DevInit                            0x08005090   Section        0  stm32f7xx_ll_usb.o(i.USB_DevInit)
    i.USB_DisableGlobalInt                   0x08005224   Section        0  stm32f7xx_ll_usb.o(i.USB_DisableGlobalInt)
    i.USB_EP0StartXfer                       0x08005230   Section        0  stm32f7xx_ll_usb.o(i.USB_EP0StartXfer)
    i.USB_EP0_OutStart                       0x08005340   Section        0  stm32f7xx_ll_usb.o(i.USB_EP0_OutStart)
    i.USB_EPClearStall                       0x08005398   Section        0  stm32f7xx_ll_usb.o(i.USB_EPClearStall)
    i.USB_EPSetStall                         0x080053f0   Section        0  stm32f7xx_ll_usb.o(i.USB_EPSetStall)
    i.USB_EPStartXfer                        0x08005448   Section        0  stm32f7xx_ll_usb.o(i.USB_EPStartXfer)
    i.USB_EnableGlobalInt                    0x08005610   Section        0  stm32f7xx_ll_usb.o(i.USB_EnableGlobalInt)
    i.USB_FlushRxFifo                        0x0800561c   Section        0  stm32f7xx_ll_usb.o(i.USB_FlushRxFifo)
    i.USB_FlushTxFifo                        0x0800563c   Section        0  stm32f7xx_ll_usb.o(i.USB_FlushTxFifo)
    i.USB_GetDevSpeed                        0x08005660   Section        0  stm32f7xx_ll_usb.o(i.USB_GetDevSpeed)
    i.USB_GetMode                            0x0800567a   Section        0  stm32f7xx_ll_usb.o(i.USB_GetMode)
    i.USB_ReadDevAllInEpInterrupt            0x08005682   Section        0  stm32f7xx_ll_usb.o(i.USB_ReadDevAllInEpInterrupt)
    i.USB_ReadDevAllOutEpInterrupt           0x08005690   Section        0  stm32f7xx_ll_usb.o(i.USB_ReadDevAllOutEpInterrupt)
    i.USB_ReadDevInEPInterrupt               0x0800569e   Section        0  stm32f7xx_ll_usb.o(i.USB_ReadDevInEPInterrupt)
    i.USB_ReadDevOutEPInterrupt              0x080056c2   Section        0  stm32f7xx_ll_usb.o(i.USB_ReadDevOutEPInterrupt)
    i.USB_ReadInterrupts                     0x080056d2   Section        0  stm32f7xx_ll_usb.o(i.USB_ReadInterrupts)
    i.USB_ReadPacket                         0x080056da   Section        0  stm32f7xx_ll_usb.o(i.USB_ReadPacket)
    i.USB_SetCurrentMode                     0x080056f6   Section        0  stm32f7xx_ll_usb.o(i.USB_SetCurrentMode)
    i.USB_SetDevAddress                      0x08005724   Section        0  stm32f7xx_ll_usb.o(i.USB_SetDevAddress)
    i.USB_SetTurnaroundTime                  0x08005748   Section        0  stm32f7xx_ll_usb.o(i.USB_SetTurnaroundTime)
    i.USB_WritePacket                        0x08005830   Section        0  stm32f7xx_ll_usb.o(i.USB_WritePacket)
    i.UsageFault_Handler                     0x08005854   Section        0  stm32f7xx_it.o(i.UsageFault_Handler)
    i.__NVIC_SetPriority                     0x08005856   Section        0  stm32f7xx_hal_cortex.o(i.__NVIC_SetPriority)
    __NVIC_SetPriority                       0x08005857   Thumb Code    34  stm32f7xx_hal_cortex.o(i.__NVIC_SetPriority)
    i.__scatterload_copy                     0x08005878   Section       14  handlers.o(i.__scatterload_copy)
    i.__scatterload_null                     0x08005886   Section        2  handlers.o(i.__scatterload_null)
    i.__scatterload_zeroinit                 0x08005888   Section       14  handlers.o(i.__scatterload_zeroinit)
    i.free                                   0x08005898   Section        0  malloc.o(i.free)
    i.getAMTPos                              0x080058e8   Section        0  main.o(i.getAMTPos)
    i.main                                   0x08005980   Section        0  main.o(i.main)
    i.malloc                                 0x08005a1c   Section        0  malloc.o(i.malloc)
    .constdata                               0x08005a88   Section        8  stm32f7xx_hal_dma.o(.constdata)
    flagBitshiftOffset                       0x08005a88   Data           8  stm32f7xx_hal_dma.o(.constdata)
    .constdata                               0x08005a90   Section       16  system_stm32f7xx.o(.constdata)
    .constdata                               0x08005aa0   Section        8  system_stm32f7xx.o(.constdata)
    .data                                    0x20000000   Section       16  main.o(.data)
    .data                                    0x20000010   Section       32  usbd_desc.o(.data)
    .data                                    0x20000030   Section       62  usbd_desc.o(.data)
    .data                                    0x20000070   Section       16  usbd_cdc_if.o(.data)
    .data                                    0x20000080   Section       12  stm32f7xx_hal.o(.data)
    .data                                    0x2000008c   Section        4  system_stm32f7xx.o(.data)
    .data                                    0x20000090   Section        1  usbd_ctlreq.o(.data)
    cfgidx                                   0x20000090   Data           1  usbd_ctlreq.o(.data)
    .data                                    0x20000094   Section      215  usbd_cdc.o(.data)
    USBD_CDC_DeviceQualifierDesc             0x20000094   Data          10  usbd_cdc.o(.data)
    .data                                    0x2000016c   Section       56  usbd_cdc.o(.data)
    .data                                    0x200001a4   Section        4  mvars.o(.data)
    .data                                    0x200001a8   Section        4  mvars.o(.data)
    .bss                                     0x200001ac   Section      928  main.o(.bss)
    .bss                                     0x2000054c   Section       96  main.o(.bss)
    .bss                                     0x200005ac   Section      668  usb_device.o(.bss)
    .bss                                     0x20000848   Section     1028  usbd_conf.o(.bss)
    .bss                                     0x20000c4c   Section      512  usbd_desc.o(.bss)
    .bss                                     0x20000e4c   Section     4096  usbd_cdc_if.o(.bss)
    HEAP                                     0x20001e50   Section     1024  startup_stm32f746xx.o(HEAP)
    STACK                                    0x20002250   Section     2048  startup_stm32f746xx.o(STACK)

    Global Symbols

    Symbol Name                              Value     Ov Type        Size  Object(Section)

    BuildAttributes$$THM_ISAv4$E$P$D$K$B$S$7EM$VFPi5$EXTD16$VFPS$VFMA$PE$PLD8$A:L22UL41UL21$X:L11$S22US41US21$IEEE1$IW$USESV6$~STKCKD$USESV7$~SHL$OSPACE$ROPI$EBA8$MICROLIB$REQ8$PRES8$EABIv2 0x00000000   Number         0  anon$$obj.o ABSOLUTE
    __ARM_use_no_argv                        0x00000000   Number         0  main.o ABSOLUTE
    __cpp_initialize__aeabi_                  - Undefined Weak Reference
    __cxa_finalize                            - Undefined Weak Reference
    _clock_init                               - Undefined Weak Reference
    _microlib_exit                            - Undefined Weak Reference
    __Vectors_Size                           0x000001c8   Number         0  startup_stm32f746xx.o ABSOLUTE
    __Vectors                                0x08000000   Data           4  startup_stm32f746xx.o(RESET)
    __Vectors_End                            0x080001c8   Data           0  startup_stm32f746xx.o(RESET)
    __main                                   0x080001c9   Thumb Code     0  entry.o(.ARM.Collect$$$$00000000)
    _main_stk                                0x080001c9   Thumb Code     0  entry2.o(.ARM.Collect$$$$00000001)
    _main_scatterload                        0x080001cd   Thumb Code     0  entry5.o(.ARM.Collect$$$$00000004)
    __main_after_scatterload                 0x080001d1   Thumb Code     0  entry5.o(.ARM.Collect$$$$00000004)
    _main_clock                              0x080001d1   Thumb Code     0  entry7b.o(.ARM.Collect$$$$00000008)
    _main_cpp_init                           0x080001d1   Thumb Code     0  entry8b.o(.ARM.Collect$$$$0000000A)
    _main_init                               0x080001d1   Thumb Code     0  entry9a.o(.ARM.Collect$$$$0000000B)
    __rt_final_cpp                           0x080001d9   Thumb Code     0  entry10a.o(.ARM.Collect$$$$0000000D)
    __rt_final_exit                          0x080001d9   Thumb Code     0  entry11a.o(.ARM.Collect$$$$0000000F)
    Reset_Handler                            0x080001dd   Thumb Code     8  startup_stm32f746xx.o(.text)
    CAN1_RX0_IRQHandler                      0x080001f7   Thumb Code     0  startup_stm32f746xx.o(.text)
    CAN1_RX1_IRQHandler                      0x080001f7   Thumb Code     0  startup_stm32f746xx.o(.text)
    CAN1_SCE_IRQHandler                      0x080001f7   Thumb Code     0  startup_stm32f746xx.o(.text)
    CAN1_TX_IRQHandler                       0x080001f7   Thumb Code     0  startup_stm32f746xx.o(.text)
    CAN2_RX0_IRQHandler                      0x080001f7   Thumb Code     0  startup_stm32f746xx.o(.text)
    CAN2_RX1_IRQHandler                      0x080001f7   Thumb Code     0  startup_stm32f746xx.o(.text)
    CAN2_SCE_IRQHandler                      0x080001f7   Thumb Code     0  startup_stm32f746xx.o(.text)
    CAN2_TX_IRQHandler                       0x080001f7   Thumb Code     0  startup_stm32f746xx.o(.text)
    CEC_IRQHandler                           0x080001f7   Thumb Code     0  startup_stm32f746xx.o(.text)
    DCMI_IRQHandler                          0x080001f7   Thumb Code     0  startup_stm32f746xx.o(.text)
    DMA1_Stream0_IRQHandler                  0x080001f7   Thumb Code     0  startup_stm32f746xx.o(.text)
    DMA1_Stream1_IRQHandler                  0x080001f7   Thumb Code     0  startup_stm32f746xx.o(.text)
    DMA1_Stream2_IRQHandler                  0x080001f7   Thumb Code     0  startup_stm32f746xx.o(.text)
    DMA1_Stream3_IRQHandler                  0x080001f7   Thumb Code     0  startup_stm32f746xx.o(.text)
    DMA1_Stream4_IRQHandler                  0x080001f7   Thumb Code     0  startup_stm32f746xx.o(.text)
    DMA1_Stream5_IRQHandler                  0x080001f7   Thumb Code     0  startup_stm32f746xx.o(.text)
    DMA1_Stream6_IRQHandler                  0x080001f7   Thumb Code     0  startup_stm32f746xx.o(.text)
    DMA1_Stream7_IRQHandler                  0x080001f7   Thumb Code     0  startup_stm32f746xx.o(.text)
    DMA2D_IRQHandler                         0x080001f7   Thumb Code     0  startup_stm32f746xx.o(.text)
    DMA2_Stream1_IRQHandler                  0x080001f7   Thumb Code     0  startup_stm32f746xx.o(.text)
    DMA2_Stream2_IRQHandler                  0x080001f7   Thumb Code     0  startup_stm32f746xx.o(.text)
    DMA2_Stream3_IRQHandler                  0x080001f7   Thumb Code     0  startup_stm32f746xx.o(.text)
    DMA2_Stream4_IRQHandler                  0x080001f7   Thumb Code     0  startup_stm32f746xx.o(.text)
    DMA2_Stream5_IRQHandler                  0x080001f7   Thumb Code     0  startup_stm32f746xx.o(.text)
    DMA2_Stream6_IRQHandler                  0x080001f7   Thumb Code     0  startup_stm32f746xx.o(.text)
    DMA2_Stream7_IRQHandler                  0x080001f7   Thumb Code     0  startup_stm32f746xx.o(.text)
    ETH_IRQHandler                           0x080001f7   Thumb Code     0  startup_stm32f746xx.o(.text)
    ETH_WKUP_IRQHandler                      0x080001f7   Thumb Code     0  startup_stm32f746xx.o(.text)
    EXTI0_IRQHandler                         0x080001f7   Thumb Code     0  startup_stm32f746xx.o(.text)
    EXTI15_10_IRQHandler                     0x080001f7   Thumb Code     0  startup_stm32f746xx.o(.text)
    EXTI1_IRQHandler                         0x080001f7   Thumb Code     0  startup_stm32f746xx.o(.text)
    EXTI2_IRQHandler                         0x080001f7   Thumb Code     0  startup_stm32f746xx.o(.text)
    EXTI3_IRQHandler                         0x080001f7   Thumb Code     0  startup_stm32f746xx.o(.text)
    EXTI4_IRQHandler                         0x080001f7   Thumb Code     0  startup_stm32f746xx.o(.text)
    EXTI9_5_IRQHandler                       0x080001f7   Thumb Code     0  startup_stm32f746xx.o(.text)
    FLASH_IRQHandler                         0x080001f7   Thumb Code     0  startup_stm32f746xx.o(.text)
    FMC_IRQHandler                           0x080001f7   Thumb Code     0  startup_stm32f746xx.o(.text)
    FPU_IRQHandler                           0x080001f7   Thumb Code     0  startup_stm32f746xx.o(.text)
    I2C1_ER_IRQHandler                       0x080001f7   Thumb Code     0  startup_stm32f746xx.o(.text)
    I2C1_EV_IRQHandler                       0x080001f7   Thumb Code     0  startup_stm32f746xx.o(.text)
    I2C2_ER_IRQHandler                       0x080001f7   Thumb Code     0  startup_stm32f746xx.o(.text)
    I2C2_EV_IRQHandler                       0x080001f7   Thumb Code     0  startup_stm32f746xx.o(.text)
    I2C3_ER_IRQHandler                       0x080001f7   Thumb Code     0  startup_stm32f746xx.o(.text)
    I2C3_EV_IRQHandler                       0x080001f7   Thumb Code     0  startup_stm32f746xx.o(.text)
    I2C4_ER_IRQHandler                       0x080001f7   Thumb Code     0  startup_stm32f746xx.o(.text)
    I2C4_EV_IRQHandler                       0x080001f7   Thumb Code     0  startup_stm32f746xx.o(.text)
    LPTIM1_IRQHandler                        0x080001f7   Thumb Code     0  startup_stm32f746xx.o(.text)
    LTDC_ER_IRQHandler                       0x080001f7   Thumb Code     0  startup_stm32f746xx.o(.text)
    LTDC_IRQHandler                          0x080001f7   Thumb Code     0  startup_stm32f746xx.o(.text)
    OTG_FS_WKUP_IRQHandler                   0x080001f7   Thumb Code     0  startup_stm32f746xx.o(.text)
    OTG_HS_EP1_IN_IRQHandler                 0x080001f7   Thumb Code     0  startup_stm32f746xx.o(.text)
    OTG_HS_EP1_OUT_IRQHandler                0x080001f7   Thumb Code     0  startup_stm32f746xx.o(.text)
    OTG_HS_IRQHandler                        0x080001f7   Thumb Code     0  startup_stm32f746xx.o(.text)
    OTG_HS_WKUP_IRQHandler                   0x080001f7   Thumb Code     0  startup_stm32f746xx.o(.text)
    PVD_IRQHandler                           0x080001f7   Thumb Code     0  startup_stm32f746xx.o(.text)
    QUADSPI_IRQHandler                       0x080001f7   Thumb Code     0  startup_stm32f746xx.o(.text)
    RCC_IRQHandler                           0x080001f7   Thumb Code     0  startup_stm32f746xx.o(.text)
    RNG_IRQHandler                           0x080001f7   Thumb Code     0  startup_stm32f746xx.o(.text)
    RTC_Alarm_IRQHandler                     0x080001f7   Thumb Code     0  startup_stm32f746xx.o(.text)
    RTC_WKUP_IRQHandler                      0x080001f7   Thumb Code     0  startup_stm32f746xx.o(.text)
    SAI1_IRQHandler                          0x080001f7   Thumb Code     0  startup_stm32f746xx.o(.text)
    SAI2_IRQHandler                          0x080001f7   Thumb Code     0  startup_stm32f746xx.o(.text)
    SDMMC1_IRQHandler                        0x080001f7   Thumb Code     0  startup_stm32f746xx.o(.text)
    SPDIF_RX_IRQHandler                      0x080001f7   Thumb Code     0  startup_stm32f746xx.o(.text)
    SPI1_IRQHandler                          0x080001f7   Thumb Code     0  startup_stm32f746xx.o(.text)
    SPI2_IRQHandler                          0x080001f7   Thumb Code     0  startup_stm32f746xx.o(.text)
    SPI3_IRQHandler                          0x080001f7   Thumb Code     0  startup_stm32f746xx.o(.text)
    SPI4_IRQHandler                          0x080001f7   Thumb Code     0  startup_stm32f746xx.o(.text)
    SPI5_IRQHandler                          0x080001f7   Thumb Code     0  startup_stm32f746xx.o(.text)
    SPI6_IRQHandler                          0x080001f7   Thumb Code     0  startup_stm32f746xx.o(.text)
    TAMP_STAMP_IRQHandler                    0x080001f7   Thumb Code     0  startup_stm32f746xx.o(.text)
    TIM1_BRK_TIM9_IRQHandler                 0x080001f7   Thumb Code     0  startup_stm32f746xx.o(.text)
    TIM1_CC_IRQHandler                       0x080001f7   Thumb Code     0  startup_stm32f746xx.o(.text)
    TIM1_TRG_COM_TIM11_IRQHandler            0x080001f7   Thumb Code     0  startup_stm32f746xx.o(.text)
    TIM1_UP_TIM10_IRQHandler                 0x080001f7   Thumb Code     0  startup_stm32f746xx.o(.text)
    TIM2_IRQHandler                          0x080001f7   Thumb Code     0  startup_stm32f746xx.o(.text)
    TIM4_IRQHandler                          0x080001f7   Thumb Code     0  startup_stm32f746xx.o(.text)
    TIM5_IRQHandler                          0x080001f7   Thumb Code     0  startup_stm32f746xx.o(.text)
    TIM6_DAC_IRQHandler                      0x080001f7   Thumb Code     0  startup_stm32f746xx.o(.text)
    TIM7_IRQHandler                          0x080001f7   Thumb Code     0  startup_stm32f746xx.o(.text)
    TIM8_BRK_TIM12_IRQHandler                0x080001f7   Thumb Code     0  startup_stm32f746xx.o(.text)
    TIM8_CC_IRQHandler                       0x080001f7   Thumb Code     0  startup_stm32f746xx.o(.text)
    TIM8_TRG_COM_TIM14_IRQHandler            0x080001f7   Thumb Code     0  startup_stm32f746xx.o(.text)
    TIM8_UP_TIM13_IRQHandler                 0x080001f7   Thumb Code     0  startup_stm32f746xx.o(.text)
    UART4_IRQHandler                         0x080001f7   Thumb Code     0  startup_stm32f746xx.o(.text)
    UART5_IRQHandler                         0x080001f7   Thumb Code     0  startup_stm32f746xx.o(.text)
    UART7_IRQHandler                         0x080001f7   Thumb Code     0  startup_stm32f746xx.o(.text)
    UART8_IRQHandler                         0x080001f7   Thumb Code     0  startup_stm32f746xx.o(.text)
    USART1_IRQHandler                        0x080001f7   Thumb Code     0  startup_stm32f746xx.o(.text)
    USART2_IRQHandler                        0x080001f7   Thumb Code     0  startup_stm32f746xx.o(.text)
    USART3_IRQHandler                        0x080001f7   Thumb Code     0  startup_stm32f746xx.o(.text)
    USART6_IRQHandler                        0x080001f7   Thumb Code     0  startup_stm32f746xx.o(.text)
    WWDG_IRQHandler                          0x080001f7   Thumb Code     0  startup_stm32f746xx.o(.text)
    __aeabi_uldivmod                         0x08000201   Thumb Code    98  uldiv.o(.text)
    __aeabi_memcpy                           0x08000263   Thumb Code    36  memcpya.o(.text)
    __aeabi_memcpy4                          0x08000263   Thumb Code     0  memcpya.o(.text)
    __aeabi_memcpy8                          0x08000263   Thumb Code     0  memcpya.o(.text)
    __aeabi_memset                           0x08000287   Thumb Code    14  memseta.o(.text)
    __aeabi_memset4                          0x08000287   Thumb Code     0  memseta.o(.text)
    __aeabi_memset8                          0x08000287   Thumb Code     0  memseta.o(.text)
    __aeabi_memclr                           0x08000295   Thumb Code     4  memseta.o(.text)
    __aeabi_memclr4                          0x08000295   Thumb Code     0  memseta.o(.text)
    __aeabi_memclr8                          0x08000295   Thumb Code     0  memseta.o(.text)
    _memset$wrapper                          0x08000299   Thumb Code    18  memseta.o(.text)
    __aeabi_llsl                             0x080002ab   Thumb Code    30  llshl.o(.text)
    _ll_shift_l                              0x080002ab   Thumb Code     0  llshl.o(.text)
    __aeabi_llsr                             0x080002c9   Thumb Code    32  llushr.o(.text)
    _ll_ushift_r                             0x080002c9   Thumb Code     0  llushr.o(.text)
    __scatterload                            0x080002e9   Thumb Code    28  init.o(.text)
    __scatterload_rt2                        0x080002e9   Thumb Code     0  init.o(.text)
    __decompress                             0x0800030d   Thumb Code     0  __dczerorl2.o(.text)
    __decompress1                            0x0800030d   Thumb Code    86  __dczerorl2.o(.text)
    ADC_IRQHandler                           0x080003f1   Thumb Code     6  stm32f7xx_it.o(i.ADC_IRQHandler)
    BusFault_Handler                         0x08000535   Thumb Code     2  stm32f7xx_it.o(i.BusFault_Handler)
    CDC_Transmit_FS                          0x0800057d   Thumb Code    38  usbd_cdc_if.o(i.CDC_Transmit_FS)
    DMA2_Stream0_IRQHandler                  0x080005a9   Thumb Code     6  stm32f7xx_it.o(i.DMA2_Stream0_IRQHandler)
    DWT_Delay                                0x08000659   Thumb Code    26  main.o(i.DWT_Delay)
    DWT_Init                                 0x08000681   Thumb Code    32  main.o(i.DWT_Init)
    DebugMon_Handler                         0x080006b1   Thumb Code     2  stm32f7xx_it.o(i.DebugMon_Handler)
    Error_Handler                            0x080006b3   Thumb Code     2  main.o(i.Error_Handler)
    HAL_ADCEx_InjectedConvCpltCallback       0x080006b5   Thumb Code     2  stm32f7xx_hal_adc_ex.o(i.HAL_ADCEx_InjectedConvCpltCallback)
    HAL_ADC_ConfigChannel                    0x080006b9   Thumb Code   338  stm32f7xx_hal_adc.o(i.HAL_ADC_ConfigChannel)
    HAL_ADC_ConvCpltCallback                 0x0800081d   Thumb Code    28  main.o(i.HAL_ADC_ConvCpltCallback)
    HAL_ADC_ConvHalfCpltCallback             0x0800083d   Thumb Code     2  stm32f7xx_hal_adc.o(i.HAL_ADC_ConvHalfCpltCallback)
    HAL_ADC_ErrorCallback                    0x0800083f   Thumb Code     2  stm32f7xx_hal_adc.o(i.HAL_ADC_ErrorCallback)
    HAL_ADC_IRQHandler                       0x08000841   Thumb Code   316  stm32f7xx_hal_adc.o(i.HAL_ADC_IRQHandler)
    HAL_ADC_Init                             0x0800097d   Thumb Code    84  stm32f7xx_hal_adc.o(i.HAL_ADC_Init)
    HAL_ADC_LevelOutOfWindowCallback         0x080009d1   Thumb Code     2  stm32f7xx_hal_adc.o(i.HAL_ADC_LevelOutOfWindowCallback)
    HAL_ADC_MspInit                          0x080009d5   Thumb Code   144  stm32f7xx_hal_msp.o(i.HAL_ADC_MspInit)
    HAL_ADC_Start_DMA                        0x08000a79   Thumb Code   260  stm32f7xx_hal_adc.o(i.HAL_ADC_Start_DMA)
    HAL_DMA_IRQHandler                       0x08000b99   Thumb Code   412  stm32f7xx_hal_dma.o(i.HAL_DMA_IRQHandler)
    HAL_DMA_Init                             0x08000d39   Thumb Code   222  stm32f7xx_hal_dma.o(i.HAL_DMA_Init)
    HAL_DMA_Start_IT                         0x08000e1d   Thumb Code   122  stm32f7xx_hal_dma.o(i.HAL_DMA_Start_IT)
    HAL_Delay                                0x08000e99   Thumb Code    32  stm32f7xx_hal.o(i.HAL_Delay)
    HAL_GPIO_Init                            0x08000ebd   Thumb Code   418  stm32f7xx_hal_gpio.o(i.HAL_GPIO_Init)
    HAL_GPIO_WritePin                        0x08001095   Thumb Code    10  stm32f7xx_hal_gpio.o(i.HAL_GPIO_WritePin)
    HAL_GetTick                              0x080010a1   Thumb Code     6  stm32f7xx_hal.o(i.HAL_GetTick)
    HAL_IncTick                              0x080010ad   Thumb Code    12  stm32f7xx_hal.o(i.HAL_IncTick)
    HAL_Init                                 0x080010bd   Thumb Code    22  stm32f7xx_hal.o(i.HAL_Init)
    HAL_InitTick                             0x080010d5   Thumb Code    54  stm32f7xx_hal.o(i.HAL_InitTick)
    HAL_MspInit                              0x08001115   Thumb Code    42  stm32f7xx_hal_msp.o(i.HAL_MspInit)
    HAL_NVIC_DisableIRQ                      0x08001145   Thumb Code    34  stm32f7xx_hal_cortex.o(i.HAL_NVIC_DisableIRQ)
    HAL_NVIC_EnableIRQ                       0x08001167   Thumb Code    26  stm32f7xx_hal_cortex.o(i.HAL_NVIC_EnableIRQ)
    HAL_NVIC_SetPriority                     0x08001181   Thumb Code    60  stm32f7xx_hal_cortex.o(i.HAL_NVIC_SetPriority)
    HAL_NVIC_SetPriorityGrouping             0x080011c1   Thumb Code    28  stm32f7xx_hal_cortex.o(i.HAL_NVIC_SetPriorityGrouping)
    HAL_PCDEx_ActivateLPM                    0x080011e5   Thumb Code    34  stm32f7xx_hal_pcd_ex.o(i.HAL_PCDEx_ActivateLPM)
    HAL_PCDEx_LPM_Callback                   0x0800120d   Thumb Code    92  usbd_conf.o(i.HAL_PCDEx_LPM_Callback)
    HAL_PCDEx_SetRxFiFo                      0x0800126d   Thumb Code     8  stm32f7xx_hal_pcd_ex.o(i.HAL_PCDEx_SetRxFiFo)
    HAL_PCDEx_SetTxFiFo                      0x08001275   Thumb Code    70  stm32f7xx_hal_pcd_ex.o(i.HAL_PCDEx_SetTxFiFo)
    HAL_PCD_ConnectCallback                  0x080012bb   Thumb Code     8  usbd_conf.o(i.HAL_PCD_ConnectCallback)
    HAL_PCD_DataInStageCallback              0x080012c3   Thumb Code    18  usbd_conf.o(i.HAL_PCD_DataInStageCallback)
    HAL_PCD_DataOutStageCallback             0x080012d5   Thumb Code    20  usbd_conf.o(i.HAL_PCD_DataOutStageCallback)
    HAL_PCD_DisconnectCallback               0x080012e9   Thumb Code     8  usbd_conf.o(i.HAL_PCD_DisconnectCallback)
    HAL_PCD_EP_Close                         0x080012f1   Thumb Code    76  stm32f7xx_hal_pcd.o(i.HAL_PCD_EP_Close)
    HAL_PCD_EP_ClrStall                      0x0800133d   Thumb Code    92  stm32f7xx_hal_pcd.o(i.HAL_PCD_EP_ClrStall)
    HAL_PCD_EP_GetRxCount                    0x08001399   Thumb Code    18  stm32f7xx_hal_pcd.o(i.HAL_PCD_EP_GetRxCount)
    HAL_PCD_EP_Open                          0x080013ab   Thumb Code    96  stm32f7xx_hal_pcd.o(i.HAL_PCD_EP_Open)
    HAL_PCD_EP_Receive                       0x0800140b   Thumb Code    68  stm32f7xx_hal_pcd.o(i.HAL_PCD_EP_Receive)
    HAL_PCD_EP_SetStall                      0x0800144f   Thumb Code   116  stm32f7xx_hal_pcd.o(i.HAL_PCD_EP_SetStall)
    HAL_PCD_EP_Transmit                      0x080014c3   Thumb Code    68  stm32f7xx_hal_pcd.o(i.HAL_PCD_EP_Transmit)
    HAL_PCD_IRQHandler                       0x08001509   Thumb Code  1194  stm32f7xx_hal_pcd.o(i.HAL_PCD_IRQHandler)
    HAL_PCD_ISOINIncompleteCallback          0x080019b3   Thumb Code     8  usbd_conf.o(i.HAL_PCD_ISOINIncompleteCallback)
    HAL_PCD_ISOOUTIncompleteCallback         0x080019bb   Thumb Code     8  usbd_conf.o(i.HAL_PCD_ISOOUTIncompleteCallback)
    HAL_PCD_Init                             0x080019c5   Thumb Code   234  stm32f7xx_hal_pcd.o(i.HAL_PCD_Init)
    HAL_PCD_MspInit                          0x08001ab1   Thumb Code   146  usbd_conf.o(i.HAL_PCD_MspInit)
    HAL_PCD_ResetCallback                    0x08001b4d   Thumb Code    44  usbd_conf.o(i.HAL_PCD_ResetCallback)
    HAL_PCD_ResumeCallback                   0x08001b79   Thumb Code     8  usbd_conf.o(i.HAL_PCD_ResumeCallback)
    HAL_PCD_SOFCallback                      0x08001b81   Thumb Code     8  usbd_conf.o(i.HAL_PCD_SOFCallback)
    HAL_PCD_SetAddress                       0x08001b89   Thumb Code    40  stm32f7xx_hal_pcd.o(i.HAL_PCD_SetAddress)
    HAL_PCD_SetupStageCallback               0x08001bb1   Thumb Code    14  usbd_conf.o(i.HAL_PCD_SetupStageCallback)
    HAL_PCD_Start                            0x08001bbf   Thumb Code    42  stm32f7xx_hal_pcd.o(i.HAL_PCD_Start)
    HAL_PCD_SuspendCallback                  0x08001be9   Thumb Code    44  usbd_conf.o(i.HAL_PCD_SuspendCallback)
    HAL_PWREx_EnableOverDrive                0x08001c19   Thumb Code   100  stm32f7xx_hal_pwr_ex.o(i.HAL_PWREx_EnableOverDrive)
    HAL_RCCEx_PeriphCLKConfig                0x08001c85   Thumb Code  1276  stm32f7xx_hal_rcc_ex.o(i.HAL_RCCEx_PeriphCLKConfig)
    HAL_RCC_ClockConfig                      0x08002181   Thumb Code   282  stm32f7xx_hal_rcc.o(i.HAL_RCC_ClockConfig)
    HAL_RCC_GetHCLKFreq                      0x080022ad   Thumb Code     6  stm32f7xx_hal_rcc.o(i.HAL_RCC_GetHCLKFreq)
    HAL_RCC_GetPCLK1Freq                     0x080022b9   Thumb Code    20  stm32f7xx_hal_rcc.o(i.HAL_RCC_GetPCLK1Freq)
    HAL_RCC_GetPCLK2Freq                     0x080022d9   Thumb Code    20  stm32f7xx_hal_rcc.o(i.HAL_RCC_GetPCLK2Freq)
    HAL_RCC_GetSysClockFreq                  0x080022f9   Thumb Code    88  stm32f7xx_hal_rcc.o(i.HAL_RCC_GetSysClockFreq)
    HAL_RCC_OscConfig                        0x08002359   Thumb Code   810  stm32f7xx_hal_rcc.o(i.HAL_RCC_OscConfig)
    HAL_SPI_Init                             0x08002691   Thumb Code   196  stm32f7xx_hal_spi.o(i.HAL_SPI_Init)
    HAL_SPI_MspInit                          0x08002755   Thumb Code   122  stm32f7xx_hal_msp.o(i.HAL_SPI_MspInit)
    HAL_SPI_TransmitReceive                  0x080027e1   Thumb Code   608  stm32f7xx_hal_spi.o(i.HAL_SPI_TransmitReceive)
    HAL_SYSTICK_Config                       0x08002a41   Thumb Code    38  stm32f7xx_hal_cortex.o(i.HAL_SYSTICK_Config)
    HAL_TIMEx_Break2Callback                 0x08002a67   Thumb Code     2  stm32f7xx_hal_tim_ex.o(i.HAL_TIMEx_Break2Callback)
    HAL_TIMEx_BreakCallback                  0x08002a69   Thumb Code     2  stm32f7xx_hal_tim_ex.o(i.HAL_TIMEx_BreakCallback)
    HAL_TIMEx_CommutCallback                 0x08002a6b   Thumb Code     2  stm32f7xx_hal_tim_ex.o(i.HAL_TIMEx_CommutCallback)
    HAL_TIMEx_MasterConfigSynchronization    0x08002a6d   Thumb Code    88  stm32f7xx_hal_tim_ex.o(i.HAL_TIMEx_MasterConfigSynchronization)
    HAL_TIM_Base_Init                        0x08002acd   Thumb Code    54  stm32f7xx_hal_tim.o(i.HAL_TIM_Base_Init)
    HAL_TIM_Base_MspInit                     0x08002b05   Thumb Code    50  stm32f7xx_hal_msp.o(i.HAL_TIM_Base_MspInit)
    HAL_TIM_ConfigClockSource                0x08002b41   Thumb Code   214  stm32f7xx_hal_tim.o(i.HAL_TIM_ConfigClockSource)
    HAL_TIM_Encoder_Init                     0x08002c1d   Thumb Code   162  stm32f7xx_hal_tim.o(i.HAL_TIM_Encoder_Init)
    HAL_TIM_Encoder_MspInit                  0x08002cc5   Thumb Code    92  stm32f7xx_hal_msp.o(i.HAL_TIM_Encoder_MspInit)
    HAL_TIM_Encoder_Start                    0x08002d2d   Thumb Code    52  stm32f7xx_hal_tim.o(i.HAL_TIM_Encoder_Start)
    HAL_TIM_IC_CaptureCallback               0x08002d61   Thumb Code     2  stm32f7xx_hal_tim.o(i.HAL_TIM_IC_CaptureCallback)
    HAL_TIM_IRQHandler                       0x08002d63   Thumb Code   386  stm32f7xx_hal_tim.o(i.HAL_TIM_IRQHandler)
    HAL_TIM_MspPostInit                      0x08002ee5   Thumb Code    68  stm32f7xx_hal_msp.o(i.HAL_TIM_MspPostInit)
    HAL_TIM_OC_DelayElapsedCallback          0x08002f35   Thumb Code     2  stm32f7xx_hal_tim.o(i.HAL_TIM_OC_DelayElapsedCallback)
    HAL_TIM_PWM_ConfigChannel                0x08002f37   Thumb Code   296  stm32f7xx_hal_tim.o(i.HAL_TIM_PWM_ConfigChannel)
    HAL_TIM_PWM_Init                         0x0800305f   Thumb Code    54  stm32f7xx_hal_tim.o(i.HAL_TIM_PWM_Init)
    HAL_TIM_PWM_MspInit                      0x08003095   Thumb Code     2  stm32f7xx_hal_tim.o(i.HAL_TIM_PWM_MspInit)
    HAL_TIM_PWM_PulseFinishedCallback        0x08003097   Thumb Code     2  stm32f7xx_hal_tim.o(i.HAL_TIM_PWM_PulseFinishedCallback)
    HAL_TIM_PWM_Start_IT                     0x08003099   Thumb Code   114  stm32f7xx_hal_tim.o(i.HAL_TIM_PWM_Start_IT)
    HAL_TIM_PeriodElapsedCallback            0x08003119   Thumb Code    60  main.o(i.HAL_TIM_PeriodElapsedCallback)
    HAL_TIM_TriggerCallback                  0x0800315d   Thumb Code     2  stm32f7xx_hal_tim.o(i.HAL_TIM_TriggerCallback)
    HAL_UART_Init                            0x0800315f   Thumb Code   102  stm32f7xx_hal_uart.o(i.HAL_UART_Init)
    HAL_UART_MspInit                         0x080031c5   Thumb Code   116  stm32f7xx_hal_msp.o(i.HAL_UART_MspInit)
    HardFault_Handler                        0x08003249   Thumb Code     2  stm32f7xx_it.o(i.HardFault_Handler)
    MX_USB_DEVICE_Init                       0x080035b1   Thumb Code    66  usb_device.o(i.MX_USB_DEVICE_Init)
    MemManage_Handler                        0x08003605   Thumb Code     2  stm32f7xx_it.o(i.MemManage_Handler)
    NMI_Handler                              0x08003607   Thumb Code     2  stm32f7xx_it.o(i.NMI_Handler)
    OTG_FS_IRQHandler                        0x08003609   Thumb Code     6  stm32f7xx_it.o(i.OTG_FS_IRQHandler)
    PendSV_Handler                           0x08003793   Thumb Code     2  stm32f7xx_it.o(i.PendSV_Handler)
    SVC_Handler                              0x08003907   Thumb Code     2  stm32f7xx_it.o(i.SVC_Handler)
    SysTick_Handler                          0x08003909   Thumb Code     4  stm32f7xx_it.o(i.SysTick_Handler)
    SystemClock_Config                       0x0800390d   Thumb Code   150  main.o(i.SystemClock_Config)
    SystemInit                               0x080039b1   Thumb Code    68  system_stm32f7xx.o(i.SystemInit)
    TIM3_IRQHandler                          0x08003a05   Thumb Code     6  stm32f7xx_it.o(i.TIM3_IRQHandler)
    TIM_Base_SetConfig                       0x08003a11   Thumb Code   158  stm32f7xx_hal_tim.o(i.TIM_Base_SetConfig)
    TIM_CCxChannelCmd                        0x08003add   Thumb Code    26  stm32f7xx_hal_tim.o(i.TIM_CCxChannelCmd)
    TIM_ETR_SetConfig                        0x08003af7   Thumb Code    18  stm32f7xx_hal_tim.o(i.TIM_ETR_SetConfig)
    TIM_OC2_SetConfig                        0x08003b8d   Thumb Code   108  stm32f7xx_hal_tim.o(i.TIM_OC2_SetConfig)
    UART_AdvFeatureConfig                    0x08003dcb   Thumb Code   200  stm32f7xx_hal_uart.o(i.UART_AdvFeatureConfig)
    UART_CheckIdleState                      0x08003e93   Thumb Code    60  stm32f7xx_hal_uart.o(i.UART_CheckIdleState)
    UART_SetConfig                           0x08003ed1   Thumb Code   546  stm32f7xx_hal_uart.o(i.UART_SetConfig)
    UART_WaitOnFlagUntilTimeout              0x08004125   Thumb Code    96  stm32f7xx_hal_uart.o(i.UART_WaitOnFlagUntilTimeout)
    USBD_CDC_GetDeviceQualifierDescriptor    0x08004265   Thumb Code     8  usbd_cdc.o(i.USBD_CDC_GetDeviceQualifierDescriptor)
    USBD_CDC_ReceivePacket                   0x08004329   Thumb Code    40  usbd_cdc.o(i.USBD_CDC_ReceivePacket)
    USBD_CDC_RegisterInterface               0x08004351   Thumb Code    20  usbd_cdc.o(i.USBD_CDC_RegisterInterface)
    USBD_CDC_SetRxBuffer                     0x08004365   Thumb Code    12  usbd_cdc.o(i.USBD_CDC_SetRxBuffer)
    USBD_CDC_SetTxBuffer                     0x08004371   Thumb Code    16  usbd_cdc.o(i.USBD_CDC_SetTxBuffer)
    USBD_CDC_TransmitPacket                  0x0800442f   Thumb Code    54  usbd_cdc.o(i.USBD_CDC_TransmitPacket)
    USBD_ClrClassConfig                      0x08004465   Thumb Code    14  usbd_core.o(i.USBD_ClrClassConfig)
    USBD_CtlContinueRx                       0x08004473   Thumb Code    16  usbd_ioreq.o(i.USBD_CtlContinueRx)
    USBD_CtlContinueSendData                 0x08004483   Thumb Code    16  usbd_ioreq.o(i.USBD_CtlContinueSendData)
    USBD_CtlError                            0x08004493   Thumb Code    22  usbd_ctlreq.o(i.USBD_CtlError)
    USBD_CtlPrepareRx                        0x080044a9   Thumb Code    30  usbd_ioreq.o(i.USBD_CtlPrepareRx)
    USBD_CtlReceiveStatus                    0x080044c7   Thumb Code    22  usbd_ioreq.o(i.USBD_CtlReceiveStatus)
    USBD_CtlSendData                         0x080044dd   Thumb Code    26  usbd_ioreq.o(i.USBD_CtlSendData)
    USBD_CtlSendStatus                       0x080044f7   Thumb Code    22  usbd_ioreq.o(i.USBD_CtlSendStatus)
    USBD_FS_ConfigStrDescriptor              0x0800450d   Thumb Code    16  usbd_desc.o(i.USBD_FS_ConfigStrDescriptor)
    USBD_FS_DeviceDescriptor                 0x0800452d   Thumb Code     8  usbd_desc.o(i.USBD_FS_DeviceDescriptor)
    USBD_FS_InterfaceStrDescriptor           0x08004539   Thumb Code    16  usbd_desc.o(i.USBD_FS_InterfaceStrDescriptor)
    USBD_FS_LangIDStrDescriptor              0x0800455d   Thumb Code     8  usbd_desc.o(i.USBD_FS_LangIDStrDescriptor)
    USBD_FS_ManufacturerStrDescriptor        0x08004569   Thumb Code    16  usbd_desc.o(i.USBD_FS_ManufacturerStrDescriptor)
    USBD_FS_ProductStrDescriptor             0x08004591   Thumb Code    16  usbd_desc.o(i.USBD_FS_ProductStrDescriptor)
    USBD_FS_SerialStrDescriptor              0x080045bd   Thumb Code    50  usbd_desc.o(i.USBD_FS_SerialStrDescriptor)
    USBD_FS_USR_BOSDescriptor                0x080045f9   Thumb Code     8  usbd_desc.o(i.USBD_FS_USR_BOSDescriptor)
    USBD_GetString                           0x08004703   Thumb Code    74  usbd_ctlreq.o(i.USBD_GetString)
    USBD_Get_USB_Status                      0x0800474d   Thumb Code    24  usbd_conf.o(i.USBD_Get_USB_Status)
    USBD_Init                                0x08004765   Thumb Code    42  usbd_core.o(i.USBD_Init)
    USBD_LL_ClearStallEP                     0x0800478f   Thumb Code    18  usbd_conf.o(i.USBD_LL_ClearStallEP)
    USBD_LL_CloseEP                          0x080047a1   Thumb Code    18  usbd_conf.o(i.USBD_LL_CloseEP)
    USBD_LL_DataInStage                      0x080047b3   Thumb Code   194  usbd_core.o(i.USBD_LL_DataInStage)
    USBD_LL_DataOutStage                     0x08004875   Thumb Code   130  usbd_core.o(i.USBD_LL_DataOutStage)
    USBD_LL_DevConnected                     0x080048f7   Thumb Code     4  usbd_core.o(i.USBD_LL_DevConnected)
    USBD_LL_DevDisconnected                  0x080048fb   Thumb Code    22  usbd_core.o(i.USBD_LL_DevDisconnected)
    USBD_LL_GetRxDataSize                    0x08004911   Thumb Code     8  usbd_conf.o(i.USBD_LL_GetRxDataSize)
    USBD_LL_Init                             0x08004919   Thumb Code    90  usbd_conf.o(i.USBD_LL_Init)
    USBD_LL_IsStallEP                        0x08004979   Thumb Code    32  usbd_conf.o(i.USBD_LL_IsStallEP)
    USBD_LL_IsoINIncomplete                  0x08004999   Thumb Code     4  usbd_core.o(i.USBD_LL_IsoINIncomplete)
    USBD_LL_IsoOUTIncomplete                 0x0800499d   Thumb Code     4  usbd_core.o(i.USBD_LL_IsoOUTIncomplete)
    USBD_LL_OpenEP                           0x080049a1   Thumb Code    24  usbd_conf.o(i.USBD_LL_OpenEP)
    USBD_LL_PrepareReceive                   0x080049b9   Thumb Code    18  usbd_conf.o(i.USBD_LL_PrepareReceive)
    USBD_LL_Reset                            0x080049cb   Thumb Code    80  usbd_core.o(i.USBD_LL_Reset)
    USBD_LL_Resume                           0x08004a1b   Thumb Code    12  usbd_core.o(i.USBD_LL_Resume)
    USBD_LL_SOF                              0x08004a27   Thumb Code    24  usbd_core.o(i.USBD_LL_SOF)
    USBD_LL_SetSpeed                         0x08004a3f   Thumb Code     6  usbd_core.o(i.USBD_LL_SetSpeed)
    USBD_LL_SetUSBAddress                    0x08004a45   Thumb Code    18  usbd_conf.o(i.USBD_LL_SetUSBAddress)
    USBD_LL_SetupStage                       0x08004a57   Thumb Code    86  usbd_core.o(i.USBD_LL_SetupStage)
    USBD_LL_StallEP                          0x08004aad   Thumb Code    18  usbd_conf.o(i.USBD_LL_StallEP)
    USBD_LL_Start                            0x08004abf   Thumb Code    18  usbd_conf.o(i.USBD_LL_Start)
    USBD_LL_Suspend                          0x08004ad1   Thumb Code    18  usbd_core.o(i.USBD_LL_Suspend)
    USBD_LL_Transmit                         0x08004ae3   Thumb Code    18  usbd_conf.o(i.USBD_LL_Transmit)
    USBD_ParseSetupRequest                   0x08004af5   Thumb Code    40  usbd_ctlreq.o(i.USBD_ParseSetupRequest)
    USBD_RegisterClass                       0x08004b1d   Thumb Code    18  usbd_core.o(i.USBD_RegisterClass)
    USBD_SetClassConfig                      0x08004b2f   Thumb Code    22  usbd_core.o(i.USBD_SetClassConfig)
    USBD_Start                               0x08004bcd   Thumb Code    10  usbd_core.o(i.USBD_Start)
    USBD_StdDevReq                           0x08004bd7   Thumb Code   276  usbd_ctlreq.o(i.USBD_StdDevReq)
    USBD_StdEPReq                            0x08004ceb   Thumb Code   336  usbd_ctlreq.o(i.USBD_StdEPReq)
    USBD_StdItfReq                           0x08004e3b   Thumb Code    78  usbd_ctlreq.o(i.USBD_StdItfReq)
    USB_ActivateEndpoint                     0x08004e89   Thumb Code   124  stm32f7xx_ll_usb.o(i.USB_ActivateEndpoint)
    USB_ActivateSetup                        0x08004f09   Thumb Code    52  stm32f7xx_ll_usb.o(i.USB_ActivateSetup)
    USB_CoreInit                             0x08004f3d   Thumb Code   104  stm32f7xx_ll_usb.o(i.USB_CoreInit)
    USB_DeactivateEndpoint                   0x08004fe1   Thumb Code   118  stm32f7xx_ll_usb.o(i.USB_DeactivateEndpoint)
    USB_DevConnect                           0x08005061   Thumb Code    24  stm32f7xx_ll_usb.o(i.USB_DevConnect)
    USB_DevDisconnect                        0x08005079   Thumb Code    24  stm32f7xx_ll_usb.o(i.USB_DevDisconnect)
    USB_DevInit                              0x08005091   Thumb Code   386  stm32f7xx_ll_usb.o(i.USB_DevInit)
    USB_DisableGlobalInt                     0x08005225   Thumb Code    12  stm32f7xx_ll_usb.o(i.USB_DisableGlobalInt)
    USB_EP0StartXfer                         0x08005231   Thumb Code   266  stm32f7xx_ll_usb.o(i.USB_EP0StartXfer)
    USB_EP0_OutStart                         0x08005341   Thumb Code    84  stm32f7xx_ll_usb.o(i.USB_EP0_OutStart)
    USB_EPClearStall                         0x08005399   Thumb Code    88  stm32f7xx_ll_usb.o(i.USB_EPClearStall)
    USB_EPSetStall                           0x080053f1   Thumb Code    88  stm32f7xx_ll_usb.o(i.USB_EPSetStall)
    USB_EPStartXfer                          0x08005449   Thumb Code   452  stm32f7xx_ll_usb.o(i.USB_EPStartXfer)
    USB_EnableGlobalInt                      0x08005611   Thumb Code    12  stm32f7xx_ll_usb.o(i.USB_EnableGlobalInt)
    USB_FlushRxFifo                          0x0800561d   Thumb Code    28  stm32f7xx_ll_usb.o(i.USB_FlushRxFifo)
    USB_FlushTxFifo                          0x0800563d   Thumb Code    32  stm32f7xx_ll_usb.o(i.USB_FlushTxFifo)
    USB_GetDevSpeed                          0x08005661   Thumb Code    26  stm32f7xx_ll_usb.o(i.USB_GetDevSpeed)
    USB_GetMode                              0x0800567b   Thumb Code     8  stm32f7xx_ll_usb.o(i.USB_GetMode)
    USB_ReadDevAllInEpInterrupt              0x08005683   Thumb Code    14  stm32f7xx_ll_usb.o(i.USB_ReadDevAllInEpInterrupt)
    USB_ReadDevAllOutEpInterrupt             0x08005691   Thumb Code    14  stm32f7xx_ll_usb.o(i.USB_ReadDevAllOutEpInterrupt)
    USB_ReadDevInEPInterrupt                 0x0800569f   Thumb Code    36  stm32f7xx_ll_usb.o(i.USB_ReadDevInEPInterrupt)
    USB_ReadDevOutEPInterrupt                0x080056c3   Thumb Code    16  stm32f7xx_ll_usb.o(i.USB_ReadDevOutEPInterrupt)
    USB_ReadInterrupts                       0x080056d3   Thumb Code     8  stm32f7xx_ll_usb.o(i.USB_ReadInterrupts)
    USB_ReadPacket                           0x080056db   Thumb Code    28  stm32f7xx_ll_usb.o(i.USB_ReadPacket)
    USB_SetCurrentMode                       0x080056f7   Thumb Code    46  stm32f7xx_ll_usb.o(i.USB_SetCurrentMode)
    USB_SetDevAddress                        0x08005725   Thumb Code    34  stm32f7xx_ll_usb.o(i.USB_SetDevAddress)
    USB_SetTurnaroundTime                    0x08005749   Thumb Code   158  stm32f7xx_ll_usb.o(i.USB_SetTurnaroundTime)
    USB_WritePacket                          0x08005831   Thumb Code    36  stm32f7xx_ll_usb.o(i.USB_WritePacket)
    UsageFault_Handler                       0x08005855   Thumb Code     2  stm32f7xx_it.o(i.UsageFault_Handler)
    __scatterload_copy                       0x08005879   Thumb Code    14  handlers.o(i.__scatterload_copy)
    __scatterload_null                       0x08005887   Thumb Code     2  handlers.o(i.__scatterload_null)
    __scatterload_zeroinit                   0x08005889   Thumb Code    14  handlers.o(i.__scatterload_zeroinit)
    free                                     0x08005899   Thumb Code    76  malloc.o(i.free)
    getAMTPos                                0x080058e9   Thumb Code   144  main.o(i.getAMTPos)
    main                                     0x08005981   Thumb Code   136  main.o(i.main)
    malloc                                   0x08005a1d   Thumb Code    92  malloc.o(i.malloc)
    AHBPrescTable                            0x08005a90   Data          16  system_stm32f7xx.o(.constdata)
    APBPrescTable                            0x08005aa0   Data           8  system_stm32f7xx.o(.constdata)
    Region$$Table$$Base                      0x08005aa8   Number         0  anon$$obj.o(Region$$Table)
    Region$$Table$$Limit                     0x08005ac8   Number         0  anon$$obj.o(Region$$Table)
    lowEightMask                             0x20000000   Data           1  main.o(.data)
    initPos                                  0x20000002   Data           2  main.o(.data)
    quadraturePos                            0x20000004   Data           2  main.o(.data)
    lowTwelveMask                            0x20000006   Data           2  main.o(.data)
    encoderStart                             0x20000008   Data           4  main.o(.data)
    dataStart                                0x2000000c   Data           4  main.o(.data)
    FS_Desc                                  0x20000010   Data          32  usbd_desc.o(.data)
    USBD_LangIDDesc                          0x20000030   Data           4  usbd_desc.o(.data)
    USBD_FS_DeviceDesc                       0x20000034   Data          18  usbd_desc.o(.data)
    USBD_FS_BOSDesc                          0x20000048   Data          12  usbd_desc.o(.data)
    USBD_StringSerial                        0x20000054   Data          26  usbd_desc.o(.data)
    USBD_Interface_fops_FS                   0x20000070   Data          16  usbd_cdc_if.o(.data)
    uwTickFreq                               0x20000080   Data           1  stm32f7xx_hal.o(.data)
    uwTickPrio                               0x20000084   Data           4  stm32f7xx_hal.o(.data)
    uwTick                                   0x20000088   Data           4  stm32f7xx_hal.o(.data)
    SystemCoreClock                          0x2000008c   Data           4  system_stm32f7xx.o(.data)
    USBD_CDC_CfgHSDesc                       0x200000a0   Data          67  usbd_cdc.o(.data)
    USBD_CDC_CfgFSDesc                       0x200000e4   Data          67  usbd_cdc.o(.data)
    USBD_CDC_OtherSpeedCfgDesc               0x20000128   Data          67  usbd_cdc.o(.data)
    USBD_CDC                                 0x2000016c   Data          56  usbd_cdc.o(.data)
    __microlib_freelist                      0x200001a4   Data           4  mvars.o(.data)
    __microlib_freelist_initialised          0x200001a8   Data           4  mvars.o(.data)
    hadc1                                    0x200001ac   Data          72  main.o(.bss)
    hspi1                                    0x200001f4   Data         100  main.o(.bss)
    htim1                                    0x20000258   Data          64  main.o(.bss)
    htim3                                    0x20000298   Data          64  main.o(.bss)
    huart2                                   0x200002d8   Data         128  main.o(.bss)
    vals                                     0x20000358   Data         500  main.o(.bss)
    hdma_adc1                                0x2000054c   Data          96  main.o(.bss)
    hUsbDeviceFS                             0x200005ac   Data         668  usb_device.o(.bss)
    hpcd_USB_OTG_FS                          0x20000848   Data        1028  usbd_conf.o(.bss)
    USBD_StrDesc                             0x20000c4c   Data         512  usbd_desc.o(.bss)
    UserRxBufferFS                           0x20000e4c   Data        2048  usbd_cdc_if.o(.bss)
    UserTxBufferFS                           0x2000164c   Data        2048  usbd_cdc_if.o(.bss)
    __heap_base                              0x20001e50   Data           0  startup_stm32f746xx.o(HEAP)
    __heap_limit                             0x20002250   Data           0  startup_stm32f746xx.o(HEAP)
    __initial_sp                             0x20002a50   Data           0  startup_stm32f746xx.o(STACK)



==============================================================================

Memory Map of the image

  Image Entry point : 0x080001c9

  Load Region LR_IROM1 (Base: 0x08000000, Size: 0x00005c74, Max: 0x00100000, ABSOLUTE, COMPRESSED[0x00005ba0])

    Execution Region ER_IROM1 (Exec base: 0x08000000, Load base: 0x08000000, Size: 0x00005ac8, Max: 0x00100000, ABSOLUTE)

    Exec Addr    Load Addr    Size         Type   Attr      Idx    E Section Name        Object

    0x08000000   0x08000000   0x000001c8   Data   RO            3    RESET               startup_stm32f746xx.o
    0x080001c8   0x080001c8   0x00000000   Code   RO         5468  * .ARM.Collect$$$$00000000  mc_w.l(entry.o)
    0x080001c8   0x080001c8   0x00000004   Code   RO         5537    .ARM.Collect$$$$00000001  mc_w.l(entry2.o)
    0x080001cc   0x080001cc   0x00000004   Code   RO         5540    .ARM.Collect$$$$00000004  mc_w.l(entry5.o)
    0x080001d0   0x080001d0   0x00000000   Code   RO         5542    .ARM.Collect$$$$00000008  mc_w.l(entry7b.o)
    0x080001d0   0x080001d0   0x00000000   Code   RO         5544    .ARM.Collect$$$$0000000A  mc_w.l(entry8b.o)
    0x080001d0   0x080001d0   0x00000008   Code   RO         5545    .ARM.Collect$$$$0000000B  mc_w.l(entry9a.o)
    0x080001d8   0x080001d8   0x00000000   Code   RO         5547    .ARM.Collect$$$$0000000D  mc_w.l(entry10a.o)
    0x080001d8   0x080001d8   0x00000000   Code   RO         5549    .ARM.Collect$$$$0000000F  mc_w.l(entry11a.o)
    0x080001d8   0x080001d8   0x00000004   Code   RO         5538    .ARM.Collect$$$$00002712  mc_w.l(entry2.o)
    0x080001dc   0x080001dc   0x00000024   Code   RO            4    .text               startup_stm32f746xx.o
    0x08000200   0x08000200   0x00000062   Code   RO         5471    .text               mc_w.l(uldiv.o)
    0x08000262   0x08000262   0x00000024   Code   RO         5473    .text               mc_w.l(memcpya.o)
    0x08000286   0x08000286   0x00000024   Code   RO         5475    .text               mc_w.l(memseta.o)
    0x080002aa   0x080002aa   0x0000001e   Code   RO         5556    .text               mc_w.l(llshl.o)
    0x080002c8   0x080002c8   0x00000020   Code   RO         5558    .text               mc_w.l(llushr.o)
    0x080002e8   0x080002e8   0x00000024   Code   RO         5573    .text               mc_w.l(init.o)
    0x0800030c   0x0800030c   0x00000056   Code   RO         5589    .text               mc_w.l(__dczerorl2.o)
    0x08000362   0x08000362   0x0000006e   Code   RO         1437    i.ADC_DMAConvCplt   stm32f7xx_hal_adc.o
    0x080003d0   0x080003d0   0x00000016   Code   RO         1438    i.ADC_DMAError      stm32f7xx_hal_adc.o
    0x080003e6   0x080003e6   0x0000000a   Code   RO         1439    i.ADC_DMAHalfConvCplt  stm32f7xx_hal_adc.o
    0x080003f0   0x080003f0   0x0000000c   Code   RO          672    i.ADC_IRQHandler    stm32f7xx_it.o
    0x080003fc   0x080003fc   0x00000138   Code   RO         1440    i.ADC_Init          stm32f7xx_hal_adc.o
    0x08000534   0x08000534   0x00000002   Code   RO          673    i.BusFault_Handler  stm32f7xx_it.o
    0x08000536   0x08000536   0x00000004   Code   RO          620    i.CDC_Control_FS    usbd_cdc_if.o
    0x0800053a   0x0800053a   0x00000004   Code   RO          621    i.CDC_DeInit_FS     usbd_cdc_if.o
    0x0800053e   0x0800053e   0x00000002   PAD
    0x08000540   0x08000540   0x00000024   Code   RO          622    i.CDC_Init_FS       usbd_cdc_if.o
    0x08000564   0x08000564   0x00000018   Code   RO          623    i.CDC_Receive_FS    usbd_cdc_if.o
    0x0800057c   0x0800057c   0x0000002c   Code   RO          624    i.CDC_Transmit_FS   usbd_cdc_if.o
    0x080005a8   0x080005a8   0x0000000c   Code   RO          674    i.DMA2_Stream0_IRQHandler  stm32f7xx_it.o
    0x080005b4   0x080005b4   0x00000028   Code   RO         3944    i.DMA_CalcBaseAndBitshift  stm32f7xx_hal_dma.o
    0x080005dc   0x080005dc   0x00000054   Code   RO         3945    i.DMA_CheckFifoParam  stm32f7xx_hal_dma.o
    0x08000630   0x08000630   0x00000028   Code   RO         3946    i.DMA_SetConfig     stm32f7xx_hal_dma.o
    0x08000658   0x08000658   0x00000028   Code   RO           13    i.DWT_Delay         main.o
    0x08000680   0x08000680   0x00000030   Code   RO           14    i.DWT_Init          main.o
    0x080006b0   0x080006b0   0x00000002   Code   RO          675    i.DebugMon_Handler  stm32f7xx_it.o
    0x080006b2   0x080006b2   0x00000002   Code   RO           15    i.Error_Handler     main.o
    0x080006b4   0x080006b4   0x00000002   Code   RO         1611    i.HAL_ADCEx_InjectedConvCpltCallback  stm32f7xx_hal_adc_ex.o
    0x080006b6   0x080006b6   0x00000002   PAD
    0x080006b8   0x080006b8   0x00000164   Code   RO         1442    i.HAL_ADC_ConfigChannel  stm32f7xx_hal_adc.o
    0x0800081c   0x0800081c   0x00000020   Code   RO           16    i.HAL_ADC_ConvCpltCallback  main.o
    0x0800083c   0x0800083c   0x00000002   Code   RO         1444    i.HAL_ADC_ConvHalfCpltCallback  stm32f7xx_hal_adc.o
    0x0800083e   0x0800083e   0x00000002   Code   RO         1446    i.HAL_ADC_ErrorCallback  stm32f7xx_hal_adc.o
    0x08000840   0x08000840   0x0000013c   Code   RO         1450    i.HAL_ADC_IRQHandler  stm32f7xx_hal_adc.o
    0x0800097c   0x0800097c   0x00000054   Code   RO         1451    i.HAL_ADC_Init      stm32f7xx_hal_adc.o
    0x080009d0   0x080009d0   0x00000002   Code   RO         1452    i.HAL_ADC_LevelOutOfWindowCallback  stm32f7xx_hal_adc.o
    0x080009d2   0x080009d2   0x00000002   PAD
    0x080009d4   0x080009d4   0x000000a4   Code   RO          773    i.HAL_ADC_MspInit   stm32f7xx_hal_msp.o
    0x08000a78   0x08000a78   0x00000120   Code   RO         1458    i.HAL_ADC_Start_DMA  stm32f7xx_hal_adc.o
    0x08000b98   0x08000b98   0x000001a0   Code   RO         3952    i.HAL_DMA_IRQHandler  stm32f7xx_hal_dma.o
    0x08000d38   0x08000d38   0x000000e4   Code   RO         3953    i.HAL_DMA_Init      stm32f7xx_hal_dma.o
    0x08000e1c   0x08000e1c   0x0000007a   Code   RO         3957    i.HAL_DMA_Start_IT  stm32f7xx_hal_dma.o
    0x08000e96   0x08000e96   0x00000002   PAD
    0x08000e98   0x08000e98   0x00000024   Code   RO         4314    i.HAL_Delay         stm32f7xx_hal.o
    0x08000ebc   0x08000ebc   0x000001d8   Code   RO         3881    i.HAL_GPIO_Init     stm32f7xx_hal_gpio.o
    0x08001094   0x08001094   0x0000000a   Code   RO         3885    i.HAL_GPIO_WritePin  stm32f7xx_hal_gpio.o
    0x0800109e   0x0800109e   0x00000002   PAD
    0x080010a0   0x080010a0   0x0000000c   Code   RO         4322    i.HAL_GetTick       stm32f7xx_hal.o
    0x080010ac   0x080010ac   0x00000010   Code   RO         4328    i.HAL_IncTick       stm32f7xx_hal.o
    0x080010bc   0x080010bc   0x00000016   Code   RO         4329    i.HAL_Init          stm32f7xx_hal.o
    0x080010d2   0x080010d2   0x00000002   PAD
    0x080010d4   0x080010d4   0x00000040   Code   RO         4330    i.HAL_InitTick      stm32f7xx_hal.o
    0x08001114   0x08001114   0x00000030   Code   RO          774    i.HAL_MspInit       stm32f7xx_hal_msp.o
    0x08001144   0x08001144   0x00000022   Code   RO         1716    i.HAL_NVIC_DisableIRQ  stm32f7xx_hal_cortex.o
    0x08001166   0x08001166   0x0000001a   Code   RO         1717    i.HAL_NVIC_EnableIRQ  stm32f7xx_hal_cortex.o
    0x08001180   0x08001180   0x00000040   Code   RO         1723    i.HAL_NVIC_SetPriority  stm32f7xx_hal_cortex.o
    0x080011c0   0x080011c0   0x00000024   Code   RO         1724    i.HAL_NVIC_SetPriorityGrouping  stm32f7xx_hal_cortex.o
    0x080011e4   0x080011e4   0x00000028   Code   RO         1083    i.HAL_PCDEx_ActivateLPM  stm32f7xx_hal_pcd_ex.o
    0x0800120c   0x0800120c   0x00000060   Code   RO          327    i.HAL_PCDEx_LPM_Callback  usbd_conf.o
    0x0800126c   0x0800126c   0x00000008   Code   RO         1087    i.HAL_PCDEx_SetRxFiFo  stm32f7xx_hal_pcd_ex.o
    0x08001274   0x08001274   0x00000046   Code   RO         1088    i.HAL_PCDEx_SetTxFiFo  stm32f7xx_hal_pcd_ex.o
    0x080012ba   0x080012ba   0x00000008   Code   RO          328    i.HAL_PCD_ConnectCallback  usbd_conf.o
    0x080012c2   0x080012c2   0x00000012   Code   RO          329    i.HAL_PCD_DataInStageCallback  usbd_conf.o
    0x080012d4   0x080012d4   0x00000014   Code   RO          330    i.HAL_PCD_DataOutStageCallback  usbd_conf.o
    0x080012e8   0x080012e8   0x00000008   Code   RO          331    i.HAL_PCD_DisconnectCallback  usbd_conf.o
    0x080012f0   0x080012f0   0x0000004c   Code   RO          872    i.HAL_PCD_EP_Close  stm32f7xx_hal_pcd.o
    0x0800133c   0x0800133c   0x0000005c   Code   RO          873    i.HAL_PCD_EP_ClrStall  stm32f7xx_hal_pcd.o
    0x08001398   0x08001398   0x00000012   Code   RO          875    i.HAL_PCD_EP_GetRxCount  stm32f7xx_hal_pcd.o
    0x080013aa   0x080013aa   0x00000060   Code   RO          876    i.HAL_PCD_EP_Open   stm32f7xx_hal_pcd.o
    0x0800140a   0x0800140a   0x00000044   Code   RO          877    i.HAL_PCD_EP_Receive  stm32f7xx_hal_pcd.o
    0x0800144e   0x0800144e   0x00000074   Code   RO          878    i.HAL_PCD_EP_SetStall  stm32f7xx_hal_pcd.o
    0x080014c2   0x080014c2   0x00000044   Code   RO          879    i.HAL_PCD_EP_Transmit  stm32f7xx_hal_pcd.o
    0x08001506   0x08001506   0x00000002   PAD
    0x08001508   0x08001508   0x000004aa   Code   RO          881    i.HAL_PCD_IRQHandler  stm32f7xx_hal_pcd.o
    0x080019b2   0x080019b2   0x00000008   Code   RO          332    i.HAL_PCD_ISOINIncompleteCallback  usbd_conf.o
    0x080019ba   0x080019ba   0x00000008   Code   RO          333    i.HAL_PCD_ISOOUTIncompleteCallback  usbd_conf.o
    0x080019c2   0x080019c2   0x00000002   PAD
    0x080019c4   0x080019c4   0x000000ea   Code   RO          884    i.HAL_PCD_Init      stm32f7xx_hal_pcd.o
    0x08001aae   0x08001aae   0x00000002   PAD
    0x08001ab0   0x08001ab0   0x0000009c   Code   RO          335    i.HAL_PCD_MspInit   usbd_conf.o
    0x08001b4c   0x08001b4c   0x0000002c   Code   RO          336    i.HAL_PCD_ResetCallback  usbd_conf.o
    0x08001b78   0x08001b78   0x00000008   Code   RO          337    i.HAL_PCD_ResumeCallback  usbd_conf.o
    0x08001b80   0x08001b80   0x00000008   Code   RO          338    i.HAL_PCD_SOFCallback  usbd_conf.o
    0x08001b88   0x08001b88   0x00000028   Code   RO          890    i.HAL_PCD_SetAddress  stm32f7xx_hal_pcd.o
    0x08001bb0   0x08001bb0   0x0000000e   Code   RO          339    i.HAL_PCD_SetupStageCallback  usbd_conf.o
    0x08001bbe   0x08001bbe   0x0000002a   Code   RO          892    i.HAL_PCD_Start     stm32f7xx_hal_pcd.o
    0x08001be8   0x08001be8   0x00000030   Code   RO          340    i.HAL_PCD_SuspendCallback  usbd_conf.o
    0x08001c18   0x08001c18   0x0000006c   Code   RO         4221    i.HAL_PWREx_EnableOverDrive  stm32f7xx_hal_pwr_ex.o
    0x08001c84   0x08001c84   0x000004fc   Code   RO         3642    i.HAL_RCCEx_PeriphCLKConfig  stm32f7xx_hal_rcc_ex.o
    0x08002180   0x08002180   0x0000012c   Code   RO         3535    i.HAL_RCC_ClockConfig  stm32f7xx_hal_rcc.o
    0x080022ac   0x080022ac   0x0000000c   Code   RO         3540    i.HAL_RCC_GetHCLKFreq  stm32f7xx_hal_rcc.o
    0x080022b8   0x080022b8   0x00000020   Code   RO         3542    i.HAL_RCC_GetPCLK1Freq  stm32f7xx_hal_rcc.o
    0x080022d8   0x080022d8   0x00000020   Code   RO         3543    i.HAL_RCC_GetPCLK2Freq  stm32f7xx_hal_rcc.o
    0x080022f8   0x080022f8   0x00000060   Code   RO         3544    i.HAL_RCC_GetSysClockFreq  stm32f7xx_hal_rcc.o
    0x08002358   0x08002358   0x00000338   Code   RO         3547    i.HAL_RCC_OscConfig  stm32f7xx_hal_rcc.o
    0x08002690   0x08002690   0x000000c4   Code   RO         1858    i.HAL_SPI_Init      stm32f7xx_hal_spi.o
    0x08002754   0x08002754   0x0000008c   Code   RO          776    i.HAL_SPI_MspInit   stm32f7xx_hal_msp.o
    0x080027e0   0x080027e0   0x00000260   Code   RO         1867    i.HAL_SPI_TransmitReceive  stm32f7xx_hal_spi.o
    0x08002a40   0x08002a40   0x00000026   Code   RO         1728    i.HAL_SYSTICK_Config  stm32f7xx_hal_cortex.o
    0x08002a66   0x08002a66   0x00000002   Code   RO         2885    i.HAL_TIMEx_Break2Callback  stm32f7xx_hal_tim_ex.o
    0x08002a68   0x08002a68   0x00000002   Code   RO         2886    i.HAL_TIMEx_BreakCallback  stm32f7xx_hal_tim_ex.o
    0x08002a6a   0x08002a6a   0x00000002   Code   RO         2887    i.HAL_TIMEx_CommutCallback  stm32f7xx_hal_tim_ex.o
    0x08002a6c   0x08002a6c   0x00000060   Code   RO         2905    i.HAL_TIMEx_MasterConfigSynchronization  stm32f7xx_hal_tim_ex.o
    0x08002acc   0x08002acc   0x00000036   Code   RO         2200    i.HAL_TIM_Base_Init  stm32f7xx_hal_tim.o
    0x08002b02   0x08002b02   0x00000002   PAD
    0x08002b04   0x08002b04   0x0000003c   Code   RO          778    i.HAL_TIM_Base_MspInit  stm32f7xx_hal_msp.o
    0x08002b40   0x08002b40   0x000000dc   Code   RO         2209    i.HAL_TIM_ConfigClockSource  stm32f7xx_hal_tim.o
    0x08002c1c   0x08002c1c   0x000000a8   Code   RO         2218    i.HAL_TIM_Encoder_Init  stm32f7xx_hal_tim.o
    0x08002cc4   0x08002cc4   0x00000068   Code   RO          780    i.HAL_TIM_Encoder_MspInit  stm32f7xx_hal_msp.o
    0x08002d2c   0x08002d2c   0x00000034   Code   RO         2221    i.HAL_TIM_Encoder_Start  stm32f7xx_hal_tim.o
    0x08002d60   0x08002d60   0x00000002   Code   RO         2229    i.HAL_TIM_IC_CaptureCallback  stm32f7xx_hal_tim.o
    0x08002d62   0x08002d62   0x00000182   Code   RO         2243    i.HAL_TIM_IRQHandler  stm32f7xx_hal_tim.o
    0x08002ee4   0x08002ee4   0x00000050   Code   RO          781    i.HAL_TIM_MspPostInit  stm32f7xx_hal_msp.o
    0x08002f34   0x08002f34   0x00000002   Code   RO         2246    i.HAL_TIM_OC_DelayElapsedCallback  stm32f7xx_hal_tim.o
    0x08002f36   0x08002f36   0x00000128   Code   RO         2267    i.HAL_TIM_PWM_ConfigChannel  stm32f7xx_hal_tim.o
    0x0800305e   0x0800305e   0x00000036   Code   RO         2270    i.HAL_TIM_PWM_Init  stm32f7xx_hal_tim.o
    0x08003094   0x08003094   0x00000002   Code   RO         2272    i.HAL_TIM_PWM_MspInit  stm32f7xx_hal_tim.o
    0x08003096   0x08003096   0x00000002   Code   RO         2273    i.HAL_TIM_PWM_PulseFinishedCallback  stm32f7xx_hal_tim.o
    0x08003098   0x08003098   0x00000080   Code   RO         2277    i.HAL_TIM_PWM_Start_IT  stm32f7xx_hal_tim.o
    0x08003118   0x08003118   0x00000044   Code   RO           17    i.HAL_TIM_PeriodElapsedCallback  main.o
    0x0800315c   0x0800315c   0x00000002   Code   RO         2286    i.HAL_TIM_TriggerCallback  stm32f7xx_hal_tim.o
    0x0800315e   0x0800315e   0x00000066   Code   RO         3174    i.HAL_UART_Init     stm32f7xx_hal_uart.o
    0x080031c4   0x080031c4   0x00000084   Code   RO          783    i.HAL_UART_MspInit  stm32f7xx_hal_msp.o
    0x08003248   0x08003248   0x00000002   Code   RO          676    i.HardFault_Handler  stm32f7xx_it.o
    0x0800324a   0x0800324a   0x00000002   PAD
    0x0800324c   0x0800324c   0x00000038   Code   RO          528    i.IntToUnicode      usbd_desc.o
    0x08003284   0x08003284   0x00000058   Code   RO           18    i.MX_ADC1_Init      main.o
    0x080032dc   0x080032dc   0x00000180   Code   RO           19    i.MX_GPIO_Init      main.o
    0x0800345c   0x0800345c   0x00000044   Code   RO           20    i.MX_SPI1_Init      main.o
    0x080034a0   0x080034a0   0x00000060   Code   RO           21    i.MX_TIM1_Init      main.o
    0x08003500   0x08003500   0x0000007c   Code   RO           22    i.MX_TIM3_Init      main.o
    0x0800357c   0x0800357c   0x00000034   Code   RO           23    i.MX_USART2_UART_Init  main.o
    0x080035b0   0x080035b0   0x00000054   Code   RO          292    i.MX_USB_DEVICE_Init  usb_device.o
    0x08003604   0x08003604   0x00000002   Code   RO          677    i.MemManage_Handler  stm32f7xx_it.o
    0x08003606   0x08003606   0x00000002   Code   RO          678    i.NMI_Handler       stm32f7xx_it.o
    0x08003608   0x08003608   0x0000000c   Code   RO          679    i.OTG_FS_IRQHandler  stm32f7xx_it.o
    0x08003614   0x08003614   0x000000dc   Code   RO          895    i.PCD_EP_OutXfrComplete_int  stm32f7xx_hal_pcd.o
    0x080036f0   0x080036f0   0x000000a2   Code   RO          896    i.PCD_WriteEmptyTxFifo  stm32f7xx_hal_pcd.o
    0x08003792   0x08003792   0x00000002   Code   RO          680    i.PendSV_Handler    stm32f7xx_it.o
    0x08003794   0x08003794   0x00000048   Code   RO         1896    i.SPI_EndRxTxTransaction  stm32f7xx_hal_spi.o
    0x080037dc   0x080037dc   0x00000096   Code   RO         1901    i.SPI_WaitFifoStateUntilTimeout  stm32f7xx_hal_spi.o
    0x08003872   0x08003872   0x00000094   Code   RO         1902    i.SPI_WaitFlagStateUntilTimeout  stm32f7xx_hal_spi.o
    0x08003906   0x08003906   0x00000002   Code   RO          681    i.SVC_Handler       stm32f7xx_it.o
    0x08003908   0x08003908   0x00000004   Code   RO          682    i.SysTick_Handler   stm32f7xx_it.o
    0x0800390c   0x0800390c   0x000000a4   Code   RO           24    i.SystemClock_Config  main.o
    0x080039b0   0x080039b0   0x00000054   Code   RO         5065    i.SystemInit        system_stm32f7xx.o
    0x08003a04   0x08003a04   0x0000000c   Code   RO          683    i.TIM3_IRQHandler   stm32f7xx_it.o
    0x08003a10   0x08003a10   0x000000cc   Code   RO         2288    i.TIM_Base_SetConfig  stm32f7xx_hal_tim.o
    0x08003adc   0x08003adc   0x0000001a   Code   RO         2289    i.TIM_CCxChannelCmd  stm32f7xx_hal_tim.o
    0x08003af6   0x08003af6   0x00000012   Code   RO         2299    i.TIM_ETR_SetConfig  stm32f7xx_hal_tim.o
    0x08003b08   0x08003b08   0x00000010   Code   RO         2300    i.TIM_ITRx_SetConfig  stm32f7xx_hal_tim.o
    0x08003b18   0x08003b18   0x00000074   Code   RO         2301    i.TIM_OC1_SetConfig  stm32f7xx_hal_tim.o
    0x08003b8c   0x08003b8c   0x00000078   Code   RO         2302    i.TIM_OC2_SetConfig  stm32f7xx_hal_tim.o
    0x08003c04   0x08003c04   0x00000078   Code   RO         2303    i.TIM_OC3_SetConfig  stm32f7xx_hal_tim.o
    0x08003c7c   0x08003c7c   0x00000058   Code   RO         2304    i.TIM_OC4_SetConfig  stm32f7xx_hal_tim.o
    0x08003cd4   0x08003cd4   0x00000058   Code   RO         2305    i.TIM_OC5_SetConfig  stm32f7xx_hal_tim.o
    0x08003d2c   0x08003d2c   0x00000058   Code   RO         2306    i.TIM_OC6_SetConfig  stm32f7xx_hal_tim.o
    0x08003d84   0x08003d84   0x00000022   Code   RO         2308    i.TIM_TI1_ConfigInputStage  stm32f7xx_hal_tim.o
    0x08003da6   0x08003da6   0x00000024   Code   RO         2310    i.TIM_TI2_ConfigInputStage  stm32f7xx_hal_tim.o
    0x08003dca   0x08003dca   0x000000c8   Code   RO         3187    i.UART_AdvFeatureConfig  stm32f7xx_hal_uart.o
    0x08003e92   0x08003e92   0x0000003c   Code   RO         3188    i.UART_CheckIdleState  stm32f7xx_hal_uart.o
    0x08003ece   0x08003ece   0x00000002   PAD
    0x08003ed0   0x08003ed0   0x00000254   Code   RO         3203    i.UART_SetConfig    stm32f7xx_hal_uart.o
    0x08004124   0x08004124   0x00000060   Code   RO         3206    i.UART_WaitOnFlagUntilTimeout  stm32f7xx_hal_uart.o
    0x08004184   0x08004184   0x0000004a   Code   RO         5365    i.USBD_CDC_DataIn   usbd_cdc.o
    0x080041ce   0x080041ce   0x0000002e   Code   RO         5366    i.USBD_CDC_DataOut  usbd_cdc.o
    0x080041fc   0x080041fc   0x00000044   Code   RO         5367    i.USBD_CDC_DeInit   usbd_cdc.o
    0x08004240   0x08004240   0x00000024   Code   RO         5368    i.USBD_CDC_EP0_RxReady  usbd_cdc.o
    0x08004264   0x08004264   0x0000000c   Code   RO         5369    i.USBD_CDC_GetDeviceQualifierDescriptor  usbd_cdc.o
    0x08004270   0x08004270   0x0000000c   Code   RO         5370    i.USBD_CDC_GetFSCfgDesc  usbd_cdc.o
    0x0800427c   0x0800427c   0x0000000c   Code   RO         5371    i.USBD_CDC_GetHSCfgDesc  usbd_cdc.o
    0x08004288   0x08004288   0x0000000c   Code   RO         5372    i.USBD_CDC_GetOtherSpeedCfgDesc  usbd_cdc.o
    0x08004294   0x08004294   0x00000094   Code   RO         5373    i.USBD_CDC_Init     usbd_cdc.o
    0x08004328   0x08004328   0x00000028   Code   RO         5374    i.USBD_CDC_ReceivePacket  usbd_cdc.o
    0x08004350   0x08004350   0x00000014   Code   RO         5375    i.USBD_CDC_RegisterInterface  usbd_cdc.o
    0x08004364   0x08004364   0x0000000c   Code   RO         5376    i.USBD_CDC_SetRxBuffer  usbd_cdc.o
    0x08004370   0x08004370   0x00000010   Code   RO         5377    i.USBD_CDC_SetTxBuffer  usbd_cdc.o
    0x08004380   0x08004380   0x000000ae   Code   RO         5378    i.USBD_CDC_Setup    usbd_cdc.o
    0x0800442e   0x0800442e   0x00000036   Code   RO         5379    i.USBD_CDC_TransmitPacket  usbd_cdc.o
    0x08004464   0x08004464   0x0000000e   Code   RO         5102    i.USBD_ClrClassConfig  usbd_core.o
    0x08004472   0x08004472   0x00000010   Code   RO         5305    i.USBD_CtlContinueRx  usbd_ioreq.o
    0x08004482   0x08004482   0x00000010   Code   RO         5306    i.USBD_CtlContinueSendData  usbd_ioreq.o
    0x08004492   0x08004492   0x00000016   Code   RO         5240    i.USBD_CtlError     usbd_ctlreq.o
    0x080044a8   0x080044a8   0x0000001e   Code   RO         5307    i.USBD_CtlPrepareRx  usbd_ioreq.o
    0x080044c6   0x080044c6   0x00000016   Code   RO         5308    i.USBD_CtlReceiveStatus  usbd_ioreq.o
    0x080044dc   0x080044dc   0x0000001a   Code   RO         5309    i.USBD_CtlSendData  usbd_ioreq.o
    0x080044f6   0x080044f6   0x00000016   Code   RO         5310    i.USBD_CtlSendStatus  usbd_ioreq.o
    0x0800450c   0x0800450c   0x00000020   Code   RO          529    i.USBD_FS_ConfigStrDescriptor  usbd_desc.o
    0x0800452c   0x0800452c   0x0000000c   Code   RO          530    i.USBD_FS_DeviceDescriptor  usbd_desc.o
    0x08004538   0x08004538   0x00000024   Code   RO          531    i.USBD_FS_InterfaceStrDescriptor  usbd_desc.o
    0x0800455c   0x0800455c   0x0000000c   Code   RO          532    i.USBD_FS_LangIDStrDescriptor  usbd_desc.o
    0x08004568   0x08004568   0x00000028   Code   RO          533    i.USBD_FS_ManufacturerStrDescriptor  usbd_desc.o
    0x08004590   0x08004590   0x0000002c   Code   RO          534    i.USBD_FS_ProductStrDescriptor  usbd_desc.o
    0x080045bc   0x080045bc   0x0000003c   Code   RO          535    i.USBD_FS_SerialStrDescriptor  usbd_desc.o
    0x080045f8   0x080045f8   0x0000000c   Code   RO          536    i.USBD_FS_USR_BOSDescriptor  usbd_desc.o
    0x08004604   0x08004604   0x000000fe   Code   RO         5241    i.USBD_GetDescriptor  usbd_ctlreq.o
    0x08004702   0x08004702   0x0000004a   Code   RO         5242    i.USBD_GetString    usbd_ctlreq.o
    0x0800474c   0x0800474c   0x00000018   Code   RO          341    i.USBD_Get_USB_Status  usbd_conf.o
    0x08004764   0x08004764   0x0000002a   Code   RO         5104    i.USBD_Init         usbd_core.o
    0x0800478e   0x0800478e   0x00000012   Code   RO          342    i.USBD_LL_ClearStallEP  usbd_conf.o
    0x080047a0   0x080047a0   0x00000012   Code   RO          343    i.USBD_LL_CloseEP   usbd_conf.o
    0x080047b2   0x080047b2   0x000000c2   Code   RO         5105    i.USBD_LL_DataInStage  usbd_core.o
    0x08004874   0x08004874   0x00000082   Code   RO         5106    i.USBD_LL_DataOutStage  usbd_core.o
    0x080048f6   0x080048f6   0x00000004   Code   RO         5107    i.USBD_LL_DevConnected  usbd_core.o
    0x080048fa   0x080048fa   0x00000016   Code   RO         5108    i.USBD_LL_DevDisconnected  usbd_core.o
    0x08004910   0x08004910   0x00000008   Code   RO          347    i.USBD_LL_GetRxDataSize  usbd_conf.o
    0x08004918   0x08004918   0x00000060   Code   RO          348    i.USBD_LL_Init      usbd_conf.o
    0x08004978   0x08004978   0x00000020   Code   RO          349    i.USBD_LL_IsStallEP  usbd_conf.o
    0x08004998   0x08004998   0x00000004   Code   RO         5109    i.USBD_LL_IsoINIncomplete  usbd_core.o
    0x0800499c   0x0800499c   0x00000004   Code   RO         5110    i.USBD_LL_IsoOUTIncomplete  usbd_core.o
    0x080049a0   0x080049a0   0x00000018   Code   RO          350    i.USBD_LL_OpenEP    usbd_conf.o
    0x080049b8   0x080049b8   0x00000012   Code   RO          351    i.USBD_LL_PrepareReceive  usbd_conf.o
    0x080049ca   0x080049ca   0x00000050   Code   RO         5111    i.USBD_LL_Reset     usbd_core.o
    0x08004a1a   0x08004a1a   0x0000000c   Code   RO         5112    i.USBD_LL_Resume    usbd_core.o
    0x08004a26   0x08004a26   0x00000018   Code   RO         5113    i.USBD_LL_SOF       usbd_core.o
    0x08004a3e   0x08004a3e   0x00000006   Code   RO         5114    i.USBD_LL_SetSpeed  usbd_core.o
    0x08004a44   0x08004a44   0x00000012   Code   RO          352    i.USBD_LL_SetUSBAddress  usbd_conf.o
    0x08004a56   0x08004a56   0x00000056   Code   RO         5115    i.USBD_LL_SetupStage  usbd_core.o
    0x08004aac   0x08004aac   0x00000012   Code   RO          353    i.USBD_LL_StallEP   usbd_conf.o
    0x08004abe   0x08004abe   0x00000012   Code   RO          354    i.USBD_LL_Start     usbd_conf.o
    0x08004ad0   0x08004ad0   0x00000012   Code   RO         5116    i.USBD_LL_Suspend   usbd_core.o
    0x08004ae2   0x08004ae2   0x00000012   Code   RO          356    i.USBD_LL_Transmit  usbd_conf.o
    0x08004af4   0x08004af4   0x00000028   Code   RO         5243    i.USBD_ParseSetupRequest  usbd_ctlreq.o
    0x08004b1c   0x08004b1c   0x00000012   Code   RO         5117    i.USBD_RegisterClass  usbd_core.o
    0x08004b2e   0x08004b2e   0x00000016   Code   RO         5119    i.USBD_SetClassConfig  usbd_core.o
    0x08004b44   0x08004b44   0x00000088   Code   RO         5244    i.USBD_SetConfig    usbd_ctlreq.o
    0x08004bcc   0x08004bcc   0x0000000a   Code   RO         5120    i.USBD_Start        usbd_core.o
    0x08004bd6   0x08004bd6   0x00000114   Code   RO         5245    i.USBD_StdDevReq    usbd_ctlreq.o
    0x08004cea   0x08004cea   0x00000150   Code   RO         5246    i.USBD_StdEPReq     usbd_ctlreq.o
    0x08004e3a   0x08004e3a   0x0000004e   Code   RO         5247    i.USBD_StdItfReq    usbd_ctlreq.o
    0x08004e88   0x08004e88   0x00000080   Code   RO         1138    i.USB_ActivateEndpoint  stm32f7xx_ll_usb.o
    0x08004f08   0x08004f08   0x00000034   Code   RO         1140    i.USB_ActivateSetup  stm32f7xx_ll_usb.o
    0x08004f3c   0x08004f3c   0x0000006c   Code   RO         1142    i.USB_CoreInit      stm32f7xx_ll_usb.o
    0x08004fa8   0x08004fa8   0x00000038   Code   RO         1143    i.USB_CoreReset     stm32f7xx_ll_usb.o
    0x08004fe0   0x08004fe0   0x00000080   Code   RO         1146    i.USB_DeactivateEndpoint  stm32f7xx_ll_usb.o
    0x08005060   0x08005060   0x00000018   Code   RO         1147    i.USB_DevConnect    stm32f7xx_ll_usb.o
    0x08005078   0x08005078   0x00000018   Code   RO         1148    i.USB_DevDisconnect  stm32f7xx_ll_usb.o
    0x08005090   0x08005090   0x00000194   Code   RO         1149    i.USB_DevInit       stm32f7xx_ll_usb.o
    0x08005224   0x08005224   0x0000000c   Code   RO         1150    i.USB_DisableGlobalInt  stm32f7xx_ll_usb.o
    0x08005230   0x08005230   0x00000110   Code   RO         1153    i.USB_EP0StartXfer  stm32f7xx_ll_usb.o
    0x08005340   0x08005340   0x00000058   Code   RO         1154    i.USB_EP0_OutStart  stm32f7xx_ll_usb.o
    0x08005398   0x08005398   0x00000058   Code   RO         1155    i.USB_EPClearStall  stm32f7xx_ll_usb.o
    0x080053f0   0x080053f0   0x00000058   Code   RO         1156    i.USB_EPSetStall    stm32f7xx_ll_usb.o
    0x08005448   0x08005448   0x000001c8   Code   RO         1157    i.USB_EPStartXfer   stm32f7xx_ll_usb.o
    0x08005610   0x08005610   0x0000000c   Code   RO         1158    i.USB_EnableGlobalInt  stm32f7xx_ll_usb.o
    0x0800561c   0x0800561c   0x00000020   Code   RO         1159    i.USB_FlushRxFifo   stm32f7xx_ll_usb.o
    0x0800563c   0x0800563c   0x00000024   Code   RO         1160    i.USB_FlushTxFifo   stm32f7xx_ll_usb.o
    0x08005660   0x08005660   0x0000001a   Code   RO         1162    i.USB_GetDevSpeed   stm32f7xx_ll_usb.o
    0x0800567a   0x0800567a   0x00000008   Code   RO         1164    i.USB_GetMode       stm32f7xx_ll_usb.o
    0x08005682   0x08005682   0x0000000e   Code   RO         1171    i.USB_ReadDevAllInEpInterrupt  stm32f7xx_ll_usb.o
    0x08005690   0x08005690   0x0000000e   Code   RO         1172    i.USB_ReadDevAllOutEpInterrupt  stm32f7xx_ll_usb.o
    0x0800569e   0x0800569e   0x00000024   Code   RO         1173    i.USB_ReadDevInEPInterrupt  stm32f7xx_ll_usb.o
    0x080056c2   0x080056c2   0x00000010   Code   RO         1174    i.USB_ReadDevOutEPInterrupt  stm32f7xx_ll_usb.o
    0x080056d2   0x080056d2   0x00000008   Code   RO         1175    i.USB_ReadInterrupts  stm32f7xx_ll_usb.o
    0x080056da   0x080056da   0x0000001c   Code   RO         1176    i.USB_ReadPacket    stm32f7xx_ll_usb.o
    0x080056f6   0x080056f6   0x0000002e   Code   RO         1178    i.USB_SetCurrentMode  stm32f7xx_ll_usb.o
    0x08005724   0x08005724   0x00000022   Code   RO         1179    i.USB_SetDevAddress  stm32f7xx_ll_usb.o
    0x08005746   0x08005746   0x00000002   PAD
    0x08005748   0x08005748   0x000000e8   Code   RO         1181    i.USB_SetTurnaroundTime  stm32f7xx_ll_usb.o
    0x08005830   0x08005830   0x00000024   Code   RO         1184    i.USB_WritePacket   stm32f7xx_ll_usb.o
    0x08005854   0x08005854   0x00000002   Code   RO          684    i.UsageFault_Handler  stm32f7xx_it.o
    0x08005856   0x08005856   0x00000022   Code   RO         1730    i.__NVIC_SetPriority  stm32f7xx_hal_cortex.o
    0x08005878   0x08005878   0x0000000e   Code   RO         5583    i.__scatterload_copy  mc_w.l(handlers.o)
    0x08005886   0x08005886   0x00000002   Code   RO         5584    i.__scatterload_null  mc_w.l(handlers.o)
    0x08005888   0x08005888   0x0000000e   Code   RO         5585    i.__scatterload_zeroinit  mc_w.l(handlers.o)
    0x08005896   0x08005896   0x00000002   PAD
    0x08005898   0x08005898   0x00000050   Code   RO         5509    i.free              mc_w.l(malloc.o)
    0x080058e8   0x080058e8   0x00000098   Code   RO           25    i.getAMTPos         main.o
    0x08005980   0x08005980   0x0000009c   Code   RO           26    i.main              main.o
    0x08005a1c   0x08005a1c   0x0000006c   Code   RO         5510    i.malloc            mc_w.l(malloc.o)
    0x08005a88   0x08005a88   0x00000008   Data   RO         3959    .constdata          stm32f7xx_hal_dma.o
    0x08005a90   0x08005a90   0x00000010   Data   RO         5066    .constdata          system_stm32f7xx.o
    0x08005aa0   0x08005aa0   0x00000008   Data   RO         5067    .constdata          system_stm32f7xx.o
    0x08005aa8   0x08005aa8   0x00000020   Data   RO         5581    Region$$Table       anon$$obj.o


    Execution Region RW_IRAM1 (Exec base: 0x20000000, Load base: 0x08005ac8, Size: 0x00002a50, Max: 0x00050000, ABSOLUTE, COMPRESSED[0x000000d8])

    Exec Addr    Load Addr    Size         Type   Attr      Idx    E Section Name        Object

    0x20000000   COMPRESSED   0x00000010   Data   RW           36    .data               main.o
    0x20000010   COMPRESSED   0x00000020   Data   RW          538    .data               usbd_desc.o
    0x20000030   COMPRESSED   0x0000003e   Data   RW          539    .data               usbd_desc.o
    0x2000006e   COMPRESSED   0x00000002   PAD
    0x20000070   COMPRESSED   0x00000010   Data   RW          626    .data               usbd_cdc_if.o
    0x20000080   COMPRESSED   0x0000000c   Data   RW         4336    .data               stm32f7xx_hal.o
    0x2000008c   COMPRESSED   0x00000004   Data   RW         5068    .data               system_stm32f7xx.o
    0x20000090   COMPRESSED   0x00000001   Data   RW         5248    .data               usbd_ctlreq.o
    0x20000091   COMPRESSED   0x00000003   PAD
    0x20000094   COMPRESSED   0x000000d7   Data   RW         5380    .data               usbd_cdc.o
    0x2000016b   COMPRESSED   0x00000001   PAD
    0x2000016c   COMPRESSED   0x00000038   Data   RW         5381    .data               usbd_cdc.o
    0x200001a4   COMPRESSED   0x00000004   Data   RW         5560    .data               mc_w.l(mvars.o)
    0x200001a8   COMPRESSED   0x00000004   Data   RW         5561    .data               mc_w.l(mvars.o)
    0x200001ac        -       0x000003a0   Zero   RW           29    .bss                main.o
    0x2000054c        -       0x00000060   Zero   RW           30    .bss                main.o
    0x200005ac        -       0x0000029c   Zero   RW          293    .bss                usb_device.o
    0x20000848        -       0x00000404   Zero   RW          357    .bss                usbd_conf.o
    0x20000c4c        -       0x00000200   Zero   RW          537    .bss                usbd_desc.o
    0x20000e4c        -       0x00001000   Zero   RW          625    .bss                usbd_cdc_if.o
    0x20001e4c   COMPRESSED   0x00000004   PAD
    0x20001e50        -       0x00000400   Zero   RW            2    HEAP                startup_stm32f746xx.o
    0x20002250        -       0x00000800   Zero   RW            1    STACK               startup_stm32f746xx.o


==============================================================================

Image component sizes


      Code (inc. data)   RO Data    RW Data    ZI Data      Debug   Object Name

      1474        166          0         16       1024     863440   main.o
        36          8        456          0       3072        856   startup_stm32f746xx.o
       150         24          0         12          0       9185   stm32f7xx_hal.o
      1504         60          0          0          0       8486   stm32f7xx_hal_adc.o
         2          0          0          0          0       1017   stm32f7xx_hal_adc_ex.o
       232         12          0          0          0      39813   stm32f7xx_hal_cortex.o
       930         16          8          0          0       5967   stm32f7xx_hal_dma.o
       482         54          0          0          0       2628   stm32f7xx_hal_gpio.o
       728         94          0          0          0       5328   stm32f7xx_hal_msp.o
      2426         16          0          0          0      13353   stm32f7xx_hal_pcd.o
       118          6          0          0          0       2572   stm32f7xx_hal_pcd_ex.o
       108          8          0          0          0       1304   stm32f7xx_hal_pwr_ex.o
      1296         70          0          0          0       5720   stm32f7xx_hal_rcc.o
      1276         16          0          0          0       2320   stm32f7xx_hal_rcc_ex.o
      1174          0          0          0          0       6173   stm32f7xx_hal_spi.o
      2322        150          0          0          0      19716   stm32f7xx_hal_tim.o
       102          8          0          0          0       3136   stm32f7xx_hal_tim_ex.o
      1054         70          0          0          0       5117   stm32f7xx_hal_uart.o
        68         24          0          0          0       6175   stm32f7xx_it.o
      2506        138          0          0          0      23291   stm32f7xx_ll_usb.o
        84         16         24          4          0       1283   system_stm32f7xx.o
        84         18          0          0        668        824   usb_device.o
       736         16          0        271          0      13834   usbd_cdc.o
       112         22          0         16       4096       3440   usbd_cdc_if.o
       754         24          0          0       1028      16185   usbd_conf.o
       690          0          0          0          0      12617   usbd_core.o
      1216         22          0          1          0       8376   usbd_ctlreq.o
       304        110          0         94        512       6781   usbd_desc.o
       132          0          0          0          0       4664   usbd_ioreq.o

    ----------------------------------------------------------------------
     22126       1168        520        420      10404    1093601   Object Totals
         0          0         32          0          0          0   (incl. Generated)
        26          0          0          6          4          0   (incl. Padding)

    ----------------------------------------------------------------------

      Code (inc. data)   RO Data    RW Data    ZI Data      Debug   Library Member Name

        86          0          0          0          0          0   __dczerorl2.o
         0          0          0          0          0          0   entry.o
         0          0          0          0          0          0   entry10a.o
         0          0          0          0          0          0   entry11a.o
         8          4          0          0          0          0   entry2.o
         4          0          0          0          0          0   entry5.o
         0          0          0          0          0          0   entry7b.o
         0          0          0          0          0          0   entry8b.o
         8          4          0          0          0          0   entry9a.o
        30          0          0          0          0          0   handlers.o
        36          8          0          0          0         68   init.o
        30          0          0          0          0         68   llshl.o
        32          0          0          0          0         68   llushr.o
       188         20          0          0          0        160   malloc.o
        36          0          0          0          0         68   memcpya.o
        36          0          0          0          0        108   memseta.o
         0          0          0          8          0          0   mvars.o
        98          0          0          0          0         92   uldiv.o

    ----------------------------------------------------------------------
       594         36          0          8          0        632   Library Totals
         2          0          0          0          0          0   (incl. Padding)

    ----------------------------------------------------------------------

      Code (inc. data)   RO Data    RW Data    ZI Data      Debug   Library Name

       592         36          0          8          0        632   mc_w.l

    ----------------------------------------------------------------------
       594         36          0          8          0        632   Library Totals

    ----------------------------------------------------------------------

==============================================================================


      Code (inc. data)   RO Data    RW Data    ZI Data      Debug   

     22720       1204        520        428      10404    1070657   Grand Totals
     22720       1204        520        216      10404    1070657   ELF Image Totals (compressed)
     22720       1204        520        216          0          0   ROM Totals

==============================================================================

    Total RO  Size (Code + RO Data)                23240 (  22.70kB)
    Total RW  Size (RW Data + ZI Data)             10832 (  10.58kB)
    Total ROM Size (Code + RO Data + RW Data)      23456 (  22.91kB)

==============================================================================

