Component: ARM Compiler 5.06 update 6 (build 750) Tool: armlink [4d35ed]

==============================================================================

Section Cross References

    startup_stm32f746xx.o(RESET) refers to startup_stm32f746xx.o(STACK) for __initial_sp
    startup_stm32f746xx.o(RESET) refers to startup_stm32f746xx.o(.text) for Reset_Handler
    startup_stm32f746xx.o(RESET) refers to stm32f7xx_it.o(i.NMI_Handler) for NMI_Handler
    startup_stm32f746xx.o(RESET) refers to stm32f7xx_it.o(i.HardFault_Handler) for HardFault_Handler
    startup_stm32f746xx.o(RESET) refers to stm32f7xx_it.o(i.MemManage_Handler) for MemManage_Handler
    startup_stm32f746xx.o(RESET) refers to stm32f7xx_it.o(i.BusFault_Handler) for BusFault_Handler
    startup_stm32f746xx.o(RESET) refers to stm32f7xx_it.o(i.UsageFault_Handler) for UsageFault_Handler
    startup_stm32f746xx.o(RESET) refers to stm32f7xx_it.o(i.SVC_Handler) for SVC_Handler
    startup_stm32f746xx.o(RESET) refers to stm32f7xx_it.o(i.DebugMon_Handler) for DebugMon_Handler
    startup_stm32f746xx.o(RESET) refers to stm32f7xx_it.o(i.PendSV_Handler) for PendSV_Handler
    startup_stm32f746xx.o(RESET) refers to stm32f7xx_it.o(i.SysTick_Handler) for SysTick_Handler
    startup_stm32f746xx.o(RESET) refers to stm32f7xx_it.o(i.OTG_FS_IRQHandler) for OTG_FS_IRQHandler
    startup_stm32f746xx.o(.text) refers to system_stm32f7xx.o(i.SystemInit) for SystemInit
    startup_stm32f746xx.o(.text) refers to entry.o(.ARM.Collect$$$$00000000) for __main
    main.o(i.MX_GPIO_Init) refers to memseta.o(.text) for __aeabi_memclr4
    main.o(i.MX_GPIO_Init) refers to stm32f7xx_hal_gpio.o(i.HAL_GPIO_WritePin) for HAL_GPIO_WritePin
    main.o(i.MX_GPIO_Init) refers to stm32f7xx_hal_gpio.o(i.HAL_GPIO_Init) for HAL_GPIO_Init
    main.o(i.MX_USART2_UART_Init) refers to stm32f7xx_hal_uart.o(i.HAL_UART_Init) for HAL_UART_Init
    main.o(i.MX_USART2_UART_Init) refers to main.o(.bss) for .bss
    main.o(i.SystemClock_Config) refers to memseta.o(.text) for __aeabi_memclr4
    main.o(i.SystemClock_Config) refers to stm32f7xx_hal_rcc.o(i.HAL_RCC_OscConfig) for HAL_RCC_OscConfig
    main.o(i.SystemClock_Config) refers to stm32f7xx_hal_pwr_ex.o(i.HAL_PWREx_EnableOverDrive) for HAL_PWREx_EnableOverDrive
    main.o(i.SystemClock_Config) refers to stm32f7xx_hal_rcc.o(i.HAL_RCC_ClockConfig) for HAL_RCC_ClockConfig
    main.o(i.SystemClock_Config) refers to stm32f7xx_hal_rcc_ex.o(i.HAL_RCCEx_PeriphCLKConfig) for HAL_RCCEx_PeriphCLKConfig
    main.o(i.main) refers to stm32f7xx_hal.o(i.HAL_Init) for HAL_Init
    main.o(i.main) refers to main.o(i.SystemClock_Config) for SystemClock_Config
    main.o(i.main) refers to main.o(i.MX_GPIO_Init) for MX_GPIO_Init
    main.o(i.main) refers to usb_device.o(i.MX_USB_DEVICE_Init) for MX_USB_DEVICE_Init
    main.o(i.main) refers to main.o(i.MX_USART2_UART_Init) for MX_USART2_UART_Init
    main.o(i.main) refers to usbd_cdc_if.o(i.CDC_Transmit_FS) for CDC_Transmit_FS
    main.o(i.main) refers to main.o(i.my_printf) for my_printf
    main.o(i.main) refers to main.o(.bss) for .bss
    main.o(i.main) refers to stm32f7xx_hal.o(.data) for uwTick
    main.o(i.my_printf) refers to main.o(i.vprint) for vprint
    main.o(i.vprint) refers to printfa.o(i.__0vsprintf) for vsprintf
    main.o(i.vprint) refers to strlen.o(.text) for strlen
    main.o(i.vprint) refers to stm32f7xx_hal_uart.o(i.HAL_UART_Transmit) for HAL_UART_Transmit
    main.o(i.vprint) refers to main.o(.bss) for .bss
    usb_device.o(i.MX_USB_DEVICE_Init) refers to usbd_core.o(i.USBD_Init) for USBD_Init
    usb_device.o(i.MX_USB_DEVICE_Init) refers to main.o(i.Error_Handler) for Error_Handler
    usb_device.o(i.MX_USB_DEVICE_Init) refers to usbd_core.o(i.USBD_RegisterClass) for USBD_RegisterClass
    usb_device.o(i.MX_USB_DEVICE_Init) refers to usbd_cdc.o(i.USBD_CDC_RegisterInterface) for USBD_CDC_RegisterInterface
    usb_device.o(i.MX_USB_DEVICE_Init) refers to usbd_core.o(i.USBD_Start) for USBD_Start
    usb_device.o(i.MX_USB_DEVICE_Init) refers to usbd_desc.o(.data) for FS_Desc
    usb_device.o(i.MX_USB_DEVICE_Init) refers to usb_device.o(.bss) for .bss
    usb_device.o(i.MX_USB_DEVICE_Init) refers to usbd_cdc.o(.data) for USBD_CDC
    usb_device.o(i.MX_USB_DEVICE_Init) refers to usbd_cdc_if.o(.data) for USBD_Interface_fops_FS
    usbd_conf.o(i.HAL_PCDEx_LPM_Callback) refers to usbd_core.o(i.USBD_LL_Suspend) for USBD_LL_Suspend
    usbd_conf.o(i.HAL_PCDEx_LPM_Callback) refers to main.o(i.SystemClock_Config) for SystemClock_Config
    usbd_conf.o(i.HAL_PCDEx_LPM_Callback) refers to usbd_core.o(i.USBD_LL_Resume) for USBD_LL_Resume
    usbd_conf.o(i.HAL_PCD_ConnectCallback) refers to usbd_core.o(i.USBD_LL_DevConnected) for USBD_LL_DevConnected
    usbd_conf.o(i.HAL_PCD_DataInStageCallback) refers to usbd_core.o(i.USBD_LL_DataInStage) for USBD_LL_DataInStage
    usbd_conf.o(i.HAL_PCD_DataOutStageCallback) refers to usbd_core.o(i.USBD_LL_DataOutStage) for USBD_LL_DataOutStage
[...]
    i.HAL_GPIO_WritePin                      0x08000a60   Section        0  stm32f7xx_hal_gpio.o(i.HAL_GPIO_WritePin)
    i.HAL_GetTick                            0x08000a6c   Section        0  stm32f7xx_hal.o(i.HAL_GetTick)
    i.HAL_IncTick                            0x08000a78   Section        0  stm32f7xx_hal.o(i.HAL_IncTick)
    i.HAL_Init                               0x08000a88   Section        0  stm32f7xx_hal.o(i.HAL_Init)
    i.HAL_InitTick                           0x08000aa0   Section        0  stm32f7xx_hal.o(i.HAL_InitTick)
    i.HAL_MspInit                            0x08000ae0   Section        0  stm32f7xx_hal_msp.o(i.HAL_MspInit)
    i.HAL_NVIC_EnableIRQ                     0x08000b10   Section        0  stm32f7xx_hal_cortex.o(i.HAL_NVIC_EnableIRQ)
    i.HAL_NVIC_SetPriority                   0x08000b2c   Section        0  stm32f7xx_hal_cortex.o(i.HAL_NVIC_SetPriority)
    i.HAL_NVIC_SetPriorityGrouping           0x08000b6c   Section        0  stm32f7xx_hal_cortex.o(i.HAL_NVIC_SetPriorityGrouping)
    i.HAL_PCDEx_ActivateLPM                  0x08000b90   Section        0  stm32f7xx_hal_pcd_ex.o(i.HAL_PCDEx_ActivateLPM)
    i.HAL_PCDEx_LPM_Callback                 0x08000bb8   Section        0  usbd_conf.o(i.HAL_PCDEx_LPM_Callback)
    i.HAL_PCDEx_SetRxFiFo                    0x08000c18   Section        0  stm32f7xx_hal_pcd_ex.o(i.HAL_PCDEx_SetRxFiFo)
    i.HAL_PCDEx_SetTxFiFo                    0x08000c20   Section        0  stm32f7xx_hal_pcd_ex.o(i.HAL_PCDEx_SetTxFiFo)
    i.HAL_PCD_ConnectCallback                0x08000c66   Section        0  usbd_conf.o(i.HAL_PCD_ConnectCallback)
    i.HAL_PCD_DataInStageCallback            0x08000c6e   Section        0  usbd_conf.o(i.HAL_PCD_DataInStageCallback)
    i.HAL_PCD_DataOutStageCallback           0x08000c80   Section        0  usbd_conf.o(i.HAL_PCD_DataOutStageCallback)
    i.HAL_PCD_DisconnectCallback             0x08000c94   Section        0  usbd_conf.o(i.HAL_PCD_DisconnectCallback)
    i.HAL_PCD_EP_Close                       0x08000c9c   Section        0  stm32f7xx_hal_pcd.o(i.HAL_PCD_EP_Close)
    i.HAL_PCD_EP_ClrStall                    0x08000ce8   Section        0  stm32f7xx_hal_pcd.o(i.HAL_PCD_EP_ClrStall)
    i.HAL_PCD_EP_GetRxCount                  0x08000d44   Section        0  stm32f7xx_hal_pcd.o(i.HAL_PCD_EP_GetRxCount)
    i.HAL_PCD_EP_Open                        0x08000d56   Section        0  stm32f7xx_hal_pcd.o(i.HAL_PCD_EP_Open)
    i.HAL_PCD_EP_Receive                     0x08000db6   Section        0  stm32f7xx_hal_pcd.o(i.HAL_PCD_EP_Receive)
    i.HAL_PCD_EP_SetStall                    0x08000dfa   Section        0  stm32f7xx_hal_pcd.o(i.HAL_PCD_EP_SetStall)
    i.HAL_PCD_EP_Transmit                    0x08000e6e   Section        0  stm32f7xx_hal_pcd.o(i.HAL_PCD_EP_Transmit)
    i.HAL_PCD_IRQHandler                     0x08000eb4   Section        0  stm32f7xx_hal_pcd.o(i.HAL_PCD_IRQHandler)
    i.HAL_PCD_ISOINIncompleteCallback        0x0800135e   Section        0  usbd_conf.o(i.HAL_PCD_ISOINIncompleteCallback)
    i.HAL_PCD_ISOOUTIncompleteCallback       0x08001366   Section        0  usbd_conf.o(i.HAL_PCD_ISOOUTIncompleteCallback)
    i.HAL_PCD_Init                           0x08001370   Section        0  stm32f7xx_hal_pcd.o(i.HAL_PCD_Init)
    i.HAL_PCD_MspInit                        0x0800145c   Section        0  usbd_conf.o(i.HAL_PCD_MspInit)
    i.HAL_PCD_ResetCallback                  0x080014f8   Section        0  usbd_conf.o(i.HAL_PCD_ResetCallback)
    i.HAL_PCD_ResumeCallback                 0x08001524   Section        0  usbd_conf.o(i.HAL_PCD_ResumeCallback)
    i.HAL_PCD_SOFCallback                    0x0800152c   Section        0  usbd_conf.o(i.HAL_PCD_SOFCallback)
    i.HAL_PCD_SetAddress                     0x08001534   Section        0  stm32f7xx_hal_pcd.o(i.HAL_PCD_SetAddress)
    i.HAL_PCD_SetupStageCallback             0x0800155c   Section        0  usbd_conf.o(i.HAL_PCD_SetupStageCallback)
    i.HAL_PCD_Start                          0x0800156a   Section        0  stm32f7xx_hal_pcd.o(i.HAL_PCD_Start)
    i.HAL_PCD_SuspendCallback                0x08001594   Section        0  usbd_conf.o(i.HAL_PCD_SuspendCallback)
    i.HAL_PWREx_EnableOverDrive              0x080015c4   Section        0  stm32f7xx_hal_pwr_ex.o(i.HAL_PWREx_EnableOverDrive)
    i.HAL_RCCEx_PeriphCLKConfig              0x08001630   Section        0  stm32f7xx_hal_rcc_ex.o(i.HAL_RCCEx_PeriphCLKConfig)
    i.HAL_RCC_ClockConfig                    0x08001b2c   Section        0  stm32f7xx_hal_rcc.o(i.HAL_RCC_ClockConfig)
    i.HAL_RCC_GetHCLKFreq                    0x08001c58   Section        0  stm32f7xx_hal_rcc.o(i.HAL_RCC_GetHCLKFreq)
    i.HAL_RCC_GetPCLK1Freq                   0x08001c64   Section        0  stm32f7xx_hal_rcc.o(i.HAL_RCC_GetPCLK1Freq)
    i.HAL_RCC_GetPCLK2Freq                   0x08001c84   Section        0  stm32f7xx_hal_rcc.o(i.HAL_RCC_GetPCLK2Freq)
    i.HAL_RCC_GetSysClockFreq                0x08001ca4   Section        0  stm32f7xx_hal_rcc.o(i.HAL_RCC_GetSysClockFreq)
    i.HAL_RCC_OscConfig                      0x08001d04   Section        0  stm32f7xx_hal_rcc.o(i.HAL_RCC_OscConfig)
    i.HAL_SYSTICK_Config                     0x0800203c   Section        0  stm32f7xx_hal_cortex.o(i.HAL_SYSTICK_Config)
    i.HAL_UART_Init                          0x08002062   Section        0  stm32f7xx_hal_uart.o(i.HAL_UART_Init)
    i.HAL_UART_MspInit                       0x080020c8   Section        0  stm32f7xx_hal_msp.o(i.HAL_UART_MspInit)
    i.HAL_UART_Transmit                      0x0800214c   Section        0  stm32f7xx_hal_uart.o(i.HAL_UART_Transmit)
    i.HardFault_Handler                      0x08002202   Section        0  stm32f7xx_it.o(i.HardFault_Handler)
    i.IntToUnicode                           0x08002204   Section        0  usbd_desc.o(i.IntToUnicode)
    IntToUnicode                             0x08002205   Thumb Code    56  usbd_desc.o(i.IntToUnicode)
    i.MX_GPIO_Init                           0x0800223c   Section        0  main.o(i.MX_GPIO_Init)
    MX_GPIO_Init                             0x0800223d   Thumb Code   338  main.o(i.MX_GPIO_Init)
    i.MX_USART2_UART_Init                    0x080023ac   Section        0  main.o(i.MX_USART2_UART_Init)
    MX_USART2_UART_Init                      0x080023ad   Thumb Code    40  main.o(i.MX_USART2_UART_Init)
    i.MX_USB_DEVICE_Init                     0x080023dc   Section        0  usb_device.o(i.MX_USB_DEVICE_Init)
    i.MemManage_Handler                      0x08002430   Section        0  stm32f7xx_it.o(i.MemManage_Handler)
    i.NMI_Handler                            0x08002432   Section        0  stm32f7xx_it.o(i.NMI_Handler)
    i.OTG_FS_IRQHandler                      0x08002434   Section        0  stm32f7xx_it.o(i.OTG_FS_IRQHandler)
    i.PCD_EP_OutXfrComplete_int              0x08002440   Section        0  stm32f7xx_hal_pcd.o(i.PCD_EP_OutXfrComplete_int)
    PCD_EP_OutXfrComplete_int                0x08002441   Thumb Code   212  stm32f7xx_hal_pcd.o(i.PCD_EP_OutXfrComplete_int)
    i.PCD_WriteEmptyTxFifo                   0x0800251c   Section        0  stm32f7xx_hal_pcd.o(i.PCD_WriteEmptyTxFifo)
    PCD_WriteEmptyTxFifo                     0x0800251d   Thumb Code   162  stm32f7xx_hal_pcd.o(i.PCD_WriteEmptyTxFifo)
    i.PendSV_Handler                         0x080025be   Section        0  stm32f7xx_it.o(i.PendSV_Handler)
    i.SVC_Handler                            0x080025c0   Section        0  stm32f7xx_it.o(i.SVC_Handler)
    i.SysTick_Handler                        0x080025c2   Section        0  stm32f7xx_it.o(i.SysTick_Handler)
    i.SystemClock_Config                     0x080025c8   Section        0  main.o(i.SystemClock_Config)
    i.SystemInit                             0x0800266c   Section        0  system_stm32f7xx.o(i.SystemInit)
    i.UART_AdvFeatureConfig                  0x080026c0   Section        0  stm32f7xx_hal_uart.o(i.UART_AdvFeatureConfig)
    i.UART_CheckIdleState                    0x08002788   Section        0  stm32f7xx_hal_uart.o(i.UART_CheckIdleState)
    i.UART_SetConfig                         0x080027c4   Section        0  stm32f7xx_hal_uart.o(i.UART_SetConfig)
    i.UART_WaitOnFlagUntilTimeout            0x08002a18   Section        0  stm32f7xx_hal_uart.o(i.UART_WaitOnFlagUntilTimeout)
    i.USBD_CDC_DataIn                        0x08002a78   Section        0  usbd_cdc.o(i.USBD_CDC_DataIn)
    USBD_CDC_DataIn                          0x08002a79   Thumb Code    74  usbd_cdc.o(i.USBD_CDC_DataIn)
    i.USBD_CDC_DataOut                       0x08002ac2   Section        0  usbd_cdc.o(i.USBD_CDC_DataOut)
    USBD_CDC_DataOut                         0x08002ac3   Thumb Code    46  usbd_cdc.o(i.USBD_CDC_DataOut)
    i.USBD_CDC_DeInit                        0x08002af0   Section        0  usbd_cdc.o(i.USBD_CDC_DeInit)
    USBD_CDC_DeInit                          0x08002af1   Thumb Code    68  usbd_cdc.o(i.USBD_CDC_DeInit)
    i.USBD_CDC_EP0_RxReady                   0x08002b34   Section        0  usbd_cdc.o(i.USBD_CDC_EP0_RxReady)
    USBD_CDC_EP0_RxReady                     0x08002b35   Thumb Code    36  usbd_cdc.o(i.USBD_CDC_EP0_RxReady)
    i.USBD_CDC_GetDeviceQualifierDescriptor  0x08002b58   Section        0  usbd_cdc.o(i.USBD_CDC_GetDeviceQualifierDescriptor)
    i.USBD_CDC_GetFSCfgDesc                  0x08002b64   Section        0  usbd_cdc.o(i.USBD_CDC_GetFSCfgDesc)
    USBD_CDC_GetFSCfgDesc                    0x08002b65   Thumb Code     8  usbd_cdc.o(i.USBD_CDC_GetFSCfgDesc)
    i.USBD_CDC_GetHSCfgDesc                  0x08002b70   Section        0  usbd_cdc.o(i.USBD_CDC_GetHSCfgDesc)
    USBD_CDC_GetHSCfgDesc                    0x08002b71   Thumb Code     8  usbd_cdc.o(i.USBD_CDC_GetHSCfgDesc)
    i.USBD_CDC_GetOtherSpeedCfgDesc          0x08002b7c   Section        0  usbd_cdc.o(i.USBD_CDC_GetOtherSpeedCfgDesc)
    USBD_CDC_GetOtherSpeedCfgDesc            0x08002b7d   Thumb Code     8  usbd_cdc.o(i.USBD_CDC_GetOtherSpeedCfgDesc)
    i.USBD_CDC_Init                          0x08002b88   Section        0  usbd_cdc.o(i.USBD_CDC_Init)
    USBD_CDC_Init                            0x08002b89   Thumb Code   148  usbd_cdc.o(i.USBD_CDC_Init)
    i.USBD_CDC_ReceivePacket                 0x08002c1c   Section        0  usbd_cdc.o(i.USBD_CDC_ReceivePacket)
    i.USBD_CDC_RegisterInterface             0x08002c44   Section        0  usbd_cdc.o(i.USBD_CDC_RegisterInterface)
    i.USBD_CDC_SetRxBuffer                   0x08002c58   Section        0  usbd_cdc.o(i.USBD_CDC_SetRxBuffer)
    i.USBD_CDC_SetTxBuffer                   0x08002c64   Section        0  usbd_cdc.o(i.USBD_CDC_SetTxBuffer)
    i.USBD_CDC_Setup                         0x08002c74   Section        0  usbd_cdc.o(i.USBD_CDC_Setup)
    USBD_CDC_Setup                           0x08002c75   Thumb Code   174  usbd_cdc.o(i.USBD_CDC_Setup)
    i.USBD_CDC_TransmitPacket                0x08002d22   Section        0  usbd_cdc.o(i.USBD_CDC_TransmitPacket)
    i.USBD_ClrClassConfig                    0x08002d58   Section        0  usbd_core.o(i.USBD_ClrClassConfig)
    i.USBD_CtlContinueRx                     0x08002d66   Section        0  usbd_ioreq.o(i.USBD_CtlContinueRx)
    i.USBD_CtlContinueSendData               0x08002d76   Section        0  usbd_ioreq.o(i.USBD_CtlContinueSendData)
    i.USBD_CtlError                          0x08002d86   Section        0  usbd_ctlreq.o(i.USBD_CtlError)
    i.USBD_CtlPrepareRx                      0x08002d9c   Section        0  usbd_ioreq.o(i.USBD_CtlPrepareRx)
    i.USBD_CtlReceiveStatus                  0x08002dba   Section        0  usbd_ioreq.o(i.USBD_CtlReceiveStatus)
    i.USBD_CtlSendData                       0x08002dd0   Section        0  usbd_ioreq.o(i.USBD_CtlSendData)
    i.USBD_CtlSendStatus                     0x08002dea   Section        0  usbd_ioreq.o(i.USBD_CtlSendStatus)
    i.USBD_FS_ConfigStrDescriptor            0x08002e00   Section        0  usbd_desc.o(i.USBD_FS_ConfigStrDescriptor)
    i.USBD_FS_DeviceDescriptor               0x08002e20   Section        0  usbd_desc.o(i.USBD_FS_DeviceDescriptor)
    i.USBD_FS_InterfaceStrDescriptor         0x08002e2c   Section        0  usbd_desc.o(i.USBD_FS_InterfaceStrDescriptor)
    i.USBD_FS_LangIDStrDescriptor            0x08002e50   Section        0  usbd_desc.o(i.USBD_FS_LangIDStrDescriptor)
    i.USBD_FS_ManufacturerStrDescriptor      0x08002e5c   Section        0  usbd_desc.o(i.USBD_FS_ManufacturerStrDescriptor)
    i.USBD_FS_ProductStrDescriptor           0x08002e84   Section        0  usbd_desc.o(i.USBD_FS_ProductStrDescriptor)
    i.USBD_FS_SerialStrDescriptor            0x08002eb0   Section        0  usbd_desc.o(i.USBD_FS_SerialStrDescriptor)
    i.USBD_FS_USR_BOSDescriptor              0x08002eec   Section        0  usbd_desc.o(i.USBD_FS_USR_BOSDescriptor)
    i.USBD_GetDescriptor                     0x08002ef8   Section        0  usbd_ctlreq.o(i.USBD_GetDescriptor)
    USBD_GetDescriptor                       0x08002ef9   Thumb Code   254  usbd_ctlreq.o(i.USBD_GetDescriptor)
    i.USBD_GetString                         0x08002ff6   Section        0  usbd_ctlreq.o(i.USBD_GetString)
    i.USBD_Get_USB_Status                    0x08003040   Section        0  usbd_conf.o(i.USBD_Get_USB_Status)
    i.USBD_Init                              0x08003058   Section        0  usbd_core.o(i.USBD_Init)
    i.USBD_LL_ClearStallEP                   0x08003082   Section        0  usbd_conf.o(i.USBD_LL_ClearStallEP)
    i.USBD_LL_CloseEP                        0x08003094   Section        0  usbd_conf.o(i.USBD_LL_CloseEP)
    i.USBD_LL_DataInStage                    0x080030a6   Section        0  usbd_core.o(i.USBD_LL_DataInStage)
    i.USBD_LL_DataOutStage                   0x08003168   Section        0  usbd_core.o(i.USBD_LL_DataOutStage)
    i.USBD_LL_DevConnected                   0x080031ea   Section        0  usbd_core.o(i.USBD_LL_DevConnected)
    i.USBD_LL_DevDisconnected                0x080031ee   Section        0  usbd_core.o(i.USBD_LL_DevDisconnected)
    i.USBD_LL_GetRxDataSize                  0x08003204   Section        0  usbd_conf.o(i.USBD_LL_GetRxDataSize)
    i.USBD_LL_Init                           0x0800320c   Section        0  usbd_conf.o(i.USBD_LL_Init)
    i.USBD_LL_IsStallEP                      0x0800326c   Section        0  usbd_conf.o(i.USBD_LL_IsStallEP)
    i.USBD_LL_IsoINIncomplete                0x0800328c   Section        0  usbd_core.o(i.USBD_LL_IsoINIncomplete)
    i.USBD_LL_IsoOUTIncomplete               0x08003290   Section        0  usbd_core.o(i.USBD_LL_IsoOUTIncomplete)
    i.USBD_LL_OpenEP                         0x08003294   Section        0  usbd_conf.o(i.USBD_LL_OpenEP)
    i.USBD_LL_PrepareReceive                 0x080032ac   Section        0  usbd_conf.o(i.USBD_LL_PrepareReceive)
    i.USBD_LL_Reset                          0x080032be   Section        0  usbd_core.o(i.USBD_LL_Reset)
    i.USBD_LL_Resume                         0x0800330e   Section        0  usbd_core.o(i.USBD_LL_Resume)
    i.USBD_LL_SOF                            0x0800331a   Section        0  usbd_core.o(i.USBD_LL_SOF)
    i.USBD_LL_SetSpeed                       0x08003332   Section        0  usbd_core.o(i.USBD_LL_SetSpeed)
    i.USBD_LL_SetUSBAddress                  0x08003338   Section        0  usbd_conf.o(i.USBD_LL_SetUSBAddress)
    i.USBD_LL_SetupStage                     0x0800334a   Section        0  usbd_core.o(i.USBD_LL_SetupStage)
    i.USBD_LL_StallEP                        0x080033a0   Section        0  usbd_conf.o(i.USBD_LL_StallEP)
    i.USBD_LL_Start                          0x080033b2   Section        0  usbd_conf.o(i.USBD_LL_Start)
    i.USBD_LL_Suspend                        0x080033c4   Section        0  usbd_core.o(i.USBD_LL_Suspend)
    i.USBD_LL_Transmit                       0x080033d6   Section        0  usbd_conf.o(i.USBD_LL_Transmit)
    i.USBD_ParseSetupRequest                 0x080033e8   Section        0  usbd_ctlreq.o(i.USBD_ParseSetupRequest)
    i.USBD_RegisterClass                     0x08003410   Section        0  usbd_core.o(i.USBD_RegisterClass)
    i.USBD_SetClassConfig                    0x08003422   Section        0  usbd_core.o(i.USBD_SetClassConfig)
    i.USBD_SetConfig                         0x08003438   Section        0  usbd_ctlreq.o(i.USBD_SetConfig)
    USBD_SetConfig                           0x08003439   Thumb Code   130  usbd_ctlreq.o(i.USBD_SetConfig)
    i.USBD_Start                             0x080034c0   Section        0  usbd_core.o(i.USBD_Start)
    i.USBD_StdDevReq                         0x080034ca   Section        0  usbd_ctlreq.o(i.USBD_StdDevReq)
    i.USBD_StdEPReq                          0x080035de   Section        0  usbd_ctlreq.o(i.USBD_StdEPReq)
    i.USBD_StdItfReq                         0x0800372e   Section        0  usbd_ctlreq.o(i.USBD_StdItfReq)
    i.USB_ActivateEndpoint                   0x0800377c   Section        0  stm32f7xx_ll_usb.o(i.USB_ActivateEndpoint)
    i.USB_ActivateSetup                      0x080037fc   Section        0  stm32f7xx_ll_usb.o(i.USB_ActivateSetup)
    i.USB_CoreInit                           0x08003830   Section        0  stm32f7xx_ll_usb.o(i.USB_CoreInit)
    i.USB_CoreReset                          0x0800389c   Section        0  stm32f7xx_ll_usb.o(i.USB_CoreReset)
    USB_CoreReset                            0x0800389d   Thumb Code    50  stm32f7xx_ll_usb.o(i.USB_CoreReset)
    i.USB_DeactivateEndpoint                 0x080038d4   Section        0  stm32f7xx_ll_usb.o(i.USB_DeactivateEndpoint)
    i.USB_DevConnect                         0x08003954   Section        0  stm32f7xx_ll_usb.o(i.USB_DevConnect)
    i.USB_DevDisconnect                      0x0800396c   Section        0  stm32f7xx_ll_usb.o(i.USB_DevDisconnect)
    i.USB_DevInit                            0x08003984   Section        0  stm32f7xx_ll_usb.o(i.USB_DevInit)
    i.USB_DisableGlobalInt                   0x08003b18   Section        0  stm32f7xx_ll_usb.o(i.USB_DisableGlobalInt)
    i.USB_EP0StartXfer                       0x08003b24   Section        0  stm32f7xx_ll_usb.o(i.USB_EP0StartXfer)
    i.USB_EP0_OutStart                       0x08003c34   Section        0  stm32f7xx_ll_usb.o(i.USB_EP0_OutStart)
    i.USB_EPClearStall                       0x08003c8c   Section        0  stm32f7xx_ll_usb.o(i.USB_EPClearStall)
    i.USB_EPSetStall                         0x08003ce4   Section        0  stm32f7xx_ll_usb.o(i.USB_EPSetStall)
    i.USB_EPStartXfer                        0x08003d3c   Section        0  stm32f7xx_ll_usb.o(i.USB_EPStartXfer)
    i.USB_EnableGlobalInt                    0x08003f04   Section        0  stm32f7xx_ll_usb.o(i.USB_EnableGlobalInt)
    i.USB_FlushRxFifo                        0x08003f10   Section        0  stm32f7xx_ll_usb.o(i.USB_FlushRxFifo)
    i.USB_FlushTxFifo                        0x08003f30   Section        0  stm32f7xx_ll_usb.o(i.USB_FlushTxFifo)
    i.USB_GetDevSpeed                        0x08003f54   Section        0  stm32f7xx_ll_usb.o(i.USB_GetDevSpeed)
    i.USB_GetMode                            0x08003f6e   Section        0  stm32f7xx_ll_usb.o(i.USB_GetMode)
    i.USB_ReadDevAllInEpInterrupt            0x08003f76   Section        0  stm32f7xx_ll_usb.o(i.USB_ReadDevAllInEpInterrupt)
    i.USB_ReadDevAllOutEpInterrupt           0x08003f84   Section        0  stm32f7xx_ll_usb.o(i.USB_ReadDevAllOutEpInterrupt)
    i.USB_ReadDevInEPInterrupt               0x08003f92   Section        0  stm32f7xx_ll_usb.o(i.USB_ReadDevInEPInterrupt)
    i.USB_ReadDevOutEPInterrupt              0x08003fb6   Section        0  stm32f7xx_ll_usb.o(i.USB_ReadDevOutEPInterrupt)
    i.USB_ReadInterrupts                     0x08003fc6   Section        0  stm32f7xx_ll_usb.o(i.USB_ReadInterrupts)
    i.USB_ReadPacket                         0x08003fce   Section        0  stm32f7xx_ll_usb.o(i.USB_ReadPacket)
    i.USB_SetCurrentMode                     0x08003fea   Section        0  stm32f7xx_ll_usb.o(i.USB_SetCurrentMode)
    i.USB_SetDevAddress                      0x08004018   Section        0  stm32f7xx_ll_usb.o(i.USB_SetDevAddress)
    i.USB_SetTurnaroundTime                  0x0800403c   Section        0  stm32f7xx_ll_usb.o(i.USB_SetTurnaroundTime)
    i.USB_WritePacket                        0x08004124   Section        0  stm32f7xx_ll_usb.o(i.USB_WritePacket)
    i.UsageFault_Handler                     0x08004148   Section        0  stm32f7xx_it.o(i.UsageFault_Handler)
    i.__0vsprintf                            0x0800414c   Section        0  printfa.o(i.__0vsprintf)
    i.__NVIC_SetPriority                     0x08004170   Section        0  stm32f7xx_hal_cortex.o(i.__NVIC_SetPriority)
    __NVIC_SetPriority                       0x08004171   Thumb Code    34  stm32f7xx_hal_cortex.o(i.__NVIC_SetPriority)
    i.__scatterload_copy                     0x08004192   Section       14  handlers.o(i.__scatterload_copy)
    i.__scatterload_null                     0x080041a0   Section        2  handlers.o(i.__scatterload_null)
    i.__scatterload_zeroinit                 0x080041a2   Section       14  handlers.o(i.__scatterload_zeroinit)
    i._fp_digits                             0x080041b0   Section        0  printfa.o(i._fp_digits)
    _fp_digits                               0x080041b1   Thumb Code   366  printfa.o(i._fp_digits)
    i._printf_core                           0x08004334   Section        0  printfa.o(i._printf_core)
    _printf_core                             0x08004335   Thumb Code  1744  printfa.o(i._printf_core)
    i._printf_post_padding                   0x08004a10   Section        0  printfa.o(i._printf_post_padding)
    _printf_post_padding                     0x08004a11   Thumb Code    36  printfa.o(i._printf_post_padding)
    i._printf_pre_padding                    0x08004a34   Section        0  printfa.o(i._printf_pre_padding)
    _printf_pre_padding                      0x08004a35   Thumb Code    46  printfa.o(i._printf_pre_padding)
    i._sputc                                 0x08004a62   Section        0  printfa.o(i._sputc)
    _sputc                                   0x08004a63   Thumb Code    10  printfa.o(i._sputc)
    i.free                                   0x08004a6c   Section        0  malloc.o(i.free)
    i.main                                   0x08004abc   Section        0  main.o(i.main)
    i.malloc                                 0x08004b40   Section        0  malloc.o(i.malloc)
    i.my_printf                              0x08004bac   Section        0  main.o(i.my_printf)
    i.vprint                                 0x08004bc0   Section        0  main.o(i.vprint)
    .constdata                               0x08004bf0   Section       16  system_stm32f7xx.o(.constdata)
    .constdata                               0x08004c00   Section        8  system_stm32f7xx.o(.constdata)
    .data                                    0x20000000   Section       32  usbd_desc.o(.data)
    .data                                    0x20000020   Section       62  usbd_desc.o(.data)
    .data                                    0x20000060   Section       16  usbd_cdc_if.o(.data)
    .data                                    0x20000070   Section       12  stm32f7xx_hal.o(.data)
    .data                                    0x2000007c   Section        4  system_stm32f7xx.o(.data)
    .data                                    0x20000080   Section        1  usbd_ctlreq.o(.data)
    cfgidx                                   0x20000080   Data           1  usbd_ctlreq.o(.data)
    .data                                    0x20000084   Section      215  usbd_cdc.o(.data)
    USBD_CDC_DeviceQualifierDesc             0x20000084   Data          10  usbd_cdc.o(.data)
    .data                                    0x2000015c   Section       56  usbd_cdc.o(.data)
    .data                                    0x20000194   Section        4  mvars.o(.data)
    .data                                    0x20000198   Section        4  mvars.o(.data)
    .bss                                     0x2000019c   Section      640  main.o(.bss)
    .bss                                     0x2000041c   Section      668  usb_device.o(.bss)
    .bss                                     0x200006b8   Section     1028  usbd_conf.o(.bss)
    .bss                                     0x20000abc   Section      512  usbd_desc.o(.bss)
    .bss                                     0x20000cbc   Section     4096  usbd_cdc_if.o(.bss)
    HEAP                                     0x20001cc0   Section     1024  startup_stm32f746xx.o(HEAP)
    STACK                                    0x200020c0   Section     2048  startup_stm32f746xx.o(STACK)

    Global Symbols

    Symbol Name                              Value     Ov Type        Size  Object(Section)

    BuildAttributes$$THM_ISAv4$E$P$D$K$B$S$7EM$VFPi5$EXTD16$VFPS$VFMA$PE$PLD8$A:L22UL41UL21$X:L11$S22US41US21$IEEE1$IW$USESV6$~STKCKD$USESV7$~SHL$OSPACE$ROPI$EBA8$MICROLIB$REQ8$PRES8$EABIv2 0x00000000   Number         0  anon$$obj.o ABSOLUTE
    __ARM_use_no_argv                        0x00000000   Number         0  main.o ABSOLUTE
    __cpp_initialize__aeabi_                  - Undefined Weak Reference
    __cxa_finalize                            - Undefined Weak Reference
    _clock_init                               - Undefined Weak Reference
    _microlib_exit                            - Undefined Weak Reference
    __Vectors_Size                           0x000001c8   Number         0  startup_stm32f746xx.o ABSOLUTE
    __Vectors                                0x08000000   Data           4  startup_stm32f746xx.o(RESET)
    __Vectors_End                            0x080001c8   Data           0  startup_stm32f746xx.o(RESET)
    __main                                   0x080001c9   Thumb Code     0  entry.o(.ARM.Collect$$$$00000000)
    _main_stk                                0x080001c9   Thumb Code     0  entry2.o(.ARM.Collect$$$$00000001)
    _main_scatterload                        0x080001cd   Thumb Code     0  entry5.o(.ARM.Collect$$$$00000004)
    __main_after_scatterload                 0x080001d1   Thumb Code     0  entry5.o(.ARM.Collect$$$$00000004)
    _main_clock                              0x080001d1   Thumb Code     0  entry7b.o(.ARM.Collect$$$$00000008)
    _main_cpp_init                           0x080001d1   Thumb Code     0  entry8b.o(.ARM.Collect$$$$0000000A)
    _main_init                               0x080001d1   Thumb Code     0  entry9a.o(.ARM.Collect$$$$0000000B)
    __rt_final_cpp                           0x080001d9   Thumb Code     0  entry10a.o(.ARM.Collect$$$$0000000D)
    __rt_final_exit                          0x080001d9   Thumb Code     0  entry11a.o(.ARM.Collect$$$$0000000F)
    Reset_Handler                            0x080001dd   Thumb Code     8  startup_stm32f746xx.o(.text)
    ADC_IRQHandler                           0x080001f7   Thumb Code     0  startup_stm32f746xx.o(.text)
    CAN1_RX0_IRQHandler                      0x080001f7   Thumb Code     0  startup_stm32f746xx.o(.text)
    CAN1_RX1_IRQHandler                      0x080001f7   Thumb Code     0  startup_stm32f746xx.o(.text)
    CAN1_SCE_IRQHandler                      0x080001f7   Thumb Code     0  startup_stm32f746xx.o(.text)
    CAN1_TX_IRQHandler                       0x080001f7   Thumb Code     0  startup_stm32f746xx.o(.text)
    CAN2_RX0_IRQHandler                      0x080001f7   Thumb Code     0  startup_stm32f746xx.o(.text)
    CAN2_RX1_IRQHandler                      0x080001f7   Thumb Code     0  startup_stm32f746xx.o(.text)
    CAN2_SCE_IRQHandler                      0x080001f7   Thumb Code     0  startup_stm32f746xx.o(.text)
    CAN2_TX_IRQHandler                       0x080001f7   Thumb Code     0  startup_stm32f746xx.o(.text)
    CEC_IRQHandler                           0x080001f7   Thumb Code     0  startup_stm32f746xx.o(.text)
    DCMI_IRQHandler                          0x080001f7   Thumb Code     0  startup_stm32f746xx.o(.text)
    DMA1_Stream0_IRQHandler                  0x080001f7   Thumb Code     0  startup_stm32f746xx.o(.text)
    DMA1_Stream1_IRQHandler                  0x080001f7   Thumb Code     0  startup_stm32f746xx.o(.text)
    DMA1_Stream2_IRQHandler                  0x080001f7   Thumb Code     0  startup_stm32f746xx.o(.text)
    DMA1_Stream3_IRQHandler                  0x080001f7   Thumb Code     0  startup_stm32f746xx.o(.text)
    DMA1_Stream4_IRQHandler                  0x080001f7   Thumb Code     0  startup_stm32f746xx.o(.text)
    DMA1_Stream5_IRQHandler                  0x080001f7   Thumb Code     0  startup_stm32f746xx.o(.text)
    DMA1_Stream6_IRQHandler                  0x080001f7   Thumb Code     0  startup_stm32f746xx.o(.text)
    DMA1_Stream7_IRQHandler                  0x080001f7   Thumb Code     0  startup_stm32f746xx.o(.text)
    DMA2D_IRQHandler                         0x080001f7   Thumb Code     0  startup_stm32f746xx.o(.text)
    DMA2_Stream0_IRQHandler                  0x080001f7   Thumb Code     0  startup_stm32f746xx.o(.text)
    DMA2_Stream1_IRQHandler                  0x080001f7   Thumb Code     0  startup_stm32f746xx.o(.text)
    DMA2_Stream2_IRQHandler                  0x080001f7   Thumb Code     0  startup_stm32f746xx.o(.text)
    DMA2_Stream3_IRQHandler                  0x080001f7   Thumb Code     0  startup_stm32f746xx.o(.text)
    DMA2_Stream4_IRQHandler                  0x080001f7   Thumb Code     0  startup_stm32f746xx.o(.text)
    DMA2_Stream5_IRQHandler                  0x080001f7   Thumb Code     0  startup_stm32f746xx.o(.text)
    DMA2_Stream6_IRQHandler                  0x080001f7   Thumb Code     0  startup_stm32f746xx.o(.text)
    DMA2_Stream7_IRQHandler                  0x080001f7   Thumb Code     0  startup_stm32f746xx.o(.text)
    ETH_IRQHandler                           0x080001f7   Thumb Code     0  startup_stm32f746xx.o(.text)
    ETH_WKUP_IRQHandler                      0x080001f7   Thumb Code     0  startup_stm32f746xx.o(.text)
    EXTI0_IRQHandler                         0x080001f7   Thumb Code     0  startup_stm32f746xx.o(.text)
    EXTI15_10_IRQHandler                     0x080001f7   Thumb Code     0  startup_stm32f746xx.o(.text)
    EXTI1_IRQHandler                         0x080001f7   Thumb Code     0  startup_stm32f746xx.o(.text)
    EXTI2_IRQHandler                         0x080001f7   Thumb Code     0  startup_stm32f746xx.o(.text)
    EXTI3_IRQHandler                         0x080001f7   Thumb Code     0  startup_stm32f746xx.o(.text)
    EXTI4_IRQHandler                         0x080001f7   Thumb Code     0  startup_stm32f746xx.o(.text)
    EXTI9_5_IRQHandler                       0x080001f7   Thumb Code     0  startup_stm32f746xx.o(.text)
    FLASH_IRQHandler                         0x080001f7   Thumb Code     0  startup_stm32f746xx.o(.text)
    FMC_IRQHandler                           0x080001f7   Thumb Code     0  startup_stm32f746xx.o(.text)
    FPU_IRQHandler                           0x080001f7   Thumb Code     0  startup_stm32f746xx.o(.text)
    I2C1_ER_IRQHandler                       0x080001f7   Thumb Code     0  startup_stm32f746xx.o(.text)
    I2C1_EV_IRQHandler                       0x080001f7   Thumb Code     0  startup_stm32f746xx.o(.text)
    I2C2_ER_IRQHandler                       0x080001f7   Thumb Code     0  startup_stm32f746xx.o(.text)
    I2C2_EV_IRQHandler                       0x080001f7   Thumb Code     0  startup_stm32f746xx.o(.text)
    I2C3_ER_IRQHandler                       0x080001f7   Thumb Code     0  startup_stm32f746xx.o(.text)
    I2C3_EV_IRQHandler                       0x080001f7   Thumb Code     0  startup_stm32f746xx.o(.text)
    I2C4_ER_IRQHandler                       0x080001f7   Thumb Code     0  startup_stm32f746xx.o(.text)
    I2C4_EV_IRQHandler                       0x080001f7   Thumb Code     0  startup_stm32f746xx.o(.text)
    LPTIM1_IRQHandler                        0x080001f7   Thumb Code     0  startup_stm32f746xx.o(.text)
    LTDC_ER_IRQHandler                       0x080001f7   Thumb Code     0  startup_stm32f746xx.o(.text)
    LTDC_IRQHandler                          0x080001f7   Thumb Code     0  startup_stm32f746xx.o(.text)
    OTG_FS_WKUP_IRQHandler                   0x080001f7   Thumb Code     0  startup_stm32f746xx.o(.text)
    OTG_HS_EP1_IN_IRQHandler                 0x080001f7   Thumb Code     0  startup_stm32f746xx.o(.text)
    OTG_HS_EP1_OUT_IRQHandler                0x080001f7   Thumb Code     0  startup_stm32f746xx.o(.text)
    OTG_HS_IRQHandler                        0x080001f7   Thumb Code     0  startup_stm32f746xx.o(.text)
    OTG_HS_WKUP_IRQHandler                   0x080001f7   Thumb Code     0  startup_stm32f746xx.o(.text)
    PVD_IRQHandler                           0x080001f7   Thumb Code     0  startup_stm32f746xx.o(.text)
    QUADSPI_IRQHandler                       0x080001f7   Thumb Code     0  startup_stm32f746xx.o(.text)
    RCC_IRQHandler                           0x080001f7   Thumb Code     0  startup_stm32f746xx.o(.text)
    RNG_IRQHandler                           0x080001f7   Thumb Code     0  startup_stm32f746xx.o(.text)
    RTC_Alarm_IRQHandler                     0x080001f7   Thumb Code     0  startup_stm32f746xx.o(.text)
    RTC_WKUP_IRQHandler                      0x080001f7   Thumb Code     0  startup_stm32f746xx.o(.text)
    SAI1_IRQHandler                          0x080001f7   Thumb Code     0  startup_stm32f746xx.o(.text)
    SAI2_IRQHandler                          0x080001f7   Thumb Code     0  startup_stm32f746xx.o(.text)
    SDMMC1_IRQHandler                        0x080001f7   Thumb Code     0  startup_stm32f746xx.o(.text)
    SPDIF_RX_IRQHandler                      0x080001f7   Thumb Code     0  startup_stm32f746xx.o(.text)
    SPI1_IRQHandler                          0x080001f7   Thumb Code     0  startup_stm32f746xx.o(.text)
    SPI2_IRQHandler                          0x080001f7   Thumb Code     0  startup_stm32f746xx.o(.text)
    SPI3_IRQHandler                          0x080001f7   Thumb Code     0  startup_stm32f746xx.o(.text)
    SPI4_IRQHandler                          0x080001f7   Thumb Code     0  startup_stm32f746xx.o(.text)
    SPI5_IRQHandler                          0x080001f7   Thumb Code     0  startup_stm32f746xx.o(.text)
    SPI6_IRQHandler                          0x080001f7   Thumb Code     0  startup_stm32f746xx.o(.text)
    TAMP_STAMP_IRQHandler                    0x080001f7   Thumb Code     0  startup_stm32f746xx.o(.text)
    TIM1_BRK_TIM9_IRQHandler                 0x080001f7   Thumb Code     0  startup_stm32f746xx.o(.text)
    TIM1_CC_IRQHandler                       0x080001f7   Thumb Code     0  startup_stm32f746xx.o(.text)
    TIM1_TRG_COM_TIM11_IRQHandler            0x080001f7   Thumb Code     0  startup_stm32f746xx.o(.text)
    TIM1_UP_TIM10_IRQHandler                 0x080001f7   Thumb Code     0  startup_stm32f746xx.o(.text)
    TIM2_IRQHandler                          0x080001f7   Thumb Code     0  startup_stm32f746xx.o(.text)
    TIM3_IRQHandler                          0x080001f7   Thumb Code     0  startup_stm32f746xx.o(.text)
    TIM4_IRQHandler                          0x080001f7   Thumb Code     0  startup_stm32f746xx.o(.text)
    TIM5_IRQHandler                          0x080001f7   Thumb Code     0  startup_stm32f746xx.o(.text)
    TIM6_DAC_IRQHandler                      0x080001f7   Thumb Code     0  startup_stm32f746xx.o(.text)
    TIM7_IRQHandler                          0x080001f7   Thumb Code     0  startup_stm32f746xx.o(.text)
    TIM8_BRK_TIM12_IRQHandler                0x080001f7   Thumb Code     0  startup_stm32f746xx.o(.text)
    TIM8_CC_IRQHandler                       0x080001f7   Thumb Code     0  startup_stm32f746xx.o(.text)
    TIM8_TRG_COM_TIM14_IRQHandler            0x080001f7   Thumb Code     0  startup_stm32f746xx.o(.text)
    TIM8_UP_TIM13_IRQHandler                 0x080001f7   Thumb Code     0  startup_stm32f746xx.o(.text)
    UART4_IRQHandler                         0x080001f7   Thumb Code     0  startup_stm32f746xx.o(.text)
    UART5_IRQHandler                         0x080001f7   Thumb Code     0  startup_stm32f746xx.o(.text)
    UART7_IRQHandler                         0x080001f7   Thumb Code     0  startup_stm32f746xx.o(.text)
    UART8_IRQHandler                         0x080001f7   Thumb Code     0  startup_stm32f746xx.o(.text)
    USART1_IRQHandler                        0x080001f7   Thumb Code     0  startup_stm32f746xx.o(.text)
    USART2_IRQHandler                        0x080001f7   Thumb Code     0  startup_stm32f746xx.o(.text)
    USART3_IRQHandler                        0x080001f7   Thumb Code     0  startup_stm32f746xx.o(.text)
    USART6_IRQHandler                        0x080001f7   Thumb Code     0  startup_stm32f746xx.o(.text)
    WWDG_IRQHandler                          0x080001f7   Thumb Code     0  startup_stm32f746xx.o(.text)
    __aeabi_uldivmod                         0x08000201   Thumb Code    98  uldiv.o(.text)
    __aeabi_memcpy                           0x08000263   Thumb Code    36  memcpya.o(.text)
    __aeabi_memcpy4                          0x08000263   Thumb Code     0  memcpya.o(.text)
    __aeabi_memcpy8                          0x08000263   Thumb Code     0  memcpya.o(.text)
    __aeabi_memset                           0x08000287   Thumb Code    14  memseta.o(.text)
    __aeabi_memset4                          0x08000287   Thumb Code     0  memseta.o(.text)
    __aeabi_memset8                          0x08000287   Thumb Code     0  memseta.o(.text)
    __aeabi_memclr                           0x08000295   Thumb Code     4  memseta.o(.text)
    __aeabi_memclr4                          0x08000295   Thumb Code     0  memseta.o(.text)
    __aeabi_memclr8                          0x08000295   Thumb Code     0  memseta.o(.text)
    _memset$wrapper                          0x08000299   Thumb Code    18  memseta.o(.text)
    strlen                                   0x080002ab   Thumb Code    14  strlen.o(.text)
    __aeabi_uidiv                            0x080002b9   Thumb Code     0  uidiv.o(.text)
    __aeabi_uidivmod                         0x080002b9   Thumb Code    44  uidiv.o(.text)
    __aeabi_llsl                             0x080002e5   Thumb Code    30  llshl.o(.text)
    _ll_shift_l                              0x080002e5   Thumb Code     0  llshl.o(.text)
    __aeabi_llsr                             0x08000303   Thumb Code    32  llushr.o(.text)
    _ll_ushift_r                             0x08000303   Thumb Code     0  llushr.o(.text)
    __I$use$fp                               0x08000323   Thumb Code     0  iusefp.o(.text)
    __aeabi_dadd                             0x08000323   Thumb Code   322  dadd.o(.text)
    __aeabi_dsub                             0x08000465   Thumb Code     6  dadd.o(.text)
    __aeabi_drsub                            0x0800046b   Thumb Code     6  dadd.o(.text)
    __aeabi_dmul                             0x08000471   Thumb Code   228  dmul.o(.text)
    __aeabi_ddiv                             0x08000555   Thumb Code   222  ddiv.o(.text)
    __aeabi_d2ulz                            0x08000633   Thumb Code    48  dfixul.o(.text)
    __aeabi_cdrcmple                         0x08000665   Thumb Code    48  cdrcmple.o(.text)
    __scatterload                            0x08000695   Thumb Code    28  init.o(.text)
    __scatterload_rt2                        0x08000695   Thumb Code     0  init.o(.text)
    __aeabi_lasr                             0x080006b9   Thumb Code    36  llsshr.o(.text)
    _ll_sshift_r                             0x080006b9   Thumb Code     0  llsshr.o(.text)
    _double_round                            0x080006dd   Thumb Code    30  depilogue.o(.text)
    _double_epilogue                         0x080006fb   Thumb Code   156  depilogue.o(.text)
    __decompress                             0x08000797   Thumb Code     0  __dczerorl2.o(.text)
    __decompress1                            0x08000797   Thumb Code    86  __dczerorl2.o(.text)
    BusFault_Handler                         0x080007ed   Thumb Code     2  stm32f7xx_it.o(i.BusFault_Handler)
    CDC_Transmit_FS                          0x08000835   Thumb Code    38  usbd_cdc_if.o(i.CDC_Transmit_FS)
    DebugMon_Handler                         0x08000861   Thumb Code     2  stm32f7xx_it.o(i.DebugMon_Handler)
    Error_Handler                            0x08000863   Thumb Code     2  main.o(i.Error_Handler)
    HAL_Delay                                0x08000865   Thumb Code    32  stm32f7xx_hal.o(i.HAL_Delay)
    HAL_GPIO_Init                            0x08000889   Thumb Code   418  stm32f7xx_hal_gpio.o(i.HAL_GPIO_Init)
    HAL_GPIO_WritePin                        0x08000a61   Thumb Code    10  stm32f7xx_hal_gpio.o(i.HAL_GPIO_WritePin)
    HAL_GetTick                              0x08000a6d   Thumb Code     6  stm32f7xx_hal.o(i.HAL_GetTick)
    HAL_IncTick                              0x08000a79   Thumb Code    12  stm32f7xx_hal.o(i.HAL_IncTick)
    HAL_Init                                 0x08000a89   Thumb Code    22  stm32f7xx_hal.o(i.HAL_Init)
    HAL_InitTick                             0x08000aa1   Thumb Code    54  stm32f7xx_hal.o(i.HAL_InitTick)
    HAL_MspInit                              0x08000ae1   Thumb Code    42  stm32f7xx_hal_msp.o(i.HAL_MspInit)
    HAL_NVIC_EnableIRQ                       0x08000b11   Thumb Code    26  stm32f7xx_hal_cortex.o(i.HAL_NVIC_EnableIRQ)
    HAL_NVIC_SetPriority                     0x08000b2d   Thumb Code    60  stm32f7xx_hal_cortex.o(i.HAL_NVIC_SetPriority)
    HAL_NVIC_SetPriorityGrouping             0x08000b6d   Thumb Code    28  stm32f7xx_hal_cortex.o(i.HAL_NVIC_SetPriorityGrouping)
    HAL_PCDEx_ActivateLPM                    0x08000b91   Thumb Code    34  stm32f7xx_hal_pcd_ex.o(i.HAL_PCDEx_ActivateLPM)
    HAL_PCDEx_LPM_Callback                   0x08000bb9   Thumb Code    92  usbd_conf.o(i.HAL_PCDEx_LPM_Callback)
    HAL_PCDEx_SetRxFiFo                      0x08000c19   Thumb Code     8  stm32f7xx_hal_pcd_ex.o(i.HAL_PCDEx_SetRxFiFo)
    HAL_PCDEx_SetTxFiFo                      0x08000c21   Thumb Code    70  stm32f7xx_hal_pcd_ex.o(i.HAL_PCDEx_SetTxFiFo)
    HAL_PCD_ConnectCallback                  0x08000c67   Thumb Code     8  usbd_conf.o(i.HAL_PCD_ConnectCallback)
    HAL_PCD_DataInStageCallback              0x08000c6f   Thumb Code    18  usbd_conf.o(i.HAL_PCD_DataInStageCallback)
    HAL_PCD_DataOutStageCallback             0x08000c81   Thumb Code    20  usbd_conf.o(i.HAL_PCD_DataOutStageCallback)
    HAL_PCD_DisconnectCallback               0x08000c95   Thumb Code     8  usbd_conf.o(i.HAL_PCD_DisconnectCallback)
    HAL_PCD_EP_Close                         0x08000c9d   Thumb Code    76  stm32f7xx_hal_pcd.o(i.HAL_PCD_EP_Close)
    HAL_PCD_EP_ClrStall                      0x08000ce9   Thumb Code    92  stm32f7xx_hal_pcd.o(i.HAL_PCD_EP_ClrStall)
    HAL_PCD_EP_GetRxCount                    0x08000d45   Thumb Code    18  stm32f7xx_hal_pcd.o(i.HAL_PCD_EP_GetRxCount)
    HAL_PCD_EP_Open                          0x08000d57   Thumb Code    96  stm32f7xx_hal_pcd.o(i.HAL_PCD_EP_Open)
    HAL_PCD_EP_Receive                       0x08000db7   Thumb Code    68  stm32f7xx_hal_pcd.o(i.HAL_PCD_EP_Receive)
    HAL_PCD_EP_SetStall                      0x08000dfb   Thumb Code   116  stm32f7xx_hal_pcd.o(i.HAL_PCD_EP_SetStall)
    HAL_PCD_EP_Transmit                      0x08000e6f   Thumb Code    68  stm32f7xx_hal_pcd.o(i.HAL_PCD_EP_Transmit)
    HAL_PCD_IRQHandler                       0x08000eb5   Thumb Code  1194  stm32f7xx_hal_pcd.o(i.HAL_PCD_IRQHandler)
    HAL_PCD_ISOINIncompleteCallback          0x0800135f   Thumb Code     8  usbd_conf.o(i.HAL_PCD_ISOINIncompleteCallback)
    HAL_PCD_ISOOUTIncompleteCallback         0x08001367   Thumb Code     8  usbd_conf.o(i.HAL_PCD_ISOOUTIncompleteCallback)
    HAL_PCD_Init                             0x08001371   Thumb Code   234  stm32f7xx_hal_pcd.o(i.HAL_PCD_Init)
    HAL_PCD_MspInit                          0x0800145d   Thumb Code   146  usbd_conf.o(i.HAL_PCD_MspInit)
    HAL_PCD_ResetCallback                    0x080014f9   Thumb Code    44  usbd_conf.o(i.HAL_PCD_ResetCallback)
    HAL_PCD_ResumeCallback                   0x08001525   Thumb Code     8  usbd_conf.o(i.HAL_PCD_ResumeCallback)
    HAL_PCD_SOFCallback                      0x0800152d   Thumb Code     8  usbd_conf.o(i.HAL_PCD_SOFCallback)
    HAL_PCD_SetAddress                       0x08001535   Thumb Code    40  stm32f7xx_hal_pcd.o(i.HAL_PCD_SetAddress)
    HAL_PCD_SetupStageCallback               0x0800155d   Thumb Code    14  usbd_conf.o(i.HAL_PCD_SetupStageCallback)
    HAL_PCD_Start                            0x0800156b   Thumb Code    42  stm32f7xx_hal_pcd.o(i.HAL_PCD_Start)
    HAL_PCD_SuspendCallback                  0x08001595   Thumb Code    44  usbd_conf.o(i.HAL_PCD_SuspendCallback)
    HAL_PWREx_EnableOverDrive                0x080015c5   Thumb Code   100  stm32f7xx_hal_pwr_ex.o(i.HAL_PWREx_EnableOverDrive)
    HAL_RCCEx_PeriphCLKConfig                0x08001631   Thumb Code  1276  stm32f7xx_hal_rcc_ex.o(i.HAL_RCCEx_PeriphCLKConfig)
    HAL_RCC_ClockConfig                      0x08001b2d   Thumb Code   282  stm32f7xx_hal_rcc.o(i.HAL_RCC_ClockConfig)
    HAL_RCC_GetHCLKFreq                      0x08001c59   Thumb Code     6  stm32f7xx_hal_rcc.o(i.HAL_RCC_GetHCLKFreq)
    HAL_RCC_GetPCLK1Freq                     0x08001c65   Thumb Code    20  stm32f7xx_hal_rcc.o(i.HAL_RCC_GetPCLK1Freq)
    HAL_RCC_GetPCLK2Freq                     0x08001c85   Thumb Code    20  stm32f7xx_hal_rcc.o(i.HAL_RCC_GetPCLK2Freq)
    HAL_RCC_GetSysClockFreq                  0x08001ca5   Thumb Code    88  stm32f7xx_hal_rcc.o(i.HAL_RCC_GetSysClockFreq)
    HAL_RCC_OscConfig                        0x08001d05   Thumb Code   810  stm32f7xx_hal_rcc.o(i.HAL_RCC_OscConfig)
    HAL_SYSTICK_Config                       0x0800203d   Thumb Code    38  stm32f7xx_hal_cortex.o(i.HAL_SYSTICK_Config)
    HAL_UART_Init                            0x08002063   Thumb Code   102  stm32f7xx_hal_uart.o(i.HAL_UART_Init)
    HAL_UART_MspInit                         0x080020c9   Thumb Code   116  stm32f7xx_hal_msp.o(i.HAL_UART_MspInit)
    HAL_UART_Transmit                        0x0800214d   Thumb Code   182  stm32f7xx_hal_uart.o(i.HAL_UART_Transmit)
    HardFault_Handler                        0x08002203   Thumb Code     2  stm32f7xx_it.o(i.HardFault_Handler)
    MX_USB_DEVICE_Init                       0x080023dd   Thumb Code    66  usb_device.o(i.MX_USB_DEVICE_Init)
    MemManage_Handler                        0x08002431   Thumb Code     2  stm32f7xx_it.o(i.MemManage_Handler)
    NMI_Handler                              0x08002433   Thumb Code     2  stm32f7xx_it.o(i.NMI_Handler)
    OTG_FS_IRQHandler                        0x08002435   Thumb Code     6  stm32f7xx_it.o(i.OTG_FS_IRQHandler)
    PendSV_Handler                           0x080025bf   Thumb Code     2  stm32f7xx_it.o(i.PendSV_Handler)
    SVC_Handler                              0x080025c1   Thumb Code     2  stm32f7xx_it.o(i.SVC_Handler)
    SysTick_Handler                          0x080025c3   Thumb Code     4  stm32f7xx_it.o(i.SysTick_Handler)
    SystemClock_Config                       0x080025c9   Thumb Code   150  main.o(i.SystemClock_Config)
    SystemInit                               0x0800266d   Thumb Code    68  system_stm32f7xx.o(i.SystemInit)
    UART_AdvFeatureConfig                    0x080026c1   Thumb Code   200  stm32f7xx_hal_uart.o(i.UART_AdvFeatureConfig)
    UART_CheckIdleState                      0x08002789   Thumb Code    60  stm32f7xx_hal_uart.o(i.UART_CheckIdleState)
    UART_SetConfig                           0x080027c5   Thumb Code   546  stm32f7xx_hal_uart.o(i.UART_SetConfig)
    UART_WaitOnFlagUntilTimeout              0x08002a19   Thumb Code    96  stm32f7xx_hal_uart.o(i.UART_WaitOnFlagUntilTimeout)
    USBD_CDC_GetDeviceQualifierDescriptor    0x08002b59   Thumb Code     8  usbd_cdc.o(i.USBD_CDC_GetDeviceQualifierDescriptor)
    USBD_CDC_ReceivePacket                   0x08002c1d   Thumb Code    40  usbd_cdc.o(i.USBD_CDC_ReceivePacket)
    USBD_CDC_RegisterInterface               0x08002c45   Thumb Code    20  usbd_cdc.o(i.USBD_CDC_RegisterInterface)
    USBD_CDC_SetRxBuffer                     0x08002c59   Thumb Code    12  usbd_cdc.o(i.USBD_CDC_SetRxBuffer)
    USBD_CDC_SetTxBuffer                     0x08002c65   Thumb Code    16  usbd_cdc.o(i.USBD_CDC_SetTxBuffer)
    USBD_CDC_TransmitPacket                  0x08002d23   Thumb Code    54  usbd_cdc.o(i.USBD_CDC_TransmitPacket)
    USBD_ClrClassConfig                      0x08002d59   Thumb Code    14  usbd_core.o(i.USBD_ClrClassConfig)
    USBD_CtlContinueRx                       0x08002d67   Thumb Code    16  usbd_ioreq.o(i.USBD_CtlContinueRx)
    USBD_CtlContinueSendData                 0x08002d77   Thumb Code    16  usbd_ioreq.o(i.USBD_CtlContinueSendData)
    USBD_CtlError                            0x08002d87   Thumb Code    22  usbd_ctlreq.o(i.USBD_CtlError)
    USBD_CtlPrepareRx                        0x08002d9d   Thumb Code    30  usbd_ioreq.o(i.USBD_CtlPrepareRx)
    USBD_CtlReceiveStatus                    0x08002dbb   Thumb Code    22  usbd_ioreq.o(i.USBD_CtlReceiveStatus)
    USBD_CtlSendData                         0x08002dd1   Thumb Code    26  usbd_ioreq.o(i.USBD_CtlSendData)
    USBD_CtlSendStatus                       0x08002deb   Thumb Code    22  usbd_ioreq.o(i.USBD_CtlSendStatus)
    USBD_FS_ConfigStrDescriptor              0x08002e01   Thumb Code    16  usbd_desc.o(i.USBD_FS_ConfigStrDescriptor)
    USBD_FS_DeviceDescriptor                 0x08002e21   Thumb Code     8  usbd_desc.o(i.USBD_FS_DeviceDescriptor)
    USBD_FS_InterfaceStrDescriptor           0x08002e2d   Thumb Code    16  usbd_desc.o(i.USBD_FS_InterfaceStrDescriptor)
    USBD_FS_LangIDStrDescriptor              0x08002e51   Thumb Code     8  usbd_desc.o(i.USBD_FS_LangIDStrDescriptor)
    USBD_FS_ManufacturerStrDescriptor        0x08002e5d   Thumb Code    16  usbd_desc.o(i.USBD_FS_ManufacturerStrDescriptor)
    USBD_FS_ProductStrDescriptor             0x08002e85   Thumb Code    16  usbd_desc.o(i.USBD_FS_ProductStrDescriptor)
    USBD_FS_SerialStrDescriptor              0x08002eb1   Thumb Code    50  usbd_desc.o(i.USBD_FS_SerialStrDescriptor)
    USBD_FS_USR_BOSDescriptor                0x08002eed   Thumb Code     8  usbd_desc.o(i.USBD_FS_USR_BOSDescriptor)
    USBD_GetString                           0x08002ff7   Thumb Code    74  usbd_ctlreq.o(i.USBD_GetString)
    USBD_Get_USB_Status                      0x08003041   Thumb Code    24  usbd_conf.o(i.USBD_Get_USB_Status)
    USBD_Init                                0x08003059   Thumb Code    42  usbd_core.o(i.USBD_Init)
    USBD_LL_ClearStallEP                     0x08003083   Thumb Code    18  usbd_conf.o(i.USBD_LL_ClearStallEP)
    USBD_LL_CloseEP                          0x08003095   Thumb Code    18  usbd_conf.o(i.USBD_LL_CloseEP)
    USBD_LL_DataInStage                      0x080030a7   Thumb Code   194  usbd_core.o(i.USBD_LL_DataInStage)
    USBD_LL_DataOutStage                     0x08003169   Thumb Code   130  usbd_core.o(i.USBD_LL_DataOutStage)
    USBD_LL_DevConnected                     0x080031eb   Thumb Code     4  usbd_core.o(i.USBD_LL_DevConnected)
    USBD_LL_DevDisconnected                  0x080031ef   Thumb Code    22  usbd_core.o(i.USBD_LL_DevDisconnected)
    USBD_LL_GetRxDataSize                    0x08003205   Thumb Code     8  usbd_conf.o(i.USBD_LL_GetRxDataSize)
    USBD_LL_Init                             0x0800320d   Thumb Code    90  usbd_conf.o(i.USBD_LL_Init)
    USBD_LL_IsStallEP                        0x0800326d   Thumb Code    32  usbd_conf.o(i.USBD_LL_IsStallEP)
    USBD_LL_IsoINIncomplete                  0x0800328d   Thumb Code     4  usbd_core.o(i.USBD_LL_IsoINIncomplete)
    USBD_LL_IsoOUTIncomplete                 0x08003291   Thumb Code     4  usbd_core.o(i.USBD_LL_IsoOUTIncomplete)
    USBD_LL_OpenEP                           0x08003295   Thumb Code    24  usbd_conf.o(i.USBD_LL_OpenEP)
    USBD_LL_PrepareReceive                   0x080032ad   Thumb Code    18  usbd_conf.o(i.USBD_LL_PrepareReceive)
    USBD_LL_Reset                            0x080032bf   Thumb Code    80  usbd_core.o(i.USBD_LL_Reset)
    USBD_LL_Resume                           0x0800330f   Thumb Code    12  usbd_core.o(i.USBD_LL_Resume)
    USBD_LL_SOF                              0x0800331b   Thumb Code    24  usbd_core.o(i.USBD_LL_SOF)
    USBD_LL_SetSpeed                         0x08003333   Thumb Code     6  usbd_core.o(i.USBD_LL_SetSpeed)
    USBD_LL_SetUSBAddress                    0x08003339   Thumb Code    18  usbd_conf.o(i.USBD_LL_SetUSBAddress)
    USBD_LL_SetupStage                       0x0800334b   Thumb Code    86  usbd_core.o(i.USBD_LL_SetupStage)
    USBD_LL_StallEP                          0x080033a1   Thumb Code    18  usbd_conf.o(i.USBD_LL_StallEP)
    USBD_LL_Start                            0x080033b3   Thumb Code    18  usbd_conf.o(i.USBD_LL_Start)
    USBD_LL_Suspend                          0x080033c5   Thumb Code    18  usbd_core.o(i.USBD_LL_Suspend)
    USBD_LL_Transmit                         0x080033d7   Thumb Code    18  usbd_conf.o(i.USBD_LL_Transmit)
    USBD_ParseSetupRequest                   0x080033e9   Thumb Code    40  usbd_ctlreq.o(i.USBD_ParseSetupRequest)
    USBD_RegisterClass                       0x08003411   Thumb Code    18  usbd_core.o(i.USBD_RegisterClass)
    USBD_SetClassConfig                      0x08003423   Thumb Code    22  usbd_core.o(i.USBD_SetClassConfig)
    USBD_Start                               0x080034c1   Thumb Code    10  usbd_core.o(i.USBD_Start)
    USBD_StdDevReq                           0x080034cb   Thumb Code   276  usbd_ctlreq.o(i.USBD_StdDevReq)
    USBD_StdEPReq                            0x080035df   Thumb Code   336  usbd_ctlreq.o(i.USBD_StdEPReq)
    USBD_StdItfReq                           0x0800372f   Thumb Code    78  usbd_ctlreq.o(i.USBD_StdItfReq)
    USB_ActivateEndpoint                     0x0800377d   Thumb Code   124  stm32f7xx_ll_usb.o(i.USB_ActivateEndpoint)
    USB_ActivateSetup                        0x080037fd   Thumb Code    52  stm32f7xx_ll_usb.o(i.USB_ActivateSetup)
    USB_CoreInit                             0x08003831   Thumb Code   104  stm32f7xx_ll_usb.o(i.USB_CoreInit)
    USB_DeactivateEndpoint                   0x080038d5   Thumb Code   118  stm32f7xx_ll_usb.o(i.USB_DeactivateEndpoint)
    USB_DevConnect                           0x08003955   Thumb Code    24  stm32f7xx_ll_usb.o(i.USB_DevConnect)
    USB_DevDisconnect                        0x0800396d   Thumb Code    24  stm32f7xx_ll_usb.o(i.USB_DevDisconnect)
    USB_DevInit                              0x08003985   Thumb Code   386  stm32f7xx_ll_usb.o(i.USB_DevInit)
    USB_DisableGlobalInt                     0x08003b19   Thumb Code    12  stm32f7xx_ll_usb.o(i.USB_DisableGlobalInt)
    USB_EP0StartXfer                         0x08003b25   Thumb Code   266  stm32f7xx_ll_usb.o(i.USB_EP0StartXfer)
    USB_EP0_OutStart                         0x08003c35   Thumb Code    84  stm32f7xx_ll_usb.o(i.USB_EP0_OutStart)
    USB_EPClearStall                         0x08003c8d   Thumb Code    88  stm32f7xx_ll_usb.o(i.USB_EPClearStall)
    USB_EPSetStall                           0x08003ce5   Thumb Code    88  stm32f7xx_ll_usb.o(i.USB_EPSetStall)
    USB_EPStartXfer                          0x08003d3d   Thumb Code   452  stm32f7xx_ll_usb.o(i.USB_EPStartXfer)
    USB_EnableGlobalInt                      0x08003f05   Thumb Code    12  stm32f7xx_ll_usb.o(i.USB_EnableGlobalInt)
    USB_FlushRxFifo                          0x08003f11   Thumb Code    28  stm32f7xx_ll_usb.o(i.USB_FlushRxFifo)
    USB_FlushTxFifo                          0x08003f31   Thumb Code    32  stm32f7xx_ll_usb.o(i.USB_FlushTxFifo)
    USB_GetDevSpeed                          0x08003f55   Thumb Code    26  stm32f7xx_ll_usb.o(i.USB_GetDevSpeed)
    USB_GetMode                              0x08003f6f   Thumb Code     8  stm32f7xx_ll_usb.o(i.USB_GetMode)
    USB_ReadDevAllInEpInterrupt              0x08003f77   Thumb Code    14  stm32f7xx_ll_usb.o(i.USB_ReadDevAllInEpInterrupt)
    USB_ReadDevAllOutEpInterrupt             0x08003f85   Thumb Code    14  stm32f7xx_ll_usb.o(i.USB_ReadDevAllOutEpInterrupt)
    USB_ReadDevInEPInterrupt                 0x08003f93   Thumb Code    36  stm32f7xx_ll_usb.o(i.USB_ReadDevInEPInterrupt)
    USB_ReadDevOutEPInterrupt                0x08003fb7   Thumb Code    16  stm32f7xx_ll_usb.o(i.USB_ReadDevOutEPInterrupt)
    USB_ReadInterrupts                       0x08003fc7   Thumb Code     8  stm32f7xx_ll_usb.o(i.USB_ReadInterrupts)
    USB_ReadPacket                           0x08003fcf   Thumb Code    28  stm32f7xx_ll_usb.o(i.USB_ReadPacket)
    USB_SetCurrentMode                       0x08003feb   Thumb Code    46  stm32f7xx_ll_usb.o(i.USB_SetCurrentMode)
    USB_SetDevAddress                        0x08004019   Thumb Code    34  stm32f7xx_ll_usb.o(i.USB_SetDevAddress)
    USB_SetTurnaroundTime                    0x0800403d   Thumb Code   158  stm32f7xx_ll_usb.o(i.USB_SetTurnaroundTime)
    USB_WritePacket                          0x08004125   Thumb Code    36  stm32f7xx_ll_usb.o(i.USB_WritePacket)
    UsageFault_Handler                       0x08004149   Thumb Code     2  stm32f7xx_it.o(i.UsageFault_Handler)
    __0vsprintf                              0x0800414d   Thumb Code    30  printfa.o(i.__0vsprintf)
    __1vsprintf                              0x0800414d   Thumb Code     0  printfa.o(i.__0vsprintf)
    __2vsprintf                              0x0800414d   Thumb Code     0  printfa.o(i.__0vsprintf)
    __c89vsprintf                            0x0800414d   Thumb Code     0  printfa.o(i.__0vsprintf)
    vsprintf                                 0x0800414d   Thumb Code     0  printfa.o(i.__0vsprintf)
    __scatterload_copy                       0x08004193   Thumb Code    14  handlers.o(i.__scatterload_copy)
    __scatterload_null                       0x080041a1   Thumb Code     2  handlers.o(i.__scatterload_null)
    __scatterload_zeroinit                   0x080041a3   Thumb Code    14  handlers.o(i.__scatterload_zeroinit)
    free                                     0x08004a6d   Thumb Code    76  malloc.o(i.free)
    main                                     0x08004abd   Thumb Code   102  main.o(i.main)
    malloc                                   0x08004b41   Thumb Code    92  malloc.o(i.malloc)
    my_printf                                0x08004bad   Thumb Code    18  main.o(i.my_printf)
    vprint                                   0x08004bc1   Thumb Code    42  main.o(i.vprint)
    AHBPrescTable                            0x08004bf0   Data          16  system_stm32f7xx.o(.constdata)
    APBPrescTable                            0x08004c00   Data           8  system_stm32f7xx.o(.constdata)
    Region$$Table$$Base                      0x08004c08   Number         0  anon$$obj.o(Region$$Table)
    Region$$Table$$Limit                     0x08004c28   Number         0  anon$$obj.o(Region$$Table)
    FS_Desc                                  0x20000000   Data          32  usbd_desc.o(.data)
    USBD_LangIDDesc                          0x20000020   Data           4  usbd_desc.o(.data)
    USBD_FS_DeviceDesc                       0x20000024   Data          18  usbd_desc.o(.data)
    USBD_FS_BOSDesc                          0x20000038   Data          12  usbd_desc.o(.data)
    USBD_StringSerial                        0x20000044   Data          26  usbd_desc.o(.data)
    USBD_Interface_fops_FS                   0x20000060   Data          16  usbd_cdc_if.o(.data)
    uwTickFreq                               0x20000070   Data           1  stm32f7xx_hal.o(.data)
    uwTickPrio                               0x20000074   Data           4  stm32f7xx_hal.o(.data)
    uwTick                                   0x20000078   Data           4  stm32f7xx_hal.o(.data)
    SystemCoreClock                          0x2000007c   Data           4  system_stm32f7xx.o(.data)
    USBD_CDC_CfgHSDesc                       0x20000090   Data          67  usbd_cdc.o(.data)
    USBD_CDC_CfgFSDesc                       0x200000d4   Data          67  usbd_cdc.o(.data)
    USBD_CDC_OtherSpeedCfgDesc               0x20000118   Data          67  usbd_cdc.o(.data)
    USBD_CDC                                 0x2000015c   Data          56  usbd_cdc.o(.data)
    __microlib_freelist                      0x20000194   Data           4  mvars.o(.data)
    __microlib_freelist_initialised          0x20000198   Data           4  mvars.o(.data)
    huart2                                   0x2000019c   Data         128  main.o(.bss)
    buf                                      0x2000021c   Data         512  main.o(.bss)
    hUsbDeviceFS                             0x2000041c   Data         668  usb_device.o(.bss)
    hpcd_USB_OTG_FS                          0x200006b8   Data        1028  usbd_conf.o(.bss)
    USBD_StrDesc                             0x20000abc   Data         512  usbd_desc.o(.bss)
    UserRxBufferFS                           0x20000cbc   Data        2048  usbd_cdc_if.o(.bss)
    UserTxBufferFS                           0x200014bc   Data        2048  usbd_cdc_if.o(.bss)
    __heap_base                              0x20001cc0   Data           0  startup_stm32f746xx.o(HEAP)
    __heap_limit                             0x200020c0   Data           0  startup_stm32f746xx.o(HEAP)
    __initial_sp                             0x200028c0   Data           0  startup_stm32f746xx.o(STACK)



==============================================================================

Memory Map of the image

  Image Entry point : 0x080001c9

  Load Region LR_IROM1 (Base: 0x08000000, Size: 0x00004dc4, Max: 0x00100000, ABSOLUTE, COMPRESSED[0x00004cf4])

    Execution Region ER_IROM1 (Exec base: 0x08000000, Load base: 0x08000000, Size: 0x00004c28, Max: 0x00100000, ABSOLUTE)

    Exec Addr    Load Addr    Size         Type   Attr      Idx    E Section Name        Object

    0x08000000   0x08000000   0x000001c8   Data   RO            3    RESET               startup_stm32f746xx.o
    0x080001c8   0x080001c8   0x00000000   Code   RO         3783  * .ARM.Collect$$$$00000000  mc_w.l(entry.o)
    0x080001c8   0x080001c8   0x00000004   Code   RO         3852    .ARM.Collect$$$$00000001  mc_w.l(entry2.o)
    0x080001cc   0x080001cc   0x00000004   Code   RO         3855    .ARM.Collect$$$$00000004  mc_w.l(entry5.o)
    0x080001d0   0x080001d0   0x00000000   Code   RO         3857    .ARM.Collect$$$$00000008  mc_w.l(entry7b.o)
    0x080001d0   0x080001d0   0x00000000   Code   RO         3859    .ARM.Collect$$$$0000000A  mc_w.l(entry8b.o)
    0x080001d0   0x080001d0   0x00000008   Code   RO         3860    .ARM.Collect$$$$0000000B  mc_w.l(entry9a.o)
    0x080001d8   0x080001d8   0x00000000   Code   RO         3862    .ARM.Collect$$$$0000000D  mc_w.l(entry10a.o)
    0x080001d8   0x080001d8   0x00000000   Code   RO         3864    .ARM.Collect$$$$0000000F  mc_w.l(entry11a.o)
    0x080001d8   0x080001d8   0x00000004   Code   RO         3853    .ARM.Collect$$$$00002712  mc_w.l(entry2.o)
    0x080001dc   0x080001dc   0x00000024   Code   RO            4    .text               startup_stm32f746xx.o
    0x08000200   0x08000200   0x00000062   Code   RO         3786    .text               mc_w.l(uldiv.o)
    0x08000262   0x08000262   0x00000024   Code   RO         3788    .text               mc_w.l(memcpya.o)
    0x08000286   0x08000286   0x00000024   Code   RO         3790    .text               mc_w.l(memseta.o)
    0x080002aa   0x080002aa   0x0000000e   Code   RO         3792    .text               mc_w.l(strlen.o)
    0x080002b8   0x080002b8   0x0000002c   Code   RO         3869    .text               mc_w.l(uidiv.o)
    0x080002e4   0x080002e4   0x0000001e   Code   RO         3871    .text               mc_w.l(llshl.o)
    0x08000302   0x08000302   0x00000020   Code   RO         3873    .text               mc_w.l(llushr.o)
    0x08000322   0x08000322   0x00000000   Code   RO         3877    .text               mc_w.l(iusefp.o)
    0x08000322   0x08000322   0x0000014e   Code   RO         3878    .text               mf_w.l(dadd.o)
    0x08000470   0x08000470   0x000000e4   Code   RO         3880    .text               mf_w.l(dmul.o)
    0x08000554   0x08000554   0x000000de   Code   RO         3882    .text               mf_w.l(ddiv.o)
    0x08000632   0x08000632   0x00000030   Code   RO         3884    .text               mf_w.l(dfixul.o)
    0x08000662   0x08000662   0x00000002   PAD
    0x08000664   0x08000664   0x00000030   Code   RO         3886    .text               mf_w.l(cdrcmple.o)
    0x08000694   0x08000694   0x00000024   Code   RO         3888    .text               mc_w.l(init.o)
    0x080006b8   0x080006b8   0x00000024   Code   RO         3891    .text               mc_w.l(llsshr.o)
    0x080006dc   0x080006dc   0x000000ba   Code   RO         3894    .text               mf_w.l(depilogue.o)
    0x08000796   0x08000796   0x00000056   Code   RO         3904    .text               mc_w.l(__dczerorl2.o)
    0x080007ec   0x080007ec   0x00000002   Code   RO          600    i.BusFault_Handler  stm32f7xx_it.o
    0x080007ee   0x080007ee   0x00000004   Code   RO          548    i.CDC_Control_FS    usbd_cdc_if.o
    0x080007f2   0x080007f2   0x00000004   Code   RO          549    i.CDC_DeInit_FS     usbd_cdc_if.o
    0x080007f6   0x080007f6   0x00000002   PAD
    0x080007f8   0x080007f8   0x00000024   Code   RO          550    i.CDC_Init_FS       usbd_cdc_if.o
    0x0800081c   0x0800081c   0x00000018   Code   RO          551    i.CDC_Receive_FS    usbd_cdc_if.o
    0x08000834   0x08000834   0x0000002c   Code   RO          552    i.CDC_Transmit_FS   usbd_cdc_if.o
    0x08000860   0x08000860   0x00000002   Code   RO          601    i.DebugMon_Handler  stm32f7xx_it.o
    0x08000862   0x08000862   0x00000002   Code   RO           13    i.Error_Handler     main.o
    0x08000864   0x08000864   0x00000024   Code   RO         2629    i.HAL_Delay         stm32f7xx_hal.o
    0x08000888   0x08000888   0x000001d8   Code   RO         2196    i.HAL_GPIO_Init     stm32f7xx_hal_gpio.o
    0x08000a60   0x08000a60   0x0000000a   Code   RO         2200    i.HAL_GPIO_WritePin  stm32f7xx_hal_gpio.o
    0x08000a6a   0x08000a6a   0x00000002   PAD
    0x08000a6c   0x08000a6c   0x0000000c   Code   RO         2637    i.HAL_GetTick       stm32f7xx_hal.o
    0x08000a78   0x08000a78   0x00000010   Code   RO         2643    i.HAL_IncTick       stm32f7xx_hal.o
    0x08000a88   0x08000a88   0x00000016   Code   RO         2644    i.HAL_Init          stm32f7xx_hal.o
    0x08000a9e   0x08000a9e   0x00000002   PAD
    0x08000aa0   0x08000aa0   0x00000040   Code   RO         2645    i.HAL_InitTick      stm32f7xx_hal.o
    0x08000ae0   0x08000ae0   0x00000030   Code   RO          682    i.HAL_MspInit       stm32f7xx_hal_msp.o
    0x08000b10   0x08000b10   0x0000001a   Code   RO         1297    i.HAL_NVIC_EnableIRQ  stm32f7xx_hal_cortex.o
    0x08000b2a   0x08000b2a   0x00000002   PAD
    0x08000b2c   0x08000b2c   0x00000040   Code   RO         1303    i.HAL_NVIC_SetPriority  stm32f7xx_hal_cortex.o
    0x08000b6c   0x08000b6c   0x00000024   Code   RO         1304    i.HAL_NVIC_SetPriorityGrouping  stm32f7xx_hal_cortex.o
    0x08000b90   0x08000b90   0x00000028   Code   RO          938    i.HAL_PCDEx_ActivateLPM  stm32f7xx_hal_pcd_ex.o
    0x08000bb8   0x08000bb8   0x00000060   Code   RO          255    i.HAL_PCDEx_LPM_Callback  usbd_conf.o
    0x08000c18   0x08000c18   0x00000008   Code   RO          942    i.HAL_PCDEx_SetRxFiFo  stm32f7xx_hal_pcd_ex.o
    0x08000c20   0x08000c20   0x00000046   Code   RO          943    i.HAL_PCDEx_SetTxFiFo  stm32f7xx_hal_pcd_ex.o
    0x08000c66   0x08000c66   0x00000008   Code   RO          256    i.HAL_PCD_ConnectCallback  usbd_conf.o
    0x08000c6e   0x08000c6e   0x00000012   Code   RO          257    i.HAL_PCD_DataInStageCallback  usbd_conf.o
    0x08000c80   0x08000c80   0x00000014   Code   RO          258    i.HAL_PCD_DataOutStageCallback  usbd_conf.o
    0x08000c94   0x08000c94   0x00000008   Code   RO          259    i.HAL_PCD_DisconnectCallback  usbd_conf.o
    0x08000c9c   0x08000c9c   0x0000004c   Code   RO          727    i.HAL_PCD_EP_Close  stm32f7xx_hal_pcd.o
    0x08000ce8   0x08000ce8   0x0000005c   Code   RO          728    i.HAL_PCD_EP_ClrStall  stm32f7xx_hal_pcd.o
    0x08000d44   0x08000d44   0x00000012   Code   RO          730    i.HAL_PCD_EP_GetRxCount  stm32f7xx_hal_pcd.o
    0x08000d56   0x08000d56   0x00000060   Code   RO          731    i.HAL_PCD_EP_Open   stm32f7xx_hal_pcd.o
    0x08000db6   0x08000db6   0x00000044   Code   RO          732    i.HAL_PCD_EP_Receive  stm32f7xx_hal_pcd.o
    0x08000dfa   0x08000dfa   0x00000074   Code   RO          733    i.HAL_PCD_EP_SetStall  stm32f7xx_hal_pcd.o
    0x08000e6e   0x08000e6e   0x00000044   Code   RO          734    i.HAL_PCD_EP_Transmit  stm32f7xx_hal_pcd.o
    0x08000eb2   0x08000eb2   0x00000002   PAD
    0x08000eb4   0x08000eb4   0x000004aa   Code   RO          736    i.HAL_PCD_IRQHandler  stm32f7xx_hal_pcd.o
    0x0800135e   0x0800135e   0x00000008   Code   RO          260    i.HAL_PCD_ISOINIncompleteCallback  usbd_conf.o
    0x08001366   0x08001366   0x00000008   Code   RO          261    i.HAL_PCD_ISOOUTIncompleteCallback  usbd_conf.o
    0x0800136e   0x0800136e   0x00000002   PAD
    0x08001370   0x08001370   0x000000ea   Code   RO          739    i.HAL_PCD_Init      stm32f7xx_hal_pcd.o
    0x0800145a   0x0800145a   0x00000002   PAD
    0x0800145c   0x0800145c   0x0000009c   Code   RO          263    i.HAL_PCD_MspInit   usbd_conf.o
    0x080014f8   0x080014f8   0x0000002c   Code   RO          264    i.HAL_PCD_ResetCallback  usbd_conf.o
    0x08001524   0x08001524   0x00000008   Code   RO          265    i.HAL_PCD_ResumeCallback  usbd_conf.o
    0x0800152c   0x0800152c   0x00000008   Code   RO          266    i.HAL_PCD_SOFCallback  usbd_conf.o
    0x08001534   0x08001534   0x00000028   Code   RO          745    i.HAL_PCD_SetAddress  stm32f7xx_hal_pcd.o
    0x0800155c   0x0800155c   0x0000000e   Code   RO          267    i.HAL_PCD_SetupStageCallback  usbd_conf.o
    0x0800156a   0x0800156a   0x0000002a   Code   RO          747    i.HAL_PCD_Start     stm32f7xx_hal_pcd.o
    0x08001594   0x08001594   0x00000030   Code   RO          268    i.HAL_PCD_SuspendCallback  usbd_conf.o
    0x080015c4   0x080015c4   0x0000006c   Code   RO         2536    i.HAL_PWREx_EnableOverDrive  stm32f7xx_hal_pwr_ex.o
    0x08001630   0x08001630   0x000004fc   Code   RO         1957    i.HAL_RCCEx_PeriphCLKConfig  stm32f7xx_hal_rcc_ex.o
    0x08001b2c   0x08001b2c   0x0000012c   Code   RO         1850    i.HAL_RCC_ClockConfig  stm32f7xx_hal_rcc.o
    0x08001c58   0x08001c58   0x0000000c   Code   RO         1855    i.HAL_RCC_GetHCLKFreq  stm32f7xx_hal_rcc.o
    0x08001c64   0x08001c64   0x00000020   Code   RO         1857    i.HAL_RCC_GetPCLK1Freq  stm32f7xx_hal_rcc.o
    0x08001c84   0x08001c84   0x00000020   Code   RO         1858    i.HAL_RCC_GetPCLK2Freq  stm32f7xx_hal_rcc.o
    0x08001ca4   0x08001ca4   0x00000060   Code   RO         1859    i.HAL_RCC_GetSysClockFreq  stm32f7xx_hal_rcc.o
    0x08001d04   0x08001d04   0x00000338   Code   RO         1862    i.HAL_RCC_OscConfig  stm32f7xx_hal_rcc.o
    0x0800203c   0x0800203c   0x00000026   Code   RO         1308    i.HAL_SYSTICK_Config  stm32f7xx_hal_cortex.o
    0x08002062   0x08002062   0x00000066   Code   RO         1489    i.HAL_UART_Init     stm32f7xx_hal_uart.o
    0x080020c8   0x080020c8   0x00000084   Code   RO          684    i.HAL_UART_MspInit  stm32f7xx_hal_msp.o
    0x0800214c   0x0800214c   0x000000b6   Code   RO         1497    i.HAL_UART_Transmit  stm32f7xx_hal_uart.o
    0x08002202   0x08002202   0x00000002   Code   RO          602    i.HardFault_Handler  stm32f7xx_it.o
    0x08002204   0x08002204   0x00000038   Code   RO          456    i.IntToUnicode      usbd_desc.o
    0x0800223c   0x0800223c   0x00000170   Code   RO           14    i.MX_GPIO_Init      main.o
    0x080023ac   0x080023ac   0x00000030   Code   RO           15    i.MX_USART2_UART_Init  main.o
    0x080023dc   0x080023dc   0x00000054   Code   RO          220    i.MX_USB_DEVICE_Init  usb_device.o
    0x08002430   0x08002430   0x00000002   Code   RO          603    i.MemManage_Handler  stm32f7xx_it.o
    0x08002432   0x08002432   0x00000002   Code   RO          604    i.NMI_Handler       stm32f7xx_it.o
    0x08002434   0x08002434   0x0000000c   Code   RO          605    i.OTG_FS_IRQHandler  stm32f7xx_it.o
    0x08002440   0x08002440   0x000000dc   Code   RO          750    i.PCD_EP_OutXfrComplete_int  stm32f7xx_hal_pcd.o
    0x0800251c   0x0800251c   0x000000a2   Code   RO          751    i.PCD_WriteEmptyTxFifo  stm32f7xx_hal_pcd.o
    0x080025be   0x080025be   0x00000002   Code   RO          606    i.PendSV_Handler    stm32f7xx_it.o
    0x080025c0   0x080025c0   0x00000002   Code   RO          607    i.SVC_Handler       stm32f7xx_it.o
    0x080025c2   0x080025c2   0x00000004   Code   RO          608    i.SysTick_Handler   stm32f7xx_it.o
    0x080025c6   0x080025c6   0x00000002   PAD
    0x080025c8   0x080025c8   0x000000a4   Code   RO           16    i.SystemClock_Config  main.o
    0x0800266c   0x0800266c   0x00000054   Code   RO         3380    i.SystemInit        system_stm32f7xx.o
    0x080026c0   0x080026c0   0x000000c8   Code   RO         1502    i.UART_AdvFeatureConfig  stm32f7xx_hal_uart.o
    0x08002788   0x08002788   0x0000003c   Code   RO         1503    i.UART_CheckIdleState  stm32f7xx_hal_uart.o
    0x080027c4   0x080027c4   0x00000254   Code   RO         1518    i.UART_SetConfig    stm32f7xx_hal_uart.o
    0x08002a18   0x08002a18   0x00000060   Code   RO         1521    i.UART_WaitOnFlagUntilTimeout  stm32f7xx_hal_uart.o
    0x08002a78   0x08002a78   0x0000004a   Code   RO         3680    i.USBD_CDC_DataIn   usbd_cdc.o
    0x08002ac2   0x08002ac2   0x0000002e   Code   RO         3681    i.USBD_CDC_DataOut  usbd_cdc.o
    0x08002af0   0x08002af0   0x00000044   Code   RO         3682    i.USBD_CDC_DeInit   usbd_cdc.o
    0x08002b34   0x08002b34   0x00000024   Code   RO         3683    i.USBD_CDC_EP0_RxReady  usbd_cdc.o
    0x08002b58   0x08002b58   0x0000000c   Code   RO         3684    i.USBD_CDC_GetDeviceQualifierDescriptor  usbd_cdc.o
    0x08002b64   0x08002b64   0x0000000c   Code   RO         3685    i.USBD_CDC_GetFSCfgDesc  usbd_cdc.o
    0x08002b70   0x08002b70   0x0000000c   Code   RO         3686    i.USBD_CDC_GetHSCfgDesc  usbd_cdc.o
    0x08002b7c   0x08002b7c   0x0000000c   Code   RO         3687    i.USBD_CDC_GetOtherSpeedCfgDesc  usbd_cdc.o
    0x08002b88   0x08002b88   0x00000094   Code   RO         3688    i.USBD_CDC_Init     usbd_cdc.o
    0x08002c1c   0x08002c1c   0x00000028   Code   RO         3689    i.USBD_CDC_ReceivePacket  usbd_cdc.o
    0x08002c44   0x08002c44   0x00000014   Code   RO         3690    i.USBD_CDC_RegisterInterface  usbd_cdc.o
    0x08002c58   0x08002c58   0x0000000c   Code   RO         3691    i.USBD_CDC_SetRxBuffer  usbd_cdc.o
    0x08002c64   0x08002c64   0x00000010   Code   RO         3692    i.USBD_CDC_SetTxBuffer  usbd_cdc.o
    0x08002c74   0x08002c74   0x000000ae   Code   RO         3693    i.USBD_CDC_Setup    usbd_cdc.o
    0x08002d22   0x08002d22   0x00000036   Code   RO         3694    i.USBD_CDC_TransmitPacket  usbd_cdc.o
    0x08002d58   0x08002d58   0x0000000e   Code   RO         3417    i.USBD_ClrClassConfig  usbd_core.o
    0x08002d66   0x08002d66   0x00000010   Code   RO         3620    i.USBD_CtlContinueRx  usbd_ioreq.o
    0x08002d76   0x08002d76   0x00000010   Code   RO         3621    i.USBD_CtlContinueSendData  usbd_ioreq.o
    0x08002d86   0x08002d86   0x00000016   Code   RO         3555    i.USBD_CtlError     usbd_ctlreq.o
    0x08002d9c   0x08002d9c   0x0000001e   Code   RO         3622    i.USBD_CtlPrepareRx  usbd_ioreq.o
    0x08002dba   0x08002dba   0x00000016   Code   RO         3623    i.USBD_CtlReceiveStatus  usbd_ioreq.o
    0x08002dd0   0x08002dd0   0x0000001a   Code   RO         3624    i.USBD_CtlSendData  usbd_ioreq.o
    0x08002dea   0x08002dea   0x00000016   Code   RO         3625    i.USBD_CtlSendStatus  usbd_ioreq.o
    0x08002e00   0x08002e00   0x00000020   Code   RO          457    i.USBD_FS_ConfigStrDescriptor  usbd_desc.o
    0x08002e20   0x08002e20   0x0000000c   Code   RO          458    i.USBD_FS_DeviceDescriptor  usbd_desc.o
    0x08002e2c   0x08002e2c   0x00000024   Code   RO          459    i.USBD_FS_InterfaceStrDescriptor  usbd_desc.o
    0x08002e50   0x08002e50   0x0000000c   Code   RO          460    i.USBD_FS_LangIDStrDescriptor  usbd_desc.o
    0x08002e5c   0x08002e5c   0x00000028   Code   RO          461    i.USBD_FS_ManufacturerStrDescriptor  usbd_desc.o
    0x08002e84   0x08002e84   0x0000002c   Code   RO          462    i.USBD_FS_ProductStrDescriptor  usbd_desc.o
    0x08002eb0   0x08002eb0   0x0000003c   Code   RO          463    i.USBD_FS_SerialStrDescriptor  usbd_desc.o
    0x08002eec   0x08002eec   0x0000000c   Code   RO          464    i.USBD_FS_USR_BOSDescriptor  usbd_desc.o
    0x08002ef8   0x08002ef8   0x000000fe   Code   RO         3556    i.USBD_GetDescriptor  usbd_ctlreq.o
    0x08002ff6   0x08002ff6   0x0000004a   Code   RO         3557    i.USBD_GetString    usbd_ctlreq.o
    0x08003040   0x08003040   0x00000018   Code   RO          269    i.USBD_Get_USB_Status  usbd_conf.o
    0x08003058   0x08003058   0x0000002a   Code   RO         3419    i.USBD_Init         usbd_core.o
    0x08003082   0x08003082   0x00000012   Code   RO          270    i.USBD_LL_ClearStallEP  usbd_conf.o
    0x08003094   0x08003094   0x00000012   Code   RO          271    i.USBD_LL_CloseEP   usbd_conf.o
    0x080030a6   0x080030a6   0x000000c2   Code   RO         3420    i.USBD_LL_DataInStage  usbd_core.o
    0x08003168   0x08003168   0x00000082   Code   RO         3421    i.USBD_LL_DataOutStage  usbd_core.o
    0x080031ea   0x080031ea   0x00000004   Code   RO         3422    i.USBD_LL_DevConnected  usbd_core.o
    0x080031ee   0x080031ee   0x00000016   Code   RO         3423    i.USBD_LL_DevDisconnected  usbd_core.o
    0x08003204   0x08003204   0x00000008   Code   RO          275    i.USBD_LL_GetRxDataSize  usbd_conf.o
    0x0800320c   0x0800320c   0x00000060   Code   RO          276    i.USBD_LL_Init      usbd_conf.o
    0x0800326c   0x0800326c   0x00000020   Code   RO          277    i.USBD_LL_IsStallEP  usbd_conf.o
    0x0800328c   0x0800328c   0x00000004   Code   RO         3424    i.USBD_LL_IsoINIncomplete  usbd_core.o
    0x08003290   0x08003290   0x00000004   Code   RO         3425    i.USBD_LL_IsoOUTIncomplete  usbd_core.o
    0x08003294   0x08003294   0x00000018   Code   RO          278    i.USBD_LL_OpenEP    usbd_conf.o
    0x080032ac   0x080032ac   0x00000012   Code   RO          279    i.USBD_LL_PrepareReceive  usbd_conf.o
    0x080032be   0x080032be   0x00000050   Code   RO         3426    i.USBD_LL_Reset     usbd_core.o
    0x0800330e   0x0800330e   0x0000000c   Code   RO         3427    i.USBD_LL_Resume    usbd_core.o
    0x0800331a   0x0800331a   0x00000018   Code   RO         3428    i.USBD_LL_SOF       usbd_core.o
    0x08003332   0x08003332   0x00000006   Code   RO         3429    i.USBD_LL_SetSpeed  usbd_core.o
    0x08003338   0x08003338   0x00000012   Code   RO          280    i.USBD_LL_SetUSBAddress  usbd_conf.o
    0x0800334a   0x0800334a   0x00000056   Code   RO         3430    i.USBD_LL_SetupStage  usbd_core.o
    0x080033a0   0x080033a0   0x00000012   Code   RO          281    i.USBD_LL_StallEP   usbd_conf.o
    0x080033b2   0x080033b2   0x00000012   Code   RO          282    i.USBD_LL_Start     usbd_conf.o
    0x080033c4   0x080033c4   0x00000012   Code   RO         3431    i.USBD_LL_Suspend   usbd_core.o
    0x080033d6   0x080033d6   0x00000012   Code   RO          284    i.USBD_LL_Transmit  usbd_conf.o
    0x080033e8   0x080033e8   0x00000028   Code   RO         3558    i.USBD_ParseSetupRequest  usbd_ctlreq.o
    0x08003410   0x08003410   0x00000012   Code   RO         3432    i.USBD_RegisterClass  usbd_core.o
    0x08003422   0x08003422   0x00000016   Code   RO         3434    i.USBD_SetClassConfig  usbd_core.o
    0x08003438   0x08003438   0x00000088   Code   RO         3559    i.USBD_SetConfig    usbd_ctlreq.o
    0x080034c0   0x080034c0   0x0000000a   Code   RO         3435    i.USBD_Start        usbd_core.o
    0x080034ca   0x080034ca   0x00000114   Code   RO         3560    i.USBD_StdDevReq    usbd_ctlreq.o
    0x080035de   0x080035de   0x00000150   Code   RO         3561    i.USBD_StdEPReq     usbd_ctlreq.o
    0x0800372e   0x0800372e   0x0000004e   Code   RO         3562    i.USBD_StdItfReq    usbd_ctlreq.o
    0x0800377c   0x0800377c   0x00000080   Code   RO          993    i.USB_ActivateEndpoint  stm32f7xx_ll_usb.o
    0x080037fc   0x080037fc   0x00000034   Code   RO          995    i.USB_ActivateSetup  stm32f7xx_ll_usb.o
    0x08003830   0x08003830   0x0000006c   Code   RO          997    i.USB_CoreInit      stm32f7xx_ll_usb.o
    0x0800389c   0x0800389c   0x00000038   Code   RO          998    i.USB_CoreReset     stm32f7xx_ll_usb.o
    0x080038d4   0x080038d4   0x00000080   Code   RO         1001    i.USB_DeactivateEndpoint  stm32f7xx_ll_usb.o
    0x08003954   0x08003954   0x00000018   Code   RO         1002    i.USB_DevConnect    stm32f7xx_ll_usb.o
    0x0800396c   0x0800396c   0x00000018   Code   RO         1003    i.USB_DevDisconnect  stm32f7xx_ll_usb.o
    0x08003984   0x08003984   0x00000194   Code   RO         1004    i.USB_DevInit       stm32f7xx_ll_usb.o
    0x08003b18   0x08003b18   0x0000000c   Code   RO         1005    i.USB_DisableGlobalInt  stm32f7xx_ll_usb.o
    0x08003b24   0x08003b24   0x00000110   Code   RO         1008    i.USB_EP0StartXfer  stm32f7xx_ll_usb.o
    0x08003c34   0x08003c34   0x00000058   Code   RO         1009    i.USB_EP0_OutStart  stm32f7xx_ll_usb.o
    0x08003c8c   0x08003c8c   0x00000058   Code   RO         1010    i.USB_EPClearStall  stm32f7xx_ll_usb.o
    0x08003ce4   0x08003ce4   0x00000058   Code   RO         1011    i.USB_EPSetStall    stm32f7xx_ll_usb.o
    0x08003d3c   0x08003d3c   0x000001c8   Code   RO         1012    i.USB_EPStartXfer   stm32f7xx_ll_usb.o
    0x08003f04   0x08003f04   0x0000000c   Code   RO         1013    i.USB_EnableGlobalInt  stm32f7xx_ll_usb.o
    0x08003f10   0x08003f10   0x00000020   Code   RO         1014    i.USB_FlushRxFifo   stm32f7xx_ll_usb.o
    0x08003f30   0x08003f30   0x00000024   Code   RO         1015    i.USB_FlushTxFifo   stm32f7xx_ll_usb.o
    0x08003f54   0x08003f54   0x0000001a   Code   RO         1017    i.USB_GetDevSpeed   stm32f7xx_ll_usb.o
    0x08003f6e   0x08003f6e   0x00000008   Code   RO         1019    i.USB_GetMode       stm32f7xx_ll_usb.o
    0x08003f76   0x08003f76   0x0000000e   Code   RO         1026    i.USB_ReadDevAllInEpInterrupt  stm32f7xx_ll_usb.o
    0x08003f84   0x08003f84   0x0000000e   Code   RO         1027    i.USB_ReadDevAllOutEpInterrupt  stm32f7xx_ll_usb.o
    0x08003f92   0x08003f92   0x00000024   Code   RO         1028    i.USB_ReadDevInEPInterrupt  stm32f7xx_ll_usb.o
    0x08003fb6   0x08003fb6   0x00000010   Code   RO         1029    i.USB_ReadDevOutEPInterrupt  stm32f7xx_ll_usb.o
    0x08003fc6   0x08003fc6   0x00000008   Code   RO         1030    i.USB_ReadInterrupts  stm32f7xx_ll_usb.o
    0x08003fce   0x08003fce   0x0000001c   Code   RO         1031    i.USB_ReadPacket    stm32f7xx_ll_usb.o
    0x08003fea   0x08003fea   0x0000002e   Code   RO         1033    i.USB_SetCurrentMode  stm32f7xx_ll_usb.o
    0x08004018   0x08004018   0x00000022   Code   RO         1034    i.USB_SetDevAddress  stm32f7xx_ll_usb.o
    0x0800403a   0x0800403a   0x00000002   PAD
    0x0800403c   0x0800403c   0x000000e8   Code   RO         1036    i.USB_SetTurnaroundTime  stm32f7xx_ll_usb.o
    0x08004124   0x08004124   0x00000024   Code   RO         1039    i.USB_WritePacket   stm32f7xx_ll_usb.o
    0x08004148   0x08004148   0x00000002   Code   RO          609    i.UsageFault_Handler  stm32f7xx_it.o
    0x0800414a   0x0800414a   0x00000002   PAD
    0x0800414c   0x0800414c   0x00000024   Code   RO         3803    i.__0vsprintf       mc_w.l(printfa.o)
    0x08004170   0x08004170   0x00000022   Code   RO         1310    i.__NVIC_SetPriority  stm32f7xx_hal_cortex.o
    0x08004192   0x08004192   0x0000000e   Code   RO         3898    i.__scatterload_copy  mc_w.l(handlers.o)
    0x080041a0   0x080041a0   0x00000002   Code   RO         3899    i.__scatterload_null  mc_w.l(handlers.o)
    0x080041a2   0x080041a2   0x0000000e   Code   RO         3900    i.__scatterload_zeroinit  mc_w.l(handlers.o)
    0x080041b0   0x080041b0   0x00000184   Code   RO         3804    i._fp_digits        mc_w.l(printfa.o)
    0x08004334   0x08004334   0x000006dc   Code   RO         3805    i._printf_core      mc_w.l(printfa.o)
    0x08004a10   0x08004a10   0x00000024   Code   RO         3806    i._printf_post_padding  mc_w.l(printfa.o)
    0x08004a34   0x08004a34   0x0000002e   Code   RO         3807    i._printf_pre_padding  mc_w.l(printfa.o)
    0x08004a62   0x08004a62   0x0000000a   Code   RO         3809    i._sputc            mc_w.l(printfa.o)
    0x08004a6c   0x08004a6c   0x00000050   Code   RO         3824    i.free              mc_w.l(malloc.o)
    0x08004abc   0x08004abc   0x00000084   Code   RO           17    i.main              main.o
    0x08004b40   0x08004b40   0x0000006c   Code   RO         3825    i.malloc            mc_w.l(malloc.o)
    0x08004bac   0x08004bac   0x00000012   Code   RO           18    i.my_printf         main.o
    0x08004bbe   0x08004bbe   0x00000002   PAD
    0x08004bc0   0x08004bc0   0x00000030   Code   RO           19    i.vprint            main.o
    0x08004bf0   0x08004bf0   0x00000010   Data   RO         3381    .constdata          system_stm32f7xx.o
    0x08004c00   0x08004c00   0x00000008   Data   RO         3382    .constdata          system_stm32f7xx.o
    0x08004c08   0x08004c08   0x00000020   Data   RO         3896    Region$$Table       anon$$obj.o


    Execution Region RW_IRAM1 (Exec base: 0x20000000, Load base: 0x08004c28, Size: 0x000028c0, Max: 0x00050000, ABSOLUTE, COMPRESSED[0x000000cc])

    Exec Addr    Load Addr    Size         Type   Attr      Idx    E Section Name        Object

    0x20000000   COMPRESSED   0x00000020   Data   RW          466    .data               usbd_desc.o
    0x20000020   COMPRESSED   0x0000003e   Data   RW          467    .data               usbd_desc.o
    0x2000005e   COMPRESSED   0x00000002   PAD
    0x20000060   COMPRESSED   0x00000010   Data   RW          554    .data               usbd_cdc_if.o
    0x20000070   COMPRESSED   0x0000000c   Data   RW         2651    .data               stm32f7xx_hal.o
    0x2000007c   COMPRESSED   0x00000004   Data   RW         3383    .data               system_stm32f7xx.o
    0x20000080   COMPRESSED   0x00000001   Data   RW         3563    .data               usbd_ctlreq.o
    0x20000081   COMPRESSED   0x00000003   PAD
    0x20000084   COMPRESSED   0x000000d7   Data   RW         3695    .data               usbd_cdc.o
    0x2000015b   COMPRESSED   0x00000001   PAD
    0x2000015c   COMPRESSED   0x00000038   Data   RW         3696    .data               usbd_cdc.o
    0x20000194   COMPRESSED   0x00000004   Data   RW         3875    .data               mc_w.l(mvars.o)
    0x20000198   COMPRESSED   0x00000004   Data   RW         3876    .data               mc_w.l(mvars.o)
    0x2000019c        -       0x00000280   Zero   RW           20    .bss                main.o
    0x2000041c        -       0x0000029c   Zero   RW          221    .bss                usb_device.o
    0x200006b8        -       0x00000404   Zero   RW          285    .bss                usbd_conf.o
    0x20000abc        -       0x00000200   Zero   RW          465    .bss                usbd_desc.o
    0x20000cbc        -       0x00001000   Zero   RW          553    .bss                usbd_cdc_if.o
    0x20001cbc   COMPRESSED   0x00000004   PAD
    0x20001cc0        -       0x00000400   Zero   RW            2    HEAP                startup_stm32f746xx.o
    0x200020c0        -       0x00000800   Zero   RW            1    STACK               startup_stm32f746xx.o


==============================================================================

Image component sizes


      Code (inc. data)   RO Data    RW Data    ZI Data      Debug   Object Name

       780         88          0          0        640     792467   main.o
        36          8        456          0       3072        836   startup_stm32f746xx.o
       150         24          0         12          0       9025   stm32f7xx_hal.o
       198         12          0          0          0      38975   stm32f7xx_hal_cortex.o
       482         54          0          0          0       2568   stm32f7xx_hal_gpio.o
       180         22          0          0          0       1565   stm32f7xx_hal_msp.o
      2426         16          0          0          0      13073   stm32f7xx_hal_pcd.o
       118          6          0          0          0       2492   stm32f7xx_hal_pcd_ex.o
       108          8          0          0          0       1264   stm32f7xx_hal_pwr_ex.o
      1296         70          0          0          0       5580   stm32f7xx_hal_rcc.o
      1276         16          0          0          0       2280   stm32f7xx_hal_rcc_ex.o
      1236         70          0          0          0       6197   stm32f7xx_hal_uart.o
        32          6          0          0          0       4538   stm32f7xx_it.o
      2506        138          0          0          0      22691   stm32f7xx_ll_usb.o
        84         16         24          4          0       1223   system_stm32f7xx.o
        84         18          0          0        668        784   usb_device.o
       736         16          0        271          0      13474   usbd_cdc.o
       112         22          0         16       4096       3300   usbd_cdc_if.o
       754         24          0          0       1028      15645   usbd_conf.o
       690          0          0          0          0      12257   usbd_core.o
      1216         22          0          1          0       8196   usbd_ctlreq.o
       304        110          0         94        512       6561   usbd_desc.o
       132          0          0          0          0       4524   usbd_ioreq.o

    ----------------------------------------------------------------------
     14958        766        512        404      10020     969515   Object Totals
         0          0         32          0          0          0   (incl. Generated)
        22          0          0          6          4          0   (incl. Padding)

    ----------------------------------------------------------------------

      Code (inc. data)   RO Data    RW Data    ZI Data      Debug   Library Member Name

        86          0          0          0          0          0   __dczerorl2.o
         0          0          0          0          0          0   entry.o
         0          0          0          0          0          0   entry10a.o
         0          0          0          0          0          0   entry11a.o
         8          4          0          0          0          0   entry2.o
         4          0          0          0          0          0   entry5.o
         0          0          0          0          0          0   entry7b.o
         0          0          0          0          0          0   entry8b.o
         8          4          0          0          0          0   entry9a.o
        30          0          0          0          0          0   handlers.o
        36          8          0          0          0         68   init.o
         0          0          0          0          0          0   iusefp.o
        30          0          0          0          0         68   llshl.o
        36          0          0          0          0         68   llsshr.o
        32          0          0          0          0         68   llushr.o
       188         20          0          0          0        160   malloc.o
        36          0          0          0          0         68   memcpya.o
        36          0          0          0          0        108   memseta.o
         0          0          0          8          0          0   mvars.o
      2272         86          0          0          0        516   printfa.o
        14          0          0          0          0         68   strlen.o
        44          0          0          0          0         80   uidiv.o
        98          0          0          0          0         92   uldiv.o
        48          0          0          0          0         68   cdrcmple.o
       334          0          0          0          0        148   dadd.o
       222          0          0          0          0        100   ddiv.o
       186          0          0          0          0        176   depilogue.o
        48          0          0          0          0         68   dfixul.o
       228          0          0          0          0         96   dmul.o

    ----------------------------------------------------------------------
      4026        122          0          8          0       2020   Library Totals
         2          0          0          0          0          0   (incl. Padding)

    ----------------------------------------------------------------------

      Code (inc. data)   RO Data    RW Data    ZI Data      Debug   Library Name

      2958        122          0          8          0       1364   mc_w.l
      1066          0          0          0          0        656   mf_w.l

    ----------------------------------------------------------------------
      4026        122          0          8          0       2020   Library Totals

    ----------------------------------------------------------------------

==============================================================================


      Code (inc. data)   RO Data    RW Data    ZI Data      Debug   

     18984        888        512        412      10020     953879   Grand Totals
     18984        888        512        204      10020     953879   ELF Image Totals (compressed)
     18984        888        512        204          0          0   ROM Totals

==============================================================================

    Total RO  Size (Code + RO Data)                19496 (  19.04kB)
    Total RW  Size (RW Data + ZI Data)             10432 (  10.19kB)
    Total ROM Size (Code + RO Data + RW Data)      19700 (  19.24kB)

==============================================================================

